[0.778s] Invoking command in '/home/keepitupp/project_ws/build/arena_battle': LD_LIBRARY_PATH=/home/keepitupp/project_ws/install/arena_battle_interfaces/lib:/home/keepitupp/project_ws/install/arena_battle/lib:/home/keepitupp/turtlebot3_ws/install/turtlebot3_msgs/lib:/home/keepitupp/turtlebot3_ws/install/dynamixel_sdk_custom_interfaces/lib:/home/keepitupp/turtlebot3_ws/install/dynamixel_sdk/lib:/usr/lib/x86_64-linux-gnu/gazebo-11/plugins:/opt/ros/humble/opt/rviz_ogre_vendor/lib:/opt/ros/humble/lib/x86_64-linux-gnu:/opt/ros/humble/lib PYTHONPATH=/home/keepitupp/project_ws/build/arena_battle/prefix_override:/usr/lib/python3/dist-packages/colcon_core/task/python/colcon_distutils_commands:/home/keepitupp/project_ws/install/arena_battle/lib/python3.10/site-packages:${PYTHONPATH} /usr/bin/python3 -W ignore:setup.py install is deprecated -W ignore:easy_install command is deprecated setup.py develop --editable --build-directory /home/keepitupp/project_ws/build/arena_battle/build --no-deps symlink_data --force
[0.950s] running develop
[1.042s] running egg_info
[1.042s] writing arena_battle.egg-info/PKG-INFO
[1.042s] writing dependency_links to arena_battle.egg-info/dependency_links.txt
[1.042s] writing entry points to arena_battle.egg-info/entry_points.txt
[1.043s] writing requirements to arena_battle.egg-info/requires.txt
[1.043s] writing top-level names to arena_battle.egg-info/top_level.txt
[1.046s] reading manifest file 'arena_battle.egg-info/SOURCES.txt'
[1.046s] writing manifest file 'arena_battle.egg-info/SOURCES.txt'
[1.047s] running build_ext
[1.048s] Creating /home/keepitupp/project_ws/install/arena_battle/lib/python3.10/site-packages/arena-battle.egg-link (link to .)
[1.048s] Installing game_logic script to /home/keepitupp/project_ws/install/arena_battle/lib/arena_battle
[1.048s] Installing keyboard_controller script to /home/keepitupp/project_ws/install/arena_battle/lib/arena_battle
[1.049s] 
[1.049s] Installed /home/keepitupp/project_ws/build/arena_battle
[1.049s] running symlink_data
[1.049s] symbolically linking /home/keepitupp/project_ws/build/arena_battle/resource/arena_battle -> /home/keepitupp/project_ws/install/arena_battle/share/ament_index/resource_index/packages
[1.050s] symbolically linking /home/keepitupp/project_ws/build/arena_battle/package.xml -> /home/keepitupp/project_ws/install/arena_battle/share/arena_battle
[1.050s] symbolically linking /home/keepitupp/project_ws/build/arena_battle/launch/battle.launch.py -> /home/keepitupp/project_ws/install/arena_battle/share/arena_battle/launch
[1.076s] Invoked command in '/home/keepitupp/project_ws/build/arena_battle' returned '0': LD_LIBRARY_PATH=/home/keepitupp/project_ws/install/arena_battle_interfaces/lib:/home/keepitupp/project_ws/install/arena_battle/lib:/home/keepitupp/turtlebot3_ws/install/turtlebot3_msgs/lib:/home/keepitupp/turtlebot3_ws/install/dynamixel_sdk_custom_interfaces/lib:/home/keepitupp/turtlebot3_ws/install/dynamixel_sdk/lib:/usr/lib/x86_64-linux-gnu/gazebo-11/plugins:/opt/ros/humble/opt/rviz_ogre_vendor/lib:/opt/ros/humble/lib/x86_64-linux-gnu:/opt/ros/humble/lib PYTHONPATH=/home/keepitupp/project_ws/build/arena_battle/prefix_override:/usr/lib/python3/dist-packages/colcon_core/task/python/colcon_distutils_commands:/home/keepitupp/project_ws/install/arena_battle/lib/python3.10/site-packages:${PYTHONPATH} /usr/bin/python3 -W ignore:setup.py install is deprecated -W ignore:easy_install command is deprecated setup.py develop --editable --build-directory /home/keepitupp/project_ws/build/arena_battle/build --no-deps symlink_data --force
