[0.759s] Invoking command in '/home/keepitupp/project_ws/src/arena_battle': AMENT_PREFIX_PATH=/home/keepitupp/project_ws/install/arena_battle_interfaces:${AMENT_PREFIX_PATH} CMAKE_PREFIX_PATH=/home/keepitupp/project_ws/install/arena_battle_interfaces:${CMAKE_PREFIX_PATH} LD_LIBRARY_PATH=/home/keepitupp/project_ws/install/arena_battle_interfaces/lib:/home/keepitupp/project_ws/install/arena_battle/lib:/home/keepitupp/turtlebot3_ws/install/turtlebot3_msgs/lib:/home/keepitupp/turtlebot3_ws/install/dynamixel_sdk_custom_interfaces/lib:/home/keepitupp/turtlebot3_ws/install/dynamixel_sdk/lib:/usr/lib/x86_64-linux-gnu/gazebo-11/plugins:/opt/ros/humble/opt/rviz_ogre_vendor/lib:/opt/ros/humble/lib/x86_64-linux-gnu:/opt/ros/humble/lib PYTHONPATH=/home/keepitupp/project_ws/build/arena_battle/prefix_override:/usr/lib/python3/dist-packages/colcon_core/task/python/colcon_distutils_commands:/home/keepitupp/project_ws/install/arena_battle/lib/python3.10/site-packages:${PYTHONPATH} /usr/bin/python3 -W ignore:setup.py install is deprecated -W ignore:easy_install command is deprecated setup.py egg_info --egg-base ../../build/arena_battle build --build-base /home/keepitupp/project_ws/build/arena_battle/build install --record /home/keepitupp/project_ws/build/arena_battle/install.log --single-version-externally-managed install_data
[0.913s] running egg_info
[0.913s] creating ../../build/arena_battle/arena_battle.egg-info
[0.914s] writing ../../build/arena_battle/arena_battle.egg-info/PKG-INFO
[0.914s] writing dependency_links to ../../build/arena_battle/arena_battle.egg-info/dependency_links.txt
[0.915s] writing entry points to ../../build/arena_battle/arena_battle.egg-info/entry_points.txt
[0.915s] writing requirements to ../../build/arena_battle/arena_battle.egg-info/requires.txt
[0.915s] writing top-level names to ../../build/arena_battle/arena_battle.egg-info/top_level.txt
[0.915s] writing manifest file '../../build/arena_battle/arena_battle.egg-info/SOURCES.txt'
[0.916s] reading manifest file '../../build/arena_battle/arena_battle.egg-info/SOURCES.txt'
[0.916s] writing manifest file '../../build/arena_battle/arena_battle.egg-info/SOURCES.txt'
[0.916s] running build
[0.916s] running build_py
[0.916s] creating /home/keepitupp/project_ws/build/arena_battle/build
[0.917s] creating /home/keepitupp/project_ws/build/arena_battle/build/lib
[0.917s] creating /home/keepitupp/project_ws/build/arena_battle/build/lib/arena_battle
[0.917s] copying arena_battle/keyboard_controller.py -> /home/keepitupp/project_ws/build/arena_battle/build/lib/arena_battle
[0.918s] copying arena_battle/__init__.py -> /home/keepitupp/project_ws/build/arena_battle/build/lib/arena_battle
[0.918s] copying arena_battle/game_logic.py -> /home/keepitupp/project_ws/build/arena_battle/build/lib/arena_battle
[0.918s] running install
[0.918s] running install_lib
[0.919s] creating /home/keepitupp/project_ws/install/arena_battle/lib/python3.10/site-packages/arena_battle
[0.919s] copying /home/keepitupp/project_ws/build/arena_battle/build/lib/arena_battle/keyboard_controller.py -> /home/keepitupp/project_ws/install/arena_battle/lib/python3.10/site-packages/arena_battle
[0.919s] copying /home/keepitupp/project_ws/build/arena_battle/build/lib/arena_battle/__init__.py -> /home/keepitupp/project_ws/install/arena_battle/lib/python3.10/site-packages/arena_battle
[0.919s] copying /home/keepitupp/project_ws/build/arena_battle/build/lib/arena_battle/game_logic.py -> /home/keepitupp/project_ws/install/arena_battle/lib/python3.10/site-packages/arena_battle
[0.920s] byte-compiling /home/keepitupp/project_ws/install/arena_battle/lib/python3.10/site-packages/arena_battle/keyboard_controller.py to keyboard_controller.cpython-310.pyc
[0.920s] byte-compiling /home/keepitupp/project_ws/install/arena_battle/lib/python3.10/site-packages/arena_battle/__init__.py to __init__.cpython-310.pyc
[0.921s] byte-compiling /home/keepitupp/project_ws/install/arena_battle/lib/python3.10/site-packages/arena_battle/game_logic.py to game_logic.cpython-310.pyc
[0.921s] running install_data
[0.921s] creating /home/keepitupp/project_ws/install/arena_battle/share/ament_index
[0.921s] creating /home/keepitupp/project_ws/install/arena_battle/share/ament_index/resource_index
[0.922s] creating /home/keepitupp/project_ws/install/arena_battle/share/ament_index/resource_index/packages
[0.922s] copying resource/arena_battle -> /home/keepitupp/project_ws/install/arena_battle/share/ament_index/resource_index/packages
[0.922s] copying package.xml -> /home/keepitupp/project_ws/install/arena_battle/share/arena_battle
[0.922s] creating /home/keepitupp/project_ws/install/arena_battle/share/arena_battle/launch
[0.923s] copying launch/battle.launch.py -> /home/keepitupp/project_ws/install/arena_battle/share/arena_battle/launch
[0.923s] running install_egg_info
[0.925s] Copying ../../build/arena_battle/arena_battle.egg-info to /home/keepitupp/project_ws/install/arena_battle/lib/python3.10/site-packages/arena_battle-0.0.0-py3.10.egg-info
[0.926s] running install_scripts
[0.940s] Installing game_logic script to /home/keepitupp/project_ws/install/arena_battle/lib/arena_battle
[0.941s] Installing keyboard_controller script to /home/keepitupp/project_ws/install/arena_battle/lib/arena_battle
[0.941s] writing list of installed files to '/home/keepitupp/project_ws/build/arena_battle/install.log'
[0.962s] Invoked command in '/home/keepitupp/project_ws/src/arena_battle' returned '0': AMENT_PREFIX_PATH=/home/keepitupp/project_ws/install/arena_battle_interfaces:${AMENT_PREFIX_PATH} CMAKE_PREFIX_PATH=/home/keepitupp/project_ws/install/arena_battle_interfaces:${CMAKE_PREFIX_PATH} LD_LIBRARY_PATH=/home/keepitupp/project_ws/install/arena_battle_interfaces/lib:/home/keepitupp/project_ws/install/arena_battle/lib:/home/keepitupp/turtlebot3_ws/install/turtlebot3_msgs/lib:/home/keepitupp/turtlebot3_ws/install/dynamixel_sdk_custom_interfaces/lib:/home/keepitupp/turtlebot3_ws/install/dynamixel_sdk/lib:/usr/lib/x86_64-linux-gnu/gazebo-11/plugins:/opt/ros/humble/opt/rviz_ogre_vendor/lib:/opt/ros/humble/lib/x86_64-linux-gnu:/opt/ros/humble/lib PYTHONPATH=/home/keepitupp/project_ws/build/arena_battle/prefix_override:/usr/lib/python3/dist-packages/colcon_core/task/python/colcon_distutils_commands:/home/keepitupp/project_ws/install/arena_battle/lib/python3.10/site-packages:${PYTHONPATH} /usr/bin/python3 -W ignore:setup.py install is deprecated -W ignore:easy_install command is deprecated setup.py egg_info --egg-base ../../build/arena_battle build --build-base /home/keepitupp/project_ws/build/arena_battle/build install --record /home/keepitupp/project_ws/build/arena_battle/install.log --single-version-externally-managed install_data
