[0.157s] DEBUG:colcon:Command line arguments: ['/usr/bin/colcon', 'build']
[0.157s] DEBUG:colcon:Parsed command line arguments: Namespace(log_base=None, log_level=None, verb_name='build', build_base='build', install_base='install', merge_install=False, symlink_install=False, test_result_base=None, continue_on_error=False, executor='parallel', parallel_workers=16, event_handlers=None, ignore_user_meta=False, metas=['./colcon.meta'], base_paths=['.'], packages_ignore=None, packages_ignore_regex=None, paths=None, packages_up_to=None, packages_up_to_regex=None, packages_above=None, packages_above_and_dependencies=None, packages_above_depth=None, packages_select_by_dep=None, packages_skip_by_dep=None, packages_skip_up_to=None, packages_select_build_failed=False, packages_skip_build_finished=False, packages_select_test_failures=False, packages_skip_test_passed=False, packages_select=None, packages_skip=None, packages_select_regex=None, packages_skip_regex=None, packages_start=None, packages_end=None, allow_overriding=[], cmake_args=None, cmake_target=None, cmake_target_skip_unavailable=False, cmake_clean_cache=False, cmake_clean_first=False, cmake_force_configure=False, ament_cmake_args=None, catkin_cmake_args=None, catkin_skip_building_tests=False, mixin_files=None, mixin=None, verb_parser=<colcon_mixin.mixin.mixin_argument.MixinArgumentDecorator object at 0x745994dcbc70>, verb_extension=<colcon_core.verb.build.BuildVerb object at 0x745994dcb700>, main=<bound method BuildVerb.main of <colcon_core.verb.build.BuildVerb object at 0x745994dcb700>>, mixin_verb=('build',))
[0.251s] Level 1:colcon.colcon_core.package_discovery:discover_packages(colcon_meta) check parameters
[0.251s] Level 1:colcon.colcon_core.package_discovery:discover_packages(recursive) check parameters
[0.251s] Level 1:colcon.colcon_core.package_discovery:discover_packages(ignore) check parameters
[0.251s] Level 1:colcon.colcon_core.package_discovery:discover_packages(path) check parameters
[0.251s] Level 1:colcon.colcon_core.package_discovery:discover_packages(colcon_meta) discover
[0.251s] Level 1:colcon.colcon_core.package_discovery:discover_packages(recursive) discover
[0.251s] INFO:colcon.colcon_core.package_discovery:Crawling recursively for packages in '/home/keepitupp/project_ws'
[0.251s] Level 1:colcon.colcon_core.package_identification:_identify(.) by extensions ['ignore', 'ignore_ament_install']
[0.251s] Level 1:colcon.colcon_core.package_identification:_identify(.) by extension 'ignore'
[0.251s] Level 1:colcon.colcon_core.package_identification:_identify(.) by extension 'ignore_ament_install'
[0.251s] Level 1:colcon.colcon_core.package_identification:_identify(.) by extensions ['colcon_pkg']
[0.251s] Level 1:colcon.colcon_core.package_identification:_identify(.) by extension 'colcon_pkg'
[0.251s] Level 1:colcon.colcon_core.package_identification:_identify(.) by extensions ['colcon_meta']
[0.251s] Level 1:colcon.colcon_core.package_identification:_identify(.) by extension 'colcon_meta'
[0.251s] Level 1:colcon.colcon_core.package_identification:_identify(.) by extensions ['ros']
[0.252s] Level 1:colcon.colcon_core.package_identification:_identify(.) by extension 'ros'
[0.258s] Level 1:colcon.colcon_core.package_identification:_identify(.) by extensions ['cmake', 'python']
[0.258s] Level 1:colcon.colcon_core.package_identification:_identify(.) by extension 'cmake'
[0.258s] Level 1:colcon.colcon_core.package_identification:_identify(.) by extension 'python'
[0.258s] Level 1:colcon.colcon_core.package_identification:_identify(.) by extensions ['python_setup_py']
[0.258s] Level 1:colcon.colcon_core.package_identification:_identify(.) by extension 'python_setup_py'
[0.258s] Level 1:colcon.colcon_core.package_identification:_identify(build) by extensions ['ignore', 'ignore_ament_install']
[0.258s] Level 1:colcon.colcon_core.package_identification:_identify(build) by extension 'ignore'
[0.258s] Level 1:colcon.colcon_core.package_identification:_identify(build) ignored
[0.258s] Level 1:colcon.colcon_core.package_identification:_identify(install) by extensions ['ignore', 'ignore_ament_install']
[0.258s] Level 1:colcon.colcon_core.package_identification:_identify(install) by extension 'ignore'
[0.258s] Level 1:colcon.colcon_core.package_identification:_identify(install) ignored
[0.258s] Level 1:colcon.colcon_core.package_identification:_identify(log) by extensions ['ignore', 'ignore_ament_install']
[0.258s] Level 1:colcon.colcon_core.package_identification:_identify(log) by extension 'ignore'
[0.258s] Level 1:colcon.colcon_core.package_identification:_identify(log) ignored
[0.258s] Level 1:colcon.colcon_core.package_identification:_identify(src) by extensions ['ignore', 'ignore_ament_install']
[0.258s] Level 1:colcon.colcon_core.package_identification:_identify(src) by extension 'ignore'
[0.258s] Level 1:colcon.colcon_core.package_identification:_identify(src) by extension 'ignore_ament_install'
[0.258s] Level 1:colcon.colcon_core.package_identification:_identify(src) by extensions ['colcon_pkg']
[0.258s] Level 1:colcon.colcon_core.package_identification:_identify(src) by extension 'colcon_pkg'
[0.258s] Level 1:colcon.colcon_core.package_identification:_identify(src) by extensions ['colcon_meta']
[0.258s] Level 1:colcon.colcon_core.package_identification:_identify(src) by extension 'colcon_meta'
[0.258s] Level 1:colcon.colcon_core.package_identification:_identify(src) by extensions ['ros']
[0.258s] Level 1:colcon.colcon_core.package_identification:_identify(src) by extension 'ros'
[0.259s] Level 1:colcon.colcon_core.package_identification:_identify(src) by extensions ['cmake', 'python']
[0.259s] Level 1:colcon.colcon_core.package_identification:_identify(src) by extension 'cmake'
[0.259s] Level 1:colcon.colcon_core.package_identification:_identify(src) by extension 'python'
[0.259s] Level 1:colcon.colcon_core.package_identification:_identify(src) by extensions ['python_setup_py']
[0.259s] Level 1:colcon.colcon_core.package_identification:_identify(src) by extension 'python_setup_py'
[0.259s] Level 1:colcon.colcon_core.package_identification:_identify(src/arena_battle) by extensions ['ignore', 'ignore_ament_install']
[0.259s] Level 1:colcon.colcon_core.package_identification:_identify(src/arena_battle) by extension 'ignore'
[0.259s] Level 1:colcon.colcon_core.package_identification:_identify(src/arena_battle) by extension 'ignore_ament_install'
[0.259s] Level 1:colcon.colcon_core.package_identification:_identify(src/arena_battle) by extensions ['colcon_pkg']
[0.259s] Level 1:colcon.colcon_core.package_identification:_identify(src/arena_battle) by extension 'colcon_pkg'
[0.259s] Level 1:colcon.colcon_core.package_identification:_identify(src/arena_battle) by extensions ['colcon_meta']
[0.259s] Level 1:colcon.colcon_core.package_identification:_identify(src/arena_battle) by extension 'colcon_meta'
[0.259s] Level 1:colcon.colcon_core.package_identification:_identify(src/arena_battle) by extensions ['ros']
[0.259s] Level 1:colcon.colcon_core.package_identification:_identify(src/arena_battle) by extension 'ros'
[0.260s] DEBUG:colcon.colcon_core.package_identification:Package 'src/arena_battle' with type 'ros.ament_python' and name 'arena_battle'
[0.260s] Level 1:colcon.colcon_core.package_identification:_identify(src/arena_battle_interfaces) by extensions ['ignore', 'ignore_ament_install']
[0.260s] Level 1:colcon.colcon_core.package_identification:_identify(src/arena_battle_interfaces) by extension 'ignore'
[0.261s] Level 1:colcon.colcon_core.package_identification:_identify(src/arena_battle_interfaces) by extension 'ignore_ament_install'
[0.261s] Level 1:colcon.colcon_core.package_identification:_identify(src/arena_battle_interfaces) by extensions ['colcon_pkg']
[0.261s] Level 1:colcon.colcon_core.package_identification:_identify(src/arena_battle_interfaces) by extension 'colcon_pkg'
[0.261s] Level 1:colcon.colcon_core.package_identification:_identify(src/arena_battle_interfaces) by extensions ['colcon_meta']
[0.261s] Level 1:colcon.colcon_core.package_identification:_identify(src/arena_battle_interfaces) by extension 'colcon_meta'
[0.261s] Level 1:colcon.colcon_core.package_identification:_identify(src/arena_battle_interfaces) by extensions ['ros']
[0.261s] Level 1:colcon.colcon_core.package_identification:_identify(src/arena_battle_interfaces) by extension 'ros'
[0.261s] DEBUG:colcon.colcon_core.package_identification:Package 'src/arena_battle_interfaces' with type 'ros.ament_cmake' and name 'arena_battle_interfaces'
[0.261s] Level 1:colcon.colcon_core.package_discovery:discover_packages(recursive) using defaults
[0.261s] Level 1:colcon.colcon_core.package_discovery:discover_packages(ignore) discover
[0.261s] Level 1:colcon.colcon_core.package_discovery:discover_packages(ignore) using defaults
[0.261s] Level 1:colcon.colcon_core.package_discovery:discover_packages(path) discover
[0.261s] Level 1:colcon.colcon_core.package_discovery:discover_packages(path) using defaults
[0.283s] Level 1:colcon.colcon_core.package_discovery:discover_packages(prefix_path) check parameters
[0.283s] Level 1:colcon.colcon_core.package_discovery:discover_packages(prefix_path) discover
[0.283s] WARNING:colcon.colcon_ros.prefix_path.ament:The path '/home/keepitupp/project_ws/install/arena_battle' in the environment variable AMENT_PREFIX_PATH doesn't exist
[0.284s] WARNING:colcon.colcon_ros.prefix_path.catkin:The path '/home/keepitupp/project_ws/install/arena_battle' in the environment variable CMAKE_PREFIX_PATH doesn't exist
[0.284s] DEBUG:colcon.colcon_installed_package_information.package_discovery:Found 0 installed packages in /home/keepitupp/project_ws/install
[0.286s] DEBUG:colcon.colcon_installed_package_information.package_discovery:Found 12 installed packages in /home/keepitupp/turtlebot3_ws/install
[0.287s] DEBUG:colcon.colcon_installed_package_information.package_discovery:Found 3 installed packages in /home/keepitupp/dev_ws/install
[0.287s] DEBUG:colcon.colcon_installed_package_information.package_discovery:Found 0 installed packages in /home/keepitupp/ros2_ws/install
[0.288s] DEBUG:colcon.colcon_installed_package_information.package_discovery:Found 284 installed packages in /opt/ros/humble
[0.289s] Level 1:colcon.colcon_core.package_discovery:discover_packages(prefix_path) using defaults
[0.311s] Level 5:colcon.colcon_core.verb:set package 'arena_battle_interfaces' build argument 'cmake_args' from command line to 'None'
[0.311s] Level 5:colcon.colcon_core.verb:set package 'arena_battle_interfaces' build argument 'cmake_target' from command line to 'None'
[0.311s] Level 5:colcon.colcon_core.verb:set package 'arena_battle_interfaces' build argument 'cmake_target_skip_unavailable' from command line to 'False'
[0.311s] Level 5:colcon.colcon_core.verb:set package 'arena_battle_interfaces' build argument 'cmake_clean_cache' from command line to 'False'
[0.311s] Level 5:colcon.colcon_core.verb:set package 'arena_battle_interfaces' build argument 'cmake_clean_first' from command line to 'False'
[0.311s] Level 5:colcon.colcon_core.verb:set package 'arena_battle_interfaces' build argument 'cmake_force_configure' from command line to 'False'
[0.311s] Level 5:colcon.colcon_core.verb:set package 'arena_battle_interfaces' build argument 'ament_cmake_args' from command line to 'None'
[0.311s] Level 5:colcon.colcon_core.verb:set package 'arena_battle_interfaces' build argument 'catkin_cmake_args' from command line to 'None'
[0.311s] Level 5:colcon.colcon_core.verb:set package 'arena_battle_interfaces' build argument 'catkin_skip_building_tests' from command line to 'False'
[0.311s] DEBUG:colcon.colcon_core.verb:Building package 'arena_battle_interfaces' with the following arguments: {'ament_cmake_args': None, 'build_base': '/home/keepitupp/project_ws/build/arena_battle_interfaces', 'catkin_cmake_args': None, 'catkin_skip_building_tests': False, 'cmake_args': None, 'cmake_clean_cache': False, 'cmake_clean_first': False, 'cmake_force_configure': False, 'cmake_target': None, 'cmake_target_skip_unavailable': False, 'install_base': '/home/keepitupp/project_ws/install/arena_battle_interfaces', 'merge_install': False, 'path': '/home/keepitupp/project_ws/src/arena_battle_interfaces', 'symlink_install': False, 'test_result_base': None}
[0.311s] Level 5:colcon.colcon_core.verb:set package 'arena_battle' build argument 'cmake_args' from command line to 'None'
[0.311s] Level 5:colcon.colcon_core.verb:set package 'arena_battle' build argument 'cmake_target' from command line to 'None'
[0.312s] Level 5:colcon.colcon_core.verb:set package 'arena_battle' build argument 'cmake_target_skip_unavailable' from command line to 'False'
[0.312s] Level 5:colcon.colcon_core.verb:set package 'arena_battle' build argument 'cmake_clean_cache' from command line to 'False'
[0.312s] Level 5:colcon.colcon_core.verb:set package 'arena_battle' build argument 'cmake_clean_first' from command line to 'False'
[0.312s] Level 5:colcon.colcon_core.verb:set package 'arena_battle' build argument 'cmake_force_configure' from command line to 'False'
[0.312s] Level 5:colcon.colcon_core.verb:set package 'arena_battle' build argument 'ament_cmake_args' from command line to 'None'
[0.312s] Level 5:colcon.colcon_core.verb:set package 'arena_battle' build argument 'catkin_cmake_args' from command line to 'None'
[0.312s] Level 5:colcon.colcon_core.verb:set package 'arena_battle' build argument 'catkin_skip_building_tests' from command line to 'False'
[0.312s] DEBUG:colcon.colcon_core.verb:Building package 'arena_battle' with the following arguments: {'ament_cmake_args': None, 'build_base': '/home/keepitupp/project_ws/build/arena_battle', 'catkin_cmake_args': None, 'catkin_skip_building_tests': False, 'cmake_args': None, 'cmake_clean_cache': False, 'cmake_clean_first': False, 'cmake_force_configure': False, 'cmake_target': None, 'cmake_target_skip_unavailable': False, 'install_base': '/home/keepitupp/project_ws/install/arena_battle', 'merge_install': False, 'path': '/home/keepitupp/project_ws/src/arena_battle', 'symlink_install': False, 'test_result_base': None}
[0.312s] INFO:colcon.colcon_core.executor:Executing jobs using 'parallel' executor
[0.313s] DEBUG:colcon.colcon_parallel_executor.executor.parallel:run_until_complete
[0.313s] INFO:colcon.colcon_ros.task.ament_cmake.build:Building ROS package in '/home/keepitupp/project_ws/src/arena_battle_interfaces' with build type 'ament_cmake'
[0.313s] INFO:colcon.colcon_cmake.task.cmake.build:Building CMake package in '/home/keepitupp/project_ws/src/arena_battle_interfaces'
[0.315s] INFO:colcon.colcon_core.plugin_system:Skipping extension 'colcon_core.shell.bat': Not used on non-Windows systems
[0.315s] INFO:colcon.colcon_core.shell:Skip shell extension 'powershell' for command environment: Not usable outside of PowerShell
[0.315s] DEBUG:colcon.colcon_core.shell:Skip shell extension 'dsv' for command environment
[0.326s] DEBUG:colcon.colcon_core.event_handler.log_command:Invoking command in '/home/keepitupp/project_ws/build/arena_battle_interfaces': CMAKE_PREFIX_PATH=${CMAKE_PREFIX_PATH}:/home/keepitupp/turtlebot3_ws/install/turtlebot3_teleop:/home/keepitupp/turtlebot3_ws/install/turtlebot3_example:/home/keepitupp/dev_ws/install/my_package_py:/opt/ros/humble /usr/bin/cmake /home/keepitupp/project_ws/src/arena_battle_interfaces -DCMAKE_INSTALL_PREFIX=/home/keepitupp/project_ws/install/arena_battle_interfaces
[1.586s] DEBUG:colcon.colcon_core.event_handler.log_command:Invoked command in '/home/keepitupp/project_ws/build/arena_battle_interfaces' returned '0': CMAKE_PREFIX_PATH=${CMAKE_PREFIX_PATH}:/home/keepitupp/turtlebot3_ws/install/turtlebot3_teleop:/home/keepitupp/turtlebot3_ws/install/turtlebot3_example:/home/keepitupp/dev_ws/install/my_package_py:/opt/ros/humble /usr/bin/cmake /home/keepitupp/project_ws/src/arena_battle_interfaces -DCMAKE_INSTALL_PREFIX=/home/keepitupp/project_ws/install/arena_battle_interfaces
[1.589s] DEBUG:colcon.colcon_core.event_handler.log_command:Invoking command in '/home/keepitupp/project_ws/build/arena_battle_interfaces': CMAKE_PREFIX_PATH=${CMAKE_PREFIX_PATH}:/home/keepitupp/turtlebot3_ws/install/turtlebot3_teleop:/home/keepitupp/turtlebot3_ws/install/turtlebot3_example:/home/keepitupp/dev_ws/install/my_package_py:/opt/ros/humble /usr/bin/cmake --build /home/keepitupp/project_ws/build/arena_battle_interfaces -- -j16 -l16
[3.729s] DEBUG:colcon.colcon_core.event_handler.log_command:Invoked command in '/home/keepitupp/project_ws/build/arena_battle_interfaces' returned '0': CMAKE_PREFIX_PATH=${CMAKE_PREFIX_PATH}:/home/keepitupp/turtlebot3_ws/install/turtlebot3_teleop:/home/keepitupp/turtlebot3_ws/install/turtlebot3_example:/home/keepitupp/dev_ws/install/my_package_py:/opt/ros/humble /usr/bin/cmake --build /home/keepitupp/project_ws/build/arena_battle_interfaces -- -j16 -l16
[3.747s] DEBUG:colcon.colcon_core.event_handler.log_command:Invoking command in '/home/keepitupp/project_ws/build/arena_battle_interfaces': CMAKE_PREFIX_PATH=${CMAKE_PREFIX_PATH}:/home/keepitupp/turtlebot3_ws/install/turtlebot3_teleop:/home/keepitupp/turtlebot3_ws/install/turtlebot3_example:/home/keepitupp/dev_ws/install/my_package_py:/opt/ros/humble /usr/bin/cmake --install /home/keepitupp/project_ws/build/arena_battle_interfaces
[3.826s] Level 1:colcon.colcon_core.environment:create_environment_scripts_only(arena_battle_interfaces)
[3.826s] DEBUG:colcon.colcon_core.event_handler.log_command:Invoked command in '/home/keepitupp/project_ws/build/arena_battle_interfaces' returned '0': CMAKE_PREFIX_PATH=${CMAKE_PREFIX_PATH}:/home/keepitupp/turtlebot3_ws/install/turtlebot3_teleop:/home/keepitupp/turtlebot3_ws/install/turtlebot3_example:/home/keepitupp/dev_ws/install/my_package_py:/opt/ros/humble /usr/bin/cmake --install /home/keepitupp/project_ws/build/arena_battle_interfaces
[3.828s] Level 1:colcon.colcon_core.environment:checking '/home/keepitupp/project_ws/install/arena_battle_interfaces' for CMake module files
[3.829s] Level 1:colcon.colcon_core.environment:checking '/home/keepitupp/project_ws/install/arena_battle_interfaces' for CMake config files
[3.829s] Level 1:colcon.colcon_core.shell:create_environment_hook('arena_battle_interfaces', 'cmake_prefix_path')
[3.829s] INFO:colcon.colcon_core.shell:Creating environment hook '/home/keepitupp/project_ws/install/arena_battle_interfaces/share/arena_battle_interfaces/hook/cmake_prefix_path.ps1'
[3.830s] INFO:colcon.colcon_core.shell:Creating environment descriptor '/home/keepitupp/project_ws/install/arena_battle_interfaces/share/arena_battle_interfaces/hook/cmake_prefix_path.dsv'
[3.831s] INFO:colcon.colcon_core.shell:Creating environment hook '/home/keepitupp/project_ws/install/arena_battle_interfaces/share/arena_battle_interfaces/hook/cmake_prefix_path.sh'
[3.833s] Level 1:colcon.colcon_core.environment:checking '/home/keepitupp/project_ws/install/arena_battle_interfaces/lib'
[3.833s] Level 1:colcon.colcon_core.shell:create_environment_hook('arena_battle_interfaces', 'ld_library_path_lib')
[3.833s] INFO:colcon.colcon_core.shell:Creating environment hook '/home/keepitupp/project_ws/install/arena_battle_interfaces/share/arena_battle_interfaces/hook/ld_library_path_lib.ps1'
[3.834s] INFO:colcon.colcon_core.shell:Creating environment descriptor '/home/keepitupp/project_ws/install/arena_battle_interfaces/share/arena_battle_interfaces/hook/ld_library_path_lib.dsv'
[3.834s] INFO:colcon.colcon_core.shell:Creating environment hook '/home/keepitupp/project_ws/install/arena_battle_interfaces/share/arena_battle_interfaces/hook/ld_library_path_lib.sh'
[3.834s] Level 1:colcon.colcon_core.environment:checking '/home/keepitupp/project_ws/install/arena_battle_interfaces/bin'
[3.834s] Level 1:colcon.colcon_core.environment:checking '/home/keepitupp/project_ws/install/arena_battle_interfaces/lib/pkgconfig/arena_battle_interfaces.pc'
[3.834s] Level 1:colcon.colcon_core.environment:checking '/home/keepitupp/project_ws/install/arena_battle_interfaces/lib/python3.10/site-packages'
[3.835s] Level 1:colcon.colcon_core.environment:checking '/home/keepitupp/project_ws/install/arena_battle_interfaces/bin'
[3.835s] INFO:colcon.colcon_core.shell:Creating package script '/home/keepitupp/project_ws/install/arena_battle_interfaces/share/arena_battle_interfaces/package.ps1'
[3.835s] INFO:colcon.colcon_core.shell:Creating package descriptor '/home/keepitupp/project_ws/install/arena_battle_interfaces/share/arena_battle_interfaces/package.dsv'
[3.836s] INFO:colcon.colcon_core.shell:Creating package script '/home/keepitupp/project_ws/install/arena_battle_interfaces/share/arena_battle_interfaces/package.sh'
[3.836s] INFO:colcon.colcon_core.shell:Creating package script '/home/keepitupp/project_ws/install/arena_battle_interfaces/share/arena_battle_interfaces/package.bash'
[3.837s] INFO:colcon.colcon_core.shell:Creating package script '/home/keepitupp/project_ws/install/arena_battle_interfaces/share/arena_battle_interfaces/package.zsh'
[3.837s] Level 1:colcon.colcon_core.environment:create_file_with_runtime_dependencies(/home/keepitupp/project_ws/install/arena_battle_interfaces/share/colcon-core/packages/arena_battle_interfaces)
[3.839s] Level 1:colcon.colcon_core.environment:create_environment_scripts_only(arena_battle_interfaces)
[3.839s] Level 1:colcon.colcon_core.environment:checking '/home/keepitupp/project_ws/install/arena_battle_interfaces' for CMake module files
[3.840s] Level 1:colcon.colcon_core.environment:checking '/home/keepitupp/project_ws/install/arena_battle_interfaces' for CMake config files
[3.840s] Level 1:colcon.colcon_core.shell:create_environment_hook('arena_battle_interfaces', 'cmake_prefix_path')
[3.840s] INFO:colcon.colcon_core.shell:Creating environment hook '/home/keepitupp/project_ws/install/arena_battle_interfaces/share/arena_battle_interfaces/hook/cmake_prefix_path.ps1'
[3.841s] INFO:colcon.colcon_core.shell:Creating environment descriptor '/home/keepitupp/project_ws/install/arena_battle_interfaces/share/arena_battle_interfaces/hook/cmake_prefix_path.dsv'
[3.841s] INFO:colcon.colcon_core.shell:Creating environment hook '/home/keepitupp/project_ws/install/arena_battle_interfaces/share/arena_battle_interfaces/hook/cmake_prefix_path.sh'
[3.841s] Level 1:colcon.colcon_core.environment:checking '/home/keepitupp/project_ws/install/arena_battle_interfaces/lib'
[3.841s] Level 1:colcon.colcon_core.shell:create_environment_hook('arena_battle_interfaces', 'ld_library_path_lib')
[3.841s] INFO:colcon.colcon_core.shell:Creating environment hook '/home/keepitupp/project_ws/install/arena_battle_interfaces/share/arena_battle_interfaces/hook/ld_library_path_lib.ps1'
[3.842s] INFO:colcon.colcon_core.shell:Creating environment descriptor '/home/keepitupp/project_ws/install/arena_battle_interfaces/share/arena_battle_interfaces/hook/ld_library_path_lib.dsv'
[3.842s] INFO:colcon.colcon_core.shell:Creating environment hook '/home/keepitupp/project_ws/install/arena_battle_interfaces/share/arena_battle_interfaces/hook/ld_library_path_lib.sh'
[3.842s] Level 1:colcon.colcon_core.environment:checking '/home/keepitupp/project_ws/install/arena_battle_interfaces/bin'
[3.842s] Level 1:colcon.colcon_core.environment:checking '/home/keepitupp/project_ws/install/arena_battle_interfaces/lib/pkgconfig/arena_battle_interfaces.pc'
[3.843s] Level 1:colcon.colcon_core.environment:checking '/home/keepitupp/project_ws/install/arena_battle_interfaces/lib/python3.10/site-packages'
[3.843s] Level 1:colcon.colcon_core.environment:checking '/home/keepitupp/project_ws/install/arena_battle_interfaces/bin'
[3.843s] INFO:colcon.colcon_core.shell:Creating package script '/home/keepitupp/project_ws/install/arena_battle_interfaces/share/arena_battle_interfaces/package.ps1'
[3.843s] INFO:colcon.colcon_core.shell:Creating package descriptor '/home/keepitupp/project_ws/install/arena_battle_interfaces/share/arena_battle_interfaces/package.dsv'
[3.844s] INFO:colcon.colcon_core.shell:Creating package script '/home/keepitupp/project_ws/install/arena_battle_interfaces/share/arena_battle_interfaces/package.sh'
[3.844s] INFO:colcon.colcon_core.shell:Creating package script '/home/keepitupp/project_ws/install/arena_battle_interfaces/share/arena_battle_interfaces/package.bash'
[3.844s] INFO:colcon.colcon_core.shell:Creating package script '/home/keepitupp/project_ws/install/arena_battle_interfaces/share/arena_battle_interfaces/package.zsh'
[3.845s] Level 1:colcon.colcon_core.environment:create_file_with_runtime_dependencies(/home/keepitupp/project_ws/install/arena_battle_interfaces/share/colcon-core/packages/arena_battle_interfaces)
[3.845s] INFO:colcon.colcon_ros.task.ament_python.build:Building ROS package in '/home/keepitupp/project_ws/src/arena_battle' with build type 'ament_python'
[3.846s] Level 1:colcon.colcon_core.shell:create_environment_hook('arena_battle', 'ament_prefix_path')
[3.846s] INFO:colcon.colcon_core.shell:Creating environment hook '/home/keepitupp/project_ws/install/arena_battle/share/arena_battle/hook/ament_prefix_path.ps1'
[3.849s] INFO:colcon.colcon_core.shell:Creating environment descriptor '/home/keepitupp/project_ws/install/arena_battle/share/arena_battle/hook/ament_prefix_path.dsv'
[3.849s] INFO:colcon.colcon_core.shell:Creating environment hook '/home/keepitupp/project_ws/install/arena_battle/share/arena_battle/hook/ament_prefix_path.sh'
[3.850s] INFO:colcon.colcon_core.shell:Skip shell extension 'powershell' for command environment: Not usable outside of PowerShell
[3.850s] DEBUG:colcon.colcon_core.shell:Skip shell extension 'dsv' for command environment
[4.192s] INFO:colcon.colcon_core.task.python.build:Building Python package in '/home/keepitupp/project_ws/src/arena_battle'
[4.193s] INFO:colcon.colcon_core.shell:Skip shell extension 'powershell' for command environment: Not usable outside of PowerShell
[4.193s] DEBUG:colcon.colcon_core.shell:Skip shell extension 'dsv' for command environment
[4.606s] DEBUG:colcon.colcon_core.event_handler.log_command:Invoking command in '/home/keepitupp/project_ws/src/arena_battle': AMENT_PREFIX_PATH=/home/keepitupp/project_ws/install/arena_battle_interfaces:${AMENT_PREFIX_PATH} CMAKE_PREFIX_PATH=/home/keepitupp/project_ws/install/arena_battle_interfaces:${CMAKE_PREFIX_PATH} LD_LIBRARY_PATH=/home/keepitupp/project_ws/install/arena_battle_interfaces/lib:/home/keepitupp/project_ws/install/arena_battle/lib:/home/keepitupp/turtlebot3_ws/install/turtlebot3_msgs/lib:/home/keepitupp/turtlebot3_ws/install/dynamixel_sdk_custom_interfaces/lib:/home/keepitupp/turtlebot3_ws/install/dynamixel_sdk/lib:/usr/lib/x86_64-linux-gnu/gazebo-11/plugins:/opt/ros/humble/opt/rviz_ogre_vendor/lib:/opt/ros/humble/lib/x86_64-linux-gnu:/opt/ros/humble/lib PYTHONPATH=/home/keepitupp/project_ws/build/arena_battle/prefix_override:/usr/lib/python3/dist-packages/colcon_core/task/python/colcon_distutils_commands:/home/keepitupp/project_ws/install/arena_battle/lib/python3.10/site-packages:${PYTHONPATH} /usr/bin/python3 -W ignore:setup.py install is deprecated -W ignore:easy_install command is deprecated setup.py egg_info --egg-base ../../build/arena_battle build --build-base /home/keepitupp/project_ws/build/arena_battle/build install --record /home/keepitupp/project_ws/build/arena_battle/install.log --single-version-externally-managed install_data
[4.808s] Level 1:colcon.colcon_core.environment:checking '/home/keepitupp/project_ws/install/arena_battle' for CMake module files
[4.809s] DEBUG:colcon.colcon_core.event_handler.log_command:Invoked command in '/home/keepitupp/project_ws/src/arena_battle' returned '0': AMENT_PREFIX_PATH=/home/keepitupp/project_ws/install/arena_battle_interfaces:${AMENT_PREFIX_PATH} CMAKE_PREFIX_PATH=/home/keepitupp/project_ws/install/arena_battle_interfaces:${CMAKE_PREFIX_PATH} LD_LIBRARY_PATH=/home/keepitupp/project_ws/install/arena_battle_interfaces/lib:/home/keepitupp/project_ws/install/arena_battle/lib:/home/keepitupp/turtlebot3_ws/install/turtlebot3_msgs/lib:/home/keepitupp/turtlebot3_ws/install/dynamixel_sdk_custom_interfaces/lib:/home/keepitupp/turtlebot3_ws/install/dynamixel_sdk/lib:/usr/lib/x86_64-linux-gnu/gazebo-11/plugins:/opt/ros/humble/opt/rviz_ogre_vendor/lib:/opt/ros/humble/lib/x86_64-linux-gnu:/opt/ros/humble/lib PYTHONPATH=/home/keepitupp/project_ws/build/arena_battle/prefix_override:/usr/lib/python3/dist-packages/colcon_core/task/python/colcon_distutils_commands:/home/keepitupp/project_ws/install/arena_battle/lib/python3.10/site-packages:${PYTHONPATH} /usr/bin/python3 -W ignore:setup.py install is deprecated -W ignore:easy_install command is deprecated setup.py egg_info --egg-base ../../build/arena_battle build --build-base /home/keepitupp/project_ws/build/arena_battle/build install --record /home/keepitupp/project_ws/build/arena_battle/install.log --single-version-externally-managed install_data
[4.809s] Level 1:colcon.colcon_core.environment:checking '/home/keepitupp/project_ws/install/arena_battle' for CMake config files
[4.810s] Level 1:colcon.colcon_core.environment:checking '/home/keepitupp/project_ws/install/arena_battle/lib'
[4.810s] Level 1:colcon.colcon_core.environment:checking '/home/keepitupp/project_ws/install/arena_battle/bin'
[4.810s] Level 1:colcon.colcon_core.environment:checking '/home/keepitupp/project_ws/install/arena_battle/lib/pkgconfig/arena_battle.pc'
[4.810s] Level 1:colcon.colcon_core.environment:checking '/home/keepitupp/project_ws/install/arena_battle/lib/python3.10/site-packages'
[4.810s] Level 1:colcon.colcon_core.shell:create_environment_hook('arena_battle', 'pythonpath')
[4.810s] INFO:colcon.colcon_core.shell:Creating environment hook '/home/keepitupp/project_ws/install/arena_battle/share/arena_battle/hook/pythonpath.ps1'
[4.810s] INFO:colcon.colcon_core.shell:Creating environment descriptor '/home/keepitupp/project_ws/install/arena_battle/share/arena_battle/hook/pythonpath.dsv'
[4.811s] INFO:colcon.colcon_core.shell:Creating environment hook '/home/keepitupp/project_ws/install/arena_battle/share/arena_battle/hook/pythonpath.sh'
[4.811s] Level 1:colcon.colcon_core.environment:checking '/home/keepitupp/project_ws/install/arena_battle/bin'
[4.811s] Level 1:colcon.colcon_core.environment:create_environment_scripts_only(arena_battle)
[4.811s] INFO:colcon.colcon_core.shell:Creating package script '/home/keepitupp/project_ws/install/arena_battle/share/arena_battle/package.ps1'
[4.812s] INFO:colcon.colcon_core.shell:Creating package descriptor '/home/keepitupp/project_ws/install/arena_battle/share/arena_battle/package.dsv'
[4.812s] INFO:colcon.colcon_core.shell:Creating package script '/home/keepitupp/project_ws/install/arena_battle/share/arena_battle/package.sh'
[4.812s] INFO:colcon.colcon_core.shell:Creating package script '/home/keepitupp/project_ws/install/arena_battle/share/arena_battle/package.bash'
[4.812s] INFO:colcon.colcon_core.shell:Creating package script '/home/keepitupp/project_ws/install/arena_battle/share/arena_battle/package.zsh'
[4.813s] Level 1:colcon.colcon_core.environment:create_file_with_runtime_dependencies(/home/keepitupp/project_ws/install/arena_battle/share/colcon-core/packages/arena_battle)
[4.814s] DEBUG:colcon.colcon_parallel_executor.executor.parallel:closing loop
[4.814s] DEBUG:colcon.colcon_parallel_executor.executor.parallel:loop closed
[4.814s] DEBUG:colcon.colcon_parallel_executor.executor.parallel:run_until_complete finished with '0'
[4.814s] DEBUG:colcon.colcon_core.event_reactor:joining thread
[4.878s] INFO:colcon.colcon_core.plugin_system:Skipping extension 'colcon_notification.desktop_notification.notify_send': Could not find 'notify-send'
[4.878s] INFO:colcon.colcon_core.plugin_system:Skipping extension 'colcon_notification.desktop_notification.terminal_notifier': Not used on non-Darwin systems
[4.878s] INFO:colcon.colcon_core.plugin_system:Skipping extension 'colcon_notification.desktop_notification.win32': Not used on non-Windows systems
[4.878s] INFO:colcon.colcon_notification.desktop_notification:Sending desktop notification using 'notify2'
[4.880s] DEBUG:colcon.colcon_notification.desktop_notification.notify2:Failed to initialize notify2: org.freedesktop.DBus.Error.ServiceUnknown: The name org.freedesktop.Notifications was not provided by any .service files
[4.880s] DEBUG:colcon.colcon_core.event_reactor:joined thread
[4.880s] INFO:colcon.colcon_core.shell:Creating prefix script '/home/keepitupp/project_ws/install/local_setup.ps1'
[4.881s] INFO:colcon.colcon_core.shell:Creating prefix util module '/home/keepitupp/project_ws/install/_local_setup_util_ps1.py'
[4.882s] INFO:colcon.colcon_core.shell:Creating prefix chain script '/home/keepitupp/project_ws/install/setup.ps1'
[4.883s] INFO:colcon.colcon_core.shell:Creating prefix script '/home/keepitupp/project_ws/install/local_setup.sh'
[4.883s] INFO:colcon.colcon_core.shell:Creating prefix util module '/home/keepitupp/project_ws/install/_local_setup_util_sh.py'
[4.883s] INFO:colcon.colcon_core.shell:Creating prefix chain script '/home/keepitupp/project_ws/install/setup.sh'
[4.884s] INFO:colcon.colcon_core.shell:Creating prefix script '/home/keepitupp/project_ws/install/local_setup.bash'
[4.885s] INFO:colcon.colcon_core.shell:Creating prefix chain script '/home/keepitupp/project_ws/install/setup.bash'
[4.886s] INFO:colcon.colcon_core.shell:Creating prefix script '/home/keepitupp/project_ws/install/local_setup.zsh'
[4.886s] INFO:colcon.colcon_core.shell:Creating prefix chain script '/home/keepitupp/project_ws/install/setup.zsh'
