running develop
running egg_info
creating arena_battle.egg-info
writing arena_battle.egg-info/PKG-INFO
writing dependency_links to arena_battle.egg-info/dependency_links.txt
writing entry points to arena_battle.egg-info/entry_points.txt
writing requirements to arena_battle.egg-info/requires.txt
writing top-level names to arena_battle.egg-info/top_level.txt
writing manifest file 'arena_battle.egg-info/SOURCES.txt'
reading manifest file 'arena_battle.egg-info/SOURCES.txt'
writing manifest file 'arena_battle.egg-info/SOURCES.txt'
running build_ext
Creating /home/keepitupp/project_ws/install/arena_battle/lib/python3.10/site-packages/arena-battle.egg-link (link to .)
Installing game_logic script to /home/keepitupp/project_ws/install/arena_battle/lib/arena_battle
Installing keyboard_controller script to /home/keepitupp/project_ws/install/arena_battle/lib/arena_battle
Installing robot_pose_tf script to /home/keepitupp/project_ws/install/arena_battle/lib/arena_battle

Installed /home/keepitupp/project_ws/build/arena_battle
running symlink_data
creating /home/keepitupp/project_ws/install/arena_battle/share/ament_index
creating /home/keepitupp/project_ws/install/arena_battle/share/ament_index/resource_index
creating /home/keepitupp/project_ws/install/arena_battle/share/ament_index/resource_index/packages
symbolically linking /home/keepitupp/project_ws/build/arena_battle/resource/arena_battle -> /home/keepitupp/project_ws/install/arena_battle/share/ament_index/resource_index/packages
symbolically linking /home/keepitupp/project_ws/build/arena_battle/package.xml -> /home/keepitupp/project_ws/install/arena_battle/share/arena_battle
creating /home/keepitupp/project_ws/install/arena_battle/share/arena_battle/launch
symbolically linking /home/keepitupp/project_ws/build/arena_battle/launch/arena_battle.launch.py -> /home/keepitupp/project_ws/install/arena_battle/share/arena_battle/launch
symbolically linking /home/keepitupp/project_ws/build/arena_battle/launch/battle.launch.py -> /home/keepitupp/project_ws/install/arena_battle/share/arena_battle/launch
creating /home/keepitupp/project_ws/install/arena_battle/share/arena_battle/urdf
symbolically linking /home/keepitupp/project_ws/build/arena_battle/urdf/arena_robot.urdf -> /home/keepitupp/project_ws/install/arena_battle/share/arena_battle/urdf
creating /home/keepitupp/project_ws/install/arena_battle/share/arena_battle/rviz
symbolically linking /home/keepitupp/project_ws/build/arena_battle/rviz/arena_battle.rviz -> /home/keepitupp/project_ws/install/arena_battle/share/arena_battle/rviz
creating /home/keepitupp/project_ws/install/arena_battle/share/arena_battle/meshes
creating /home/keepitupp/project_ws/install/arena_battle/share/arena_battle/config
