[1.327s] Invoking command in '/home/keepitupp/project_ws/build/arena_battle': PYTHONPATH=/home/keepitupp/project_ws/build/arena_battle/prefix_override:/usr/lib/python3/dist-packages/colcon_core/task/python/colcon_distutils_commands:/home/keepitupp/project_ws/install/arena_battle/lib/python3.10/site-packages:${PYTHONPATH} /usr/bin/python3 -W ignore:setup.py install is deprecated -W ignore:easy_install command is deprecated setup.py develop --editable --build-directory /home/keepitupp/project_ws/build/arena_battle/build --no-deps symlink_data
[1.568s] running develop
[1.715s] running egg_info
[1.716s] creating arena_battle.egg-info
[1.716s] writing arena_battle.egg-info/PKG-INFO
[1.716s] writing dependency_links to arena_battle.egg-info/dependency_links.txt
[1.717s] writing entry points to arena_battle.egg-info/entry_points.txt
[1.717s] writing requirements to arena_battle.egg-info/requires.txt
[1.717s] writing top-level names to arena_battle.egg-info/top_level.txt
[1.717s] writing manifest file 'arena_battle.egg-info/SOURCES.txt'
[1.719s] reading manifest file 'arena_battle.egg-info/SOURCES.txt'
[1.720s] writing manifest file 'arena_battle.egg-info/SOURCES.txt'
[1.722s] running build_ext
[1.722s] Creating /home/keepitupp/project_ws/install/arena_battle/lib/python3.10/site-packages/arena-battle.egg-link (link to .)
[1.723s] Installing game_logic script to /home/keepitupp/project_ws/install/arena_battle/lib/arena_battle
[1.724s] Installing keyboard_controller script to /home/keepitupp/project_ws/install/arena_battle/lib/arena_battle
[1.724s] Installing robot_pose_tf script to /home/keepitupp/project_ws/install/arena_battle/lib/arena_battle
[1.724s] 
[1.724s] Installed /home/keepitupp/project_ws/build/arena_battle
[1.724s] running symlink_data
[1.724s] creating /home/keepitupp/project_ws/install/arena_battle/share/ament_index
[1.725s] creating /home/keepitupp/project_ws/install/arena_battle/share/ament_index/resource_index
[1.725s] creating /home/keepitupp/project_ws/install/arena_battle/share/ament_index/resource_index/packages
[1.726s] symbolically linking /home/keepitupp/project_ws/build/arena_battle/resource/arena_battle -> /home/keepitupp/project_ws/install/arena_battle/share/ament_index/resource_index/packages
[1.726s] symbolically linking /home/keepitupp/project_ws/build/arena_battle/package.xml -> /home/keepitupp/project_ws/install/arena_battle/share/arena_battle
[1.726s] creating /home/keepitupp/project_ws/install/arena_battle/share/arena_battle/launch
[1.727s] symbolically linking /home/keepitupp/project_ws/build/arena_battle/launch/arena_battle.launch.py -> /home/keepitupp/project_ws/install/arena_battle/share/arena_battle/launch
[1.727s] symbolically linking /home/keepitupp/project_ws/build/arena_battle/launch/battle.launch.py -> /home/keepitupp/project_ws/install/arena_battle/share/arena_battle/launch
[1.728s] creating /home/keepitupp/project_ws/install/arena_battle/share/arena_battle/urdf
[1.728s] symbolically linking /home/keepitupp/project_ws/build/arena_battle/urdf/arena_robot.urdf -> /home/keepitupp/project_ws/install/arena_battle/share/arena_battle/urdf
[1.729s] creating /home/keepitupp/project_ws/install/arena_battle/share/arena_battle/rviz
[1.729s] symbolically linking /home/keepitupp/project_ws/build/arena_battle/rviz/arena_battle.rviz -> /home/keepitupp/project_ws/install/arena_battle/share/arena_battle/rviz
[1.729s] creating /home/keepitupp/project_ws/install/arena_battle/share/arena_battle/meshes
[1.730s] creating /home/keepitupp/project_ws/install/arena_battle/share/arena_battle/config
[1.760s] Invoked command in '/home/keepitupp/project_ws/build/arena_battle' returned '0': PYTHONPATH=/home/keepitupp/project_ws/build/arena_battle/prefix_override:/usr/lib/python3/dist-packages/colcon_core/task/python/colcon_distutils_commands:/home/keepitupp/project_ws/install/arena_battle/lib/python3.10/site-packages:${PYTHONPATH} /usr/bin/python3 -W ignore:setup.py install is deprecated -W ignore:easy_install command is deprecated setup.py develop --editable --build-directory /home/keepitupp/project_ws/build/arena_battle/build --no-deps symlink_data
