-- The C compiler identification is GNU 11.4.0
-- The CXX compiler identification is GNU 11.4.0
-- Detecting C compiler ABI info
-- Detecting C compiler ABI info - done
-- Check for working C compiler: /usr/bin/cc - skipped
-- Detecting C compile features
-- Detecting C compile features - done
-- Detecting CXX compiler ABI info
-- Detecting CXX compiler ABI info - done
-- Check for working CXX compiler: /usr/bin/c++ - skipped
-- Detecting CXX compile features
-- Detecting CXX compile features - done
-- Found ament_cmake: 1.3.14 (/opt/ros/humble/share/ament_cmake/cmake)
-- Found Python3: /usr/bin/python3 (found version "3.10.12") found components: Interpreter 
-- Found rosidl_default_generators: 1.2.1 (/opt/ros/humble/share/rosidl_default_generators/cmake)
-- Using all available rosidl_typesupport_c: rosidl_typesupport_fastrtps_c;rosidl_typesupport_introspection_c
-- Found rosidl_adapter: 3.1.8 (/opt/ros/humble/share/rosidl_adapter/cmake)
-- Using all available rosidl_typesupport_cpp: rosidl_typesupport_fastrtps_cpp;rosidl_typesupport_introspection_cpp
-- Found ament_cmake_ros: 0.10.0 (/opt/ros/humble/share/ament_cmake_ros/cmake)
-- Using all available rosidl_typesupport_c: rosidl_typesupport_fastrtps_c;rosidl_typesupport_introspection_c
-- Using all available rosidl_typesupport_cpp: rosidl_typesupport_fastrtps_cpp;rosidl_typesupport_introspection_cpp
-- Found PythonInterp: /usr/bin/python3 (found suitable version "3.10.12", minimum required is "3.6") 
-- Found python_cmake_module: 0.10.0 (/opt/ros/humble/share/python_cmake_module/cmake)
-- Found PythonLibs: /usr/lib/x86_64-linux-gnu/libpython3.10.so (found suitable version "3.10.12", minimum required is "3.5") 
-- Using PYTHON_EXECUTABLE: /usr/bin/python3
-- Using PYTHON_INCLUDE_DIRS: /usr/include/python3.10
-- Using PYTHON_LIBRARIES: /usr/lib/x86_64-linux-gnu/libpython3.10.so
-- Found PythonExtra: .so  
-- Configuring done
-- Generating done
-- Build files have been written to: /home/keepitupp/project_ws/build/arena_battle_interfaces
[  3%] [34m[1mGenerating C code for ROS interfaces[0m
[  9%] [34m[1mGenerating Rust code for ROS interfaces[0m
[  9%] [34m[1mGenerating C++ code for ROS interfaces[0m
[  9%] Built target ament_cmake_python_copy_arena_battle_interfaces
[  9%] Built target arena_battle_interfaces__rs
[  9%] Built target arena_battle_interfaces__cpp
[ 12%] [32mBuilding C object CMakeFiles/arena_battle_interfaces__rosidl_generator_c.dir/rosidl_generator_c/arena_battle_interfaces/msg/detail/robot_combat_command__functions.c.o[0m
[ 21%] [34m[1mGenerating C++ type support for eProsima Fast-RTPS[0m
[ 21%] [34m[1mGenerating C++ introspection for ROS interfaces[0m
[ 21%] [34m[1mGenerating C++ type support dispatch for ROS interfaces[0m
running egg_info
creating arena_battle_interfaces.egg-info
writing arena_battle_interfaces.egg-info/PKG-INFO
writing dependency_links to arena_battle_interfaces.egg-info/dependency_links.txt
writing top-level names to arena_battle_interfaces.egg-info/top_level.txt
writing manifest file 'arena_battle_interfaces.egg-info/SOURCES.txt'
reading manifest file 'arena_battle_interfaces.egg-info/SOURCES.txt'
writing manifest file 'arena_battle_interfaces.egg-info/SOURCES.txt'
[ 21%] Built target ament_cmake_python_build_arena_battle_interfaces_egg
[ 25%] [32m[1mLinking C shared library libarena_battle_interfaces__rosidl_generator_c.so[0m
[ 28%] [32mBuilding CXX object CMakeFiles/arena_battle_interfaces__rosidl_typesupport_cpp.dir/rosidl_typesupport_cpp/arena_battle_interfaces/msg/robot_combat_command__type_support.cpp.o[0m
[ 31%] [32mBuilding CXX object CMakeFiles/arena_battle_interfaces__rosidl_typesupport_introspection_cpp.dir/rosidl_typesupport_introspection_cpp/arena_battle_interfaces/msg/detail/robot_combat_command__type_support.cpp.o[0m
[ 34%] [32mBuilding CXX object CMakeFiles/arena_battle_interfaces__rosidl_typesupport_fastrtps_cpp.dir/rosidl_typesupport_fastrtps_cpp/arena_battle_interfaces/msg/detail/dds_fastrtps/robot_combat_command__type_support.cpp.o[0m
[ 34%] Built target arena_battle_interfaces__rosidl_generator_c
[ 37%] [34m[1mGenerating C type support dispatch for ROS interfaces[0m
[ 40%] [34m[1mGenerating C type support for eProsima Fast-RTPS[0m
[ 43%] [34m[1mGenerating C introspection for ROS interfaces[0m
[ 46%] [32m[1mLinking CXX shared library libarena_battle_interfaces__rosidl_typesupport_cpp.so[0m
[ 50%] [32mBuilding CXX object CMakeFiles/arena_battle_interfaces__rosidl_typesupport_c.dir/rosidl_typesupport_c/arena_battle_interfaces/msg/robot_combat_command__type_support.cpp.o[0m
[ 56%] [32m[1mLinking CXX shared library libarena_battle_interfaces__rosidl_typesupport_introspection_cpp.so[0m
[ 56%] [32mBuilding CXX object CMakeFiles/arena_battle_interfaces__rosidl_typesupport_fastrtps_c.dir/rosidl_typesupport_fastrtps_c/arena_battle_interfaces/msg/detail/robot_combat_command__type_support_c.cpp.o[0m
[ 59%] [32mBuilding C object CMakeFiles/arena_battle_interfaces__rosidl_typesupport_introspection_c.dir/rosidl_typesupport_introspection_c/arena_battle_interfaces/msg/detail/robot_combat_command__type_support.c.o[0m
[ 62%] [32m[1mLinking CXX shared library libarena_battle_interfaces__rosidl_typesupport_fastrtps_cpp.so[0m
[ 65%] [32m[1mLinking CXX shared library libarena_battle_interfaces__rosidl_typesupport_c.so[0m
[ 68%] [32m[1mLinking C shared library libarena_battle_interfaces__rosidl_typesupport_introspection_c.so[0m
[ 68%] Built target arena_battle_interfaces__rosidl_typesupport_cpp
[ 68%] Built target arena_battle_interfaces__rosidl_typesupport_introspection_cpp
[ 68%] Built target arena_battle_interfaces__rosidl_typesupport_fastrtps_cpp
[ 68%] Built target arena_battle_interfaces__rosidl_typesupport_c
[ 71%] [32m[1mLinking CXX shared library libarena_battle_interfaces__rosidl_typesupport_fastrtps_c.so[0m
[ 71%] Built target arena_battle_interfaces__rosidl_typesupport_introspection_c
[ 71%] Built target arena_battle_interfaces__rosidl_typesupport_fastrtps_c
[ 71%] Built target arena_battle_interfaces
[ 75%] [34m[1mGenerating Python code for ROS interfaces[0m
[ 75%] Built target arena_battle_interfaces__py
[ 78%] [32mBuilding C object CMakeFiles/arena_battle_interfaces__rosidl_generator_py.dir/rosidl_generator_py/arena_battle_interfaces/msg/_robot_combat_command_s.c.o[0m
[ 81%] [32m[1mLinking C shared library rosidl_generator_py/arena_battle_interfaces/libarena_battle_interfaces__rosidl_generator_py.so[0m
[ 81%] Built target arena_battle_interfaces__rosidl_generator_py
[ 90%] [32mBuilding C object CMakeFiles/arena_battle_interfaces__rosidl_typesupport_fastrtps_c__pyext.dir/rosidl_generator_py/arena_battle_interfaces/_arena_battle_interfaces_s.ep.rosidl_typesupport_fastrtps_c.c.o[0m
[ 90%] [32mBuilding C object CMakeFiles/arena_battle_interfaces__rosidl_typesupport_introspection_c__pyext.dir/rosidl_generator_py/arena_battle_interfaces/_arena_battle_interfaces_s.ep.rosidl_typesupport_introspection_c.c.o[0m
[ 90%] [32mBuilding C object CMakeFiles/arena_battle_interfaces__rosidl_typesupport_c__pyext.dir/rosidl_generator_py/arena_battle_interfaces/_arena_battle_interfaces_s.ep.rosidl_typesupport_c.c.o[0m
[ 96%] [32m[1mLinking C shared library rosidl_generator_py/arena_battle_interfaces/arena_battle_interfaces_s__rosidl_typesupport_c.cpython-310-x86_64-linux-gnu.so[0m
[ 96%] [32m[1mLinking C shared library rosidl_generator_py/arena_battle_interfaces/arena_battle_interfaces_s__rosidl_typesupport_introspection_c.cpython-310-x86_64-linux-gnu.so[0m
[100%] [32m[1mLinking C shared library rosidl_generator_py/arena_battle_interfaces/arena_battle_interfaces_s__rosidl_typesupport_fastrtps_c.cpython-310-x86_64-linux-gnu.so[0m
[100%] Built target arena_battle_interfaces__rosidl_typesupport_c__pyext
[100%] Built target arena_battle_interfaces__rosidl_typesupport_introspection_c__pyext
[100%] Built target arena_battle_interfaces__rosidl_typesupport_fastrtps_c__pyext
-- Install configuration: ""
-- Installing: /home/keepitupp/project_ws/install/arena_battle_interfaces/share/ament_index/resource_index/rosidl_interfaces/arena_battle_interfaces
-- Installing: /home/keepitupp/project_ws/install/arena_battle_interfaces/include/arena_battle_interfaces/arena_battle_interfaces
-- Installing: /home/keepitupp/project_ws/install/arena_battle_interfaces/include/arena_battle_interfaces/arena_battle_interfaces/msg
-- Installing: /home/keepitupp/project_ws/install/arena_battle_interfaces/include/arena_battle_interfaces/arena_battle_interfaces/msg/detail
-- Installing: /home/keepitupp/project_ws/install/arena_battle_interfaces/include/arena_battle_interfaces/arena_battle_interfaces/msg/detail/robot_combat_command__functions.c
-- Installing: /home/keepitupp/project_ws/install/arena_battle_interfaces/include/arena_battle_interfaces/arena_battle_interfaces/msg/detail/robot_combat_command__functions.h
-- Installing: /home/keepitupp/project_ws/install/arena_battle_interfaces/include/arena_battle_interfaces/arena_battle_interfaces/msg/detail/robot_combat_command__struct.h
-- Installing: /home/keepitupp/project_ws/install/arena_battle_interfaces/include/arena_battle_interfaces/arena_battle_interfaces/msg/detail/robot_combat_command__type_support.h
-- Installing: /home/keepitupp/project_ws/install/arena_battle_interfaces/include/arena_battle_interfaces/arena_battle_interfaces/msg/robot_combat_command.h
-- Installing: /home/keepitupp/project_ws/install/arena_battle_interfaces/include/arena_battle_interfaces/arena_battle_interfaces/msg/rosidl_generator_c__visibility_control.h
-- Installing: /home/keepitupp/project_ws/install/arena_battle_interfaces/share/arena_battle_interfaces/environment/library_path.sh
-- Installing: /home/keepitupp/project_ws/install/arena_battle_interfaces/share/arena_battle_interfaces/environment/library_path.dsv
-- Installing: /home/keepitupp/project_ws/install/arena_battle_interfaces/lib/libarena_battle_interfaces__rosidl_generator_c.so
-- Set runtime path of "/home/keepitupp/project_ws/install/arena_battle_interfaces/lib/libarena_battle_interfaces__rosidl_generator_c.so" to ""
-- Up-to-date: /home/keepitupp/project_ws/install/arena_battle_interfaces/include/arena_battle_interfaces/arena_battle_interfaces
-- Up-to-date: /home/keepitupp/project_ws/install/arena_battle_interfaces/include/arena_battle_interfaces/arena_battle_interfaces/msg
-- Installing: /home/keepitupp/project_ws/install/arena_battle_interfaces/include/arena_battle_interfaces/arena_battle_interfaces/msg/rosidl_typesupport_fastrtps_c__visibility_control.h
-- Up-to-date: /home/keepitupp/project_ws/install/arena_battle_interfaces/include/arena_battle_interfaces/arena_battle_interfaces/msg/detail
-- Installing: /home/keepitupp/project_ws/install/arena_battle_interfaces/include/arena_battle_interfaces/arena_battle_interfaces/msg/detail/robot_combat_command__rosidl_typesupport_fastrtps_c.h
-- Installing: /home/keepitupp/project_ws/install/arena_battle_interfaces/lib/libarena_battle_interfaces__rosidl_typesupport_fastrtps_c.so
-- Set runtime path of "/home/keepitupp/project_ws/install/arena_battle_interfaces/lib/libarena_battle_interfaces__rosidl_typesupport_fastrtps_c.so" to ""
-- Up-to-date: /home/keepitupp/project_ws/install/arena_battle_interfaces/include/arena_battle_interfaces/arena_battle_interfaces
-- Up-to-date: /home/keepitupp/project_ws/install/arena_battle_interfaces/include/arena_battle_interfaces/arena_battle_interfaces/msg
-- Up-to-date: /home/keepitupp/project_ws/install/arena_battle_interfaces/include/arena_battle_interfaces/arena_battle_interfaces/msg/detail
-- Installing: /home/keepitupp/project_ws/install/arena_battle_interfaces/include/arena_battle_interfaces/arena_battle_interfaces/msg/detail/robot_combat_command__rosidl_typesupport_introspection_c.h
-- Installing: /home/keepitupp/project_ws/install/arena_battle_interfaces/include/arena_battle_interfaces/arena_battle_interfaces/msg/detail/robot_combat_command__type_support.c
-- Installing: /home/keepitupp/project_ws/install/arena_battle_interfaces/include/arena_battle_interfaces/arena_battle_interfaces/msg/rosidl_typesupport_introspection_c__visibility_control.h
-- Installing: /home/keepitupp/project_ws/install/arena_battle_interfaces/lib/libarena_battle_interfaces__rosidl_typesupport_introspection_c.so
-- Set runtime path of "/home/keepitupp/project_ws/install/arena_battle_interfaces/lib/libarena_battle_interfaces__rosidl_typesupport_introspection_c.so" to ""
-- Installing: /home/keepitupp/project_ws/install/arena_battle_interfaces/lib/libarena_battle_interfaces__rosidl_typesupport_c.so
-- Set runtime path of "/home/keepitupp/project_ws/install/arena_battle_interfaces/lib/libarena_battle_interfaces__rosidl_typesupport_c.so" to ""
-- Up-to-date: /home/keepitupp/project_ws/install/arena_battle_interfaces/include/arena_battle_interfaces/arena_battle_interfaces
-- Up-to-date: /home/keepitupp/project_ws/install/arena_battle_interfaces/include/arena_battle_interfaces/arena_battle_interfaces/msg
-- Installing: /home/keepitupp/project_ws/install/arena_battle_interfaces/include/arena_battle_interfaces/arena_battle_interfaces/msg/rosidl_generator_cpp__visibility_control.hpp
-- Up-to-date: /home/keepitupp/project_ws/install/arena_battle_interfaces/include/arena_battle_interfaces/arena_battle_interfaces/msg/detail
-- Installing: /home/keepitupp/project_ws/install/arena_battle_interfaces/include/arena_battle_interfaces/arena_battle_interfaces/msg/detail/robot_combat_command__traits.hpp
-- Installing: /home/keepitupp/project_ws/install/arena_battle_interfaces/include/arena_battle_interfaces/arena_battle_interfaces/msg/detail/robot_combat_command__type_support.hpp
-- Installing: /home/keepitupp/project_ws/install/arena_battle_interfaces/include/arena_battle_interfaces/arena_battle_interfaces/msg/detail/robot_combat_command__builder.hpp
-- Installing: /home/keepitupp/project_ws/install/arena_battle_interfaces/include/arena_battle_interfaces/arena_battle_interfaces/msg/detail/robot_combat_command__struct.hpp
-- Installing: /home/keepitupp/project_ws/install/arena_battle_interfaces/include/arena_battle_interfaces/arena_battle_interfaces/msg/robot_combat_command.hpp
-- Up-to-date: /home/keepitupp/project_ws/install/arena_battle_interfaces/include/arena_battle_interfaces/arena_battle_interfaces
-- Up-to-date: /home/keepitupp/project_ws/install/arena_battle_interfaces/include/arena_battle_interfaces/arena_battle_interfaces/msg
-- Up-to-date: /home/keepitupp/project_ws/install/arena_battle_interfaces/include/arena_battle_interfaces/arena_battle_interfaces/msg/detail
-- Installing: /home/keepitupp/project_ws/install/arena_battle_interfaces/include/arena_battle_interfaces/arena_battle_interfaces/msg/detail/robot_combat_command__rosidl_typesupport_fastrtps_cpp.hpp
-- Installing: /home/keepitupp/project_ws/install/arena_battle_interfaces/include/arena_battle_interfaces/arena_battle_interfaces/msg/detail/dds_fastrtps
-- Installing: /home/keepitupp/project_ws/install/arena_battle_interfaces/include/arena_battle_interfaces/arena_battle_interfaces/msg/rosidl_typesupport_fastrtps_cpp__visibility_control.h
-- Installing: /home/keepitupp/project_ws/install/arena_battle_interfaces/lib/libarena_battle_interfaces__rosidl_typesupport_fastrtps_cpp.so
-- Set runtime path of "/home/keepitupp/project_ws/install/arena_battle_interfaces/lib/libarena_battle_interfaces__rosidl_typesupport_fastrtps_cpp.so" to ""
-- Up-to-date: /home/keepitupp/project_ws/install/arena_battle_interfaces/include/arena_battle_interfaces/arena_battle_interfaces
-- Up-to-date: /home/keepitupp/project_ws/install/arena_battle_interfaces/include/arena_battle_interfaces/arena_battle_interfaces/msg
-- Up-to-date: /home/keepitupp/project_ws/install/arena_battle_interfaces/include/arena_battle_interfaces/arena_battle_interfaces/msg/detail
-- Installing: /home/keepitupp/project_ws/install/arena_battle_interfaces/include/arena_battle_interfaces/arena_battle_interfaces/msg/detail/robot_combat_command__type_support.cpp
-- Installing: /home/keepitupp/project_ws/install/arena_battle_interfaces/include/arena_battle_interfaces/arena_battle_interfaces/msg/detail/robot_combat_command__rosidl_typesupport_introspection_cpp.hpp
-- Installing: /home/keepitupp/project_ws/install/arena_battle_interfaces/lib/libarena_battle_interfaces__rosidl_typesupport_introspection_cpp.so
-- Set runtime path of "/home/keepitupp/project_ws/install/arena_battle_interfaces/lib/libarena_battle_interfaces__rosidl_typesupport_introspection_cpp.so" to ""
-- Installing: /home/keepitupp/project_ws/install/arena_battle_interfaces/lib/libarena_battle_interfaces__rosidl_typesupport_cpp.so
-- Set runtime path of "/home/keepitupp/project_ws/install/arena_battle_interfaces/lib/libarena_battle_interfaces__rosidl_typesupport_cpp.so" to ""
-- Installing: /home/keepitupp/project_ws/install/arena_battle_interfaces/share/arena_battle_interfaces/environment/pythonpath.sh
-- Installing: /home/keepitupp/project_ws/install/arena_battle_interfaces/share/arena_battle_interfaces/environment/pythonpath.dsv
-- Installing: /home/keepitupp/project_ws/install/arena_battle_interfaces/local/lib/python3.10/dist-packages/arena_battle_interfaces-0.0.0-py3.10.egg-info
-- Installing: /home/keepitupp/project_ws/install/arena_battle_interfaces/local/lib/python3.10/dist-packages/arena_battle_interfaces-0.0.0-py3.10.egg-info/top_level.txt
-- Installing: /home/keepitupp/project_ws/install/arena_battle_interfaces/local/lib/python3.10/dist-packages/arena_battle_interfaces-0.0.0-py3.10.egg-info/dependency_links.txt
-- Installing: /home/keepitupp/project_ws/install/arena_battle_interfaces/local/lib/python3.10/dist-packages/arena_battle_interfaces-0.0.0-py3.10.egg-info/PKG-INFO
-- Installing: /home/keepitupp/project_ws/install/arena_battle_interfaces/local/lib/python3.10/dist-packages/arena_battle_interfaces-0.0.0-py3.10.egg-info/SOURCES.txt
-- Installing: /home/keepitupp/project_ws/install/arena_battle_interfaces/local/lib/python3.10/dist-packages/arena_battle_interfaces
-- Installing: /home/keepitupp/project_ws/install/arena_battle_interfaces/local/lib/python3.10/dist-packages/arena_battle_interfaces/arena_battle_interfaces_s__rosidl_typesupport_fastrtps_c.cpython-310-x86_64-linux-gnu.so
-- Installing: /home/keepitupp/project_ws/install/arena_battle_interfaces/local/lib/python3.10/dist-packages/arena_battle_interfaces/_arena_battle_interfaces_s.ep.rosidl_typesupport_introspection_c.c
-- Installing: /home/keepitupp/project_ws/install/arena_battle_interfaces/local/lib/python3.10/dist-packages/arena_battle_interfaces/_arena_battle_interfaces_s.ep.rosidl_typesupport_c.c
-- Installing: /home/keepitupp/project_ws/install/arena_battle_interfaces/local/lib/python3.10/dist-packages/arena_battle_interfaces/arena_battle_interfaces_s__rosidl_typesupport_introspection_c.cpython-310-x86_64-linux-gnu.so
-- Installing: /home/keepitupp/project_ws/install/arena_battle_interfaces/local/lib/python3.10/dist-packages/arena_battle_interfaces/_arena_battle_interfaces_s.ep.rosidl_typesupport_fastrtps_c.c
-- Installing: /home/keepitupp/project_ws/install/arena_battle_interfaces/local/lib/python3.10/dist-packages/arena_battle_interfaces/libarena_battle_interfaces__rosidl_generator_py.so
-- Installing: /home/keepitupp/project_ws/install/arena_battle_interfaces/local/lib/python3.10/dist-packages/arena_battle_interfaces/arena_battle_interfaces_s__rosidl_typesupport_c.cpython-310-x86_64-linux-gnu.so
-- Installing: /home/keepitupp/project_ws/install/arena_battle_interfaces/local/lib/python3.10/dist-packages/arena_battle_interfaces/__init__.py
-- Installing: /home/keepitupp/project_ws/install/arena_battle_interfaces/local/lib/python3.10/dist-packages/arena_battle_interfaces/msg
-- Installing: /home/keepitupp/project_ws/install/arena_battle_interfaces/local/lib/python3.10/dist-packages/arena_battle_interfaces/msg/_robot_combat_command_s.c
-- Installing: /home/keepitupp/project_ws/install/arena_battle_interfaces/local/lib/python3.10/dist-packages/arena_battle_interfaces/msg/_robot_combat_command.py
-- Installing: /home/keepitupp/project_ws/install/arena_battle_interfaces/local/lib/python3.10/dist-packages/arena_battle_interfaces/msg/__init__.py
Listing '/home/keepitupp/project_ws/install/arena_battle_interfaces/local/lib/python3.10/dist-packages/arena_battle_interfaces'...
Compiling '/home/keepitupp/project_ws/install/arena_battle_interfaces/local/lib/python3.10/dist-packages/arena_battle_interfaces/__init__.py'...
Listing '/home/keepitupp/project_ws/install/arena_battle_interfaces/local/lib/python3.10/dist-packages/arena_battle_interfaces/msg'...
Compiling '/home/keepitupp/project_ws/install/arena_battle_interfaces/local/lib/python3.10/dist-packages/arena_battle_interfaces/msg/__init__.py'...
Compiling '/home/keepitupp/project_ws/install/arena_battle_interfaces/local/lib/python3.10/dist-packages/arena_battle_interfaces/msg/_robot_combat_command.py'...
-- Installing: /home/keepitupp/project_ws/install/arena_battle_interfaces/local/lib/python3.10/dist-packages/arena_battle_interfaces/arena_battle_interfaces_s__rosidl_typesupport_fastrtps_c.cpython-310-x86_64-linux-gnu.so
-- Set runtime path of "/home/keepitupp/project_ws/install/arena_battle_interfaces/local/lib/python3.10/dist-packages/arena_battle_interfaces/arena_battle_interfaces_s__rosidl_typesupport_fastrtps_c.cpython-310-x86_64-linux-gnu.so" to ""
-- Installing: /home/keepitupp/project_ws/install/arena_battle_interfaces/local/lib/python3.10/dist-packages/arena_battle_interfaces/arena_battle_interfaces_s__rosidl_typesupport_introspection_c.cpython-310-x86_64-linux-gnu.so
-- Set runtime path of "/home/keepitupp/project_ws/install/arena_battle_interfaces/local/lib/python3.10/dist-packages/arena_battle_interfaces/arena_battle_interfaces_s__rosidl_typesupport_introspection_c.cpython-310-x86_64-linux-gnu.so" to ""
-- Installing: /home/keepitupp/project_ws/install/arena_battle_interfaces/local/lib/python3.10/dist-packages/arena_battle_interfaces/arena_battle_interfaces_s__rosidl_typesupport_c.cpython-310-x86_64-linux-gnu.so
-- Set runtime path of "/home/keepitupp/project_ws/install/arena_battle_interfaces/local/lib/python3.10/dist-packages/arena_battle_interfaces/arena_battle_interfaces_s__rosidl_typesupport_c.cpython-310-x86_64-linux-gnu.so" to ""
-- Installing: /home/keepitupp/project_ws/install/arena_battle_interfaces/lib/libarena_battle_interfaces__rosidl_generator_py.so
-- Set runtime path of "/home/keepitupp/project_ws/install/arena_battle_interfaces/lib/libarena_battle_interfaces__rosidl_generator_py.so" to ""
-- Installing: /home/keepitupp/project_ws/install/arena_battle_interfaces/share/ament_index/resource_index/rust_packages/arena_battle_interfaces
-- Installing: /home/keepitupp/project_ws/install/arena_battle_interfaces/share/arena_battle_interfaces/rust
-- Installing: /home/keepitupp/project_ws/install/arena_battle_interfaces/share/arena_battle_interfaces/rust/src
-- Installing: /home/keepitupp/project_ws/install/arena_battle_interfaces/share/arena_battle_interfaces/rust/src/msg.rs
-- Installing: /home/keepitupp/project_ws/install/arena_battle_interfaces/share/arena_battle_interfaces/rust/src/lib.rs
-- Installing: /home/keepitupp/project_ws/install/arena_battle_interfaces/share/arena_battle_interfaces/rust/src/msg
-- Installing: /home/keepitupp/project_ws/install/arena_battle_interfaces/share/arena_battle_interfaces/rust/src/msg/rmw.rs
-- Installing: /home/keepitupp/project_ws/install/arena_battle_interfaces/share/arena_battle_interfaces/rust/build.rs
-- Installing: /home/keepitupp/project_ws/install/arena_battle_interfaces/share/arena_battle_interfaces/rust/Cargo.toml
-- Installing: /home/keepitupp/project_ws/install/arena_battle_interfaces/share/arena_battle_interfaces/msg/RobotCombatCommand.idl
-- Installing: /home/keepitupp/project_ws/install/arena_battle_interfaces/share/arena_battle_interfaces/msg/RobotCombatCommand.msg
-- Installing: /home/keepitupp/project_ws/install/arena_battle_interfaces/share/ament_index/resource_index/package_run_dependencies/arena_battle_interfaces
-- Installing: /home/keepitupp/project_ws/install/arena_battle_interfaces/share/ament_index/resource_index/parent_prefix_path/arena_battle_interfaces
-- Installing: /home/keepitupp/project_ws/install/arena_battle_interfaces/share/arena_battle_interfaces/environment/ament_prefix_path.sh
-- Installing: /home/keepitupp/project_ws/install/arena_battle_interfaces/share/arena_battle_interfaces/environment/ament_prefix_path.dsv
-- Installing: /home/keepitupp/project_ws/install/arena_battle_interfaces/share/arena_battle_interfaces/environment/path.sh
-- Installing: /home/keepitupp/project_ws/install/arena_battle_interfaces/share/arena_battle_interfaces/environment/path.dsv
-- Installing: /home/keepitupp/project_ws/install/arena_battle_interfaces/share/arena_battle_interfaces/local_setup.bash
-- Installing: /home/keepitupp/project_ws/install/arena_battle_interfaces/share/arena_battle_interfaces/local_setup.sh
-- Installing: /home/keepitupp/project_ws/install/arena_battle_interfaces/share/arena_battle_interfaces/local_setup.zsh
-- Installing: /home/keepitupp/project_ws/install/arena_battle_interfaces/share/arena_battle_interfaces/local_setup.dsv
-- Installing: /home/keepitupp/project_ws/install/arena_battle_interfaces/share/arena_battle_interfaces/package.dsv
-- Installing: /home/keepitupp/project_ws/install/arena_battle_interfaces/share/ament_index/resource_index/packages/arena_battle_interfaces
-- Installing: /home/keepitupp/project_ws/install/arena_battle_interfaces/share/arena_battle_interfaces/cmake/export_arena_battle_interfaces__rosidl_generator_cExport.cmake
-- Installing: /home/keepitupp/project_ws/install/arena_battle_interfaces/share/arena_battle_interfaces/cmake/export_arena_battle_interfaces__rosidl_generator_cExport-noconfig.cmake
-- Installing: /home/keepitupp/project_ws/install/arena_battle_interfaces/share/arena_battle_interfaces/cmake/export_arena_battle_interfaces__rosidl_typesupport_fastrtps_cExport.cmake
-- Installing: /home/keepitupp/project_ws/install/arena_battle_interfaces/share/arena_battle_interfaces/cmake/export_arena_battle_interfaces__rosidl_typesupport_fastrtps_cExport-noconfig.cmake
-- Installing: /home/keepitupp/project_ws/install/arena_battle_interfaces/share/arena_battle_interfaces/cmake/arena_battle_interfaces__rosidl_typesupport_introspection_cExport.cmake
-- Installing: /home/keepitupp/project_ws/install/arena_battle_interfaces/share/arena_battle_interfaces/cmake/arena_battle_interfaces__rosidl_typesupport_introspection_cExport-noconfig.cmake
-- Installing: /home/keepitupp/project_ws/install/arena_battle_interfaces/share/arena_battle_interfaces/cmake/arena_battle_interfaces__rosidl_typesupport_cExport.cmake
-- Installing: /home/keepitupp/project_ws/install/arena_battle_interfaces/share/arena_battle_interfaces/cmake/arena_battle_interfaces__rosidl_typesupport_cExport-noconfig.cmake
-- Installing: /home/keepitupp/project_ws/install/arena_battle_interfaces/share/arena_battle_interfaces/cmake/export_arena_battle_interfaces__rosidl_generator_cppExport.cmake
-- Installing: /home/keepitupp/project_ws/install/arena_battle_interfaces/share/arena_battle_interfaces/cmake/export_arena_battle_interfaces__rosidl_typesupport_fastrtps_cppExport.cmake
-- Installing: /home/keepitupp/project_ws/install/arena_battle_interfaces/share/arena_battle_interfaces/cmake/export_arena_battle_interfaces__rosidl_typesupport_fastrtps_cppExport-noconfig.cmake
-- Installing: /home/keepitupp/project_ws/install/arena_battle_interfaces/share/arena_battle_interfaces/cmake/arena_battle_interfaces__rosidl_typesupport_introspection_cppExport.cmake
-- Installing: /home/keepitupp/project_ws/install/arena_battle_interfaces/share/arena_battle_interfaces/cmake/arena_battle_interfaces__rosidl_typesupport_introspection_cppExport-noconfig.cmake
-- Installing: /home/keepitupp/project_ws/install/arena_battle_interfaces/share/arena_battle_interfaces/cmake/arena_battle_interfaces__rosidl_typesupport_cppExport.cmake
-- Installing: /home/keepitupp/project_ws/install/arena_battle_interfaces/share/arena_battle_interfaces/cmake/arena_battle_interfaces__rosidl_typesupport_cppExport-noconfig.cmake
-- Installing: /home/keepitupp/project_ws/install/arena_battle_interfaces/share/arena_battle_interfaces/cmake/export_arena_battle_interfaces__rosidl_generator_pyExport.cmake
-- Installing: /home/keepitupp/project_ws/install/arena_battle_interfaces/share/arena_battle_interfaces/cmake/export_arena_battle_interfaces__rosidl_generator_pyExport-noconfig.cmake
-- Installing: /home/keepitupp/project_ws/install/arena_battle_interfaces/share/arena_battle_interfaces/cmake/rosidl_cmake-extras.cmake
-- Installing: /home/keepitupp/project_ws/install/arena_battle_interfaces/share/arena_battle_interfaces/cmake/ament_cmake_export_include_directories-extras.cmake
-- Installing: /home/keepitupp/project_ws/install/arena_battle_interfaces/share/arena_battle_interfaces/cmake/ament_cmake_export_libraries-extras.cmake
-- Installing: /home/keepitupp/project_ws/install/arena_battle_interfaces/share/arena_battle_interfaces/cmake/ament_cmake_export_targets-extras.cmake
-- Installing: /home/keepitupp/project_ws/install/arena_battle_interfaces/share/arena_battle_interfaces/cmake/rosidl_cmake_export_typesupport_targets-extras.cmake
-- Installing: /home/keepitupp/project_ws/install/arena_battle_interfaces/share/arena_battle_interfaces/cmake/ament_cmake_export_dependencies-extras.cmake
-- Installing: /home/keepitupp/project_ws/install/arena_battle_interfaces/share/arena_battle_interfaces/cmake/rosidl_cmake_export_typesupport_libraries-extras.cmake
-- Installing: /home/keepitupp/project_ws/install/arena_battle_interfaces/share/arena_battle_interfaces/cmake/arena_battle_interfacesConfig.cmake
-- Installing: /home/keepitupp/project_ws/install/arena_battle_interfaces/share/arena_battle_interfaces/cmake/arena_battle_interfacesConfig-version.cmake
-- Installing: /home/keepitupp/project_ws/install/arena_battle_interfaces/share/arena_battle_interfaces/package.xml
