[0.012s] Invoking command in '/home/keepitupp/project_ws/build/arena_battle_interfaces': CMAKE_PREFIX_PATH=${CMAKE_PREFIX_PATH}:/home/keepitupp/turtlebot3_ws/install/turtlebot3_teleop:/home/keepitupp/turtlebot3_ws/install/turtlebot3_example:/home/keepitupp/dev_ws/install/my_package_py:/opt/ros/humble /usr/bin/cmake /home/keepitupp/project_ws/src/arena_battle_interfaces -DCMAKE_INSTALL_PREFIX=/home/keepitupp/project_ws/install/arena_battle_interfaces
[0.196s] -- The C compiler identification is GNU 11.4.0
[0.830s] -- The CXX compiler identification is GNU 11.4.0
[1.280s] -- Detecting C compiler ABI info
[1.513s] -- Detecting C compiler ABI info - done
[1.518s] -- Check for working C compiler: /usr/bin/cc - skipped
[1.518s] -- Detecting C compile features
[1.518s] -- Detecting C compile features - done
[1.520s] -- Detecting CXX compiler ABI info
[1.761s] -- Detecting CXX compiler ABI info - done
[1.765s] -- Check for working CXX compiler: /usr/bin/c++ - skipped
[1.765s] -- Detecting CXX compile features
[1.766s] -- Detecting CXX compile features - done
[1.769s] -- Found ament_cmake: 1.3.14 (/opt/ros/humble/share/ament_cmake/cmake)
[1.894s] -- Found Python3: /usr/bin/python3 (found version "3.10.12") found components: Interpreter 
[1.983s] -- Found rosidl_default_generators: 1.2.1 (/opt/ros/humble/share/rosidl_default_generators/cmake)
[1.990s] -- Using all available rosidl_typesupport_c: rosidl_typesupport_fastrtps_c;rosidl_typesupport_introspection_c
[1.998s] -- Found rosidl_adapter: 3.1.8 (/opt/ros/humble/share/rosidl_adapter/cmake)
[2.171s] -- Using all available rosidl_typesupport_cpp: rosidl_typesupport_fastrtps_cpp;rosidl_typesupport_introspection_cpp
[2.395s] -- Found ament_cmake_ros: 0.10.0 (/opt/ros/humble/share/ament_cmake_ros/cmake)
[2.546s] -- Using all available rosidl_typesupport_c: rosidl_typesupport_fastrtps_c;rosidl_typesupport_introspection_c
[2.731s] -- Using all available rosidl_typesupport_cpp: rosidl_typesupport_fastrtps_cpp;rosidl_typesupport_introspection_cpp
[2.879s] -- Found PythonInterp: /usr/bin/python3 (found suitable version "3.10.12", minimum required is "3.6") 
[2.881s] -- Found python_cmake_module: 0.10.0 (/opt/ros/humble/share/python_cmake_module/cmake)
[3.345s] -- Found PythonLibs: /usr/lib/x86_64-linux-gnu/libpython3.10.so (found suitable version "3.10.12", minimum required is "3.5") 
[3.345s] -- Using PYTHON_EXECUTABLE: /usr/bin/python3
[3.345s] -- Using PYTHON_INCLUDE_DIRS: /usr/include/python3.10
[3.346s] -- Using PYTHON_LIBRARIES: /usr/lib/x86_64-linux-gnu/libpython3.10.so
[3.363s] -- Found PythonExtra: .so  
[3.494s] -- Configuring done
[3.540s] -- Generating done
[3.548s] -- Build files have been written to: /home/keepitupp/project_ws/build/arena_battle_interfaces
[3.557s] Invoked command in '/home/keepitupp/project_ws/build/arena_battle_interfaces' returned '0': CMAKE_PREFIX_PATH=${CMAKE_PREFIX_PATH}:/home/keepitupp/turtlebot3_ws/install/turtlebot3_teleop:/home/keepitupp/turtlebot3_ws/install/turtlebot3_example:/home/keepitupp/dev_ws/install/my_package_py:/opt/ros/humble /usr/bin/cmake /home/keepitupp/project_ws/src/arena_battle_interfaces -DCMAKE_INSTALL_PREFIX=/home/keepitupp/project_ws/install/arena_battle_interfaces
[3.559s] Invoking command in '/home/keepitupp/project_ws/build/arena_battle_interfaces': CMAKE_PREFIX_PATH=${CMAKE_PREFIX_PATH}:/home/keepitupp/turtlebot3_ws/install/turtlebot3_teleop:/home/keepitupp/turtlebot3_ws/install/turtlebot3_example:/home/keepitupp/dev_ws/install/my_package_py:/opt/ros/humble /usr/bin/cmake --build /home/keepitupp/project_ws/build/arena_battle_interfaces -- -j16 -l16
[3.599s] [  3%] [34m[1mGenerating C code for ROS interfaces[0m
[3.609s] [  9%] [34m[1mGenerating Rust code for ROS interfaces[0m
[3.609s] [  9%] [34m[1mGenerating C++ code for ROS interfaces[0m
[3.619s] [  9%] Built target ament_cmake_python_copy_arena_battle_interfaces
[3.796s] [  9%] Built target arena_battle_interfaces__rs
[3.805s] [  9%] Built target arena_battle_interfaces__cpp
[3.806s] [ 12%] [32mBuilding C object CMakeFiles/arena_battle_interfaces__rosidl_generator_c.dir/rosidl_generator_c/arena_battle_interfaces/msg/detail/robot_combat_command__functions.c.o[0m
[3.816s] [ 21%] [34m[1mGenerating C++ type support for eProsima Fast-RTPS[0m
[3.816s] [ 21%] [34m[1mGenerating C++ introspection for ROS interfaces[0m
[3.816s] [ 21%] [34m[1mGenerating C++ type support dispatch for ROS interfaces[0m
[3.819s] running egg_info
[3.819s] creating arena_battle_interfaces.egg-info
[3.820s] writing arena_battle_interfaces.egg-info/PKG-INFO
[3.820s] writing dependency_links to arena_battle_interfaces.egg-info/dependency_links.txt
[3.820s] writing top-level names to arena_battle_interfaces.egg-info/top_level.txt
[3.821s] writing manifest file 'arena_battle_interfaces.egg-info/SOURCES.txt'
[3.823s] reading manifest file 'arena_battle_interfaces.egg-info/SOURCES.txt'
[3.823s] writing manifest file 'arena_battle_interfaces.egg-info/SOURCES.txt'
[3.853s] [ 21%] Built target ament_cmake_python_build_arena_battle_interfaces_egg
[3.869s] [ 25%] [32m[1mLinking C shared library libarena_battle_interfaces__rosidl_generator_c.so[0m
[3.988s] [ 28%] [32mBuilding CXX object CMakeFiles/arena_battle_interfaces__rosidl_typesupport_cpp.dir/rosidl_typesupport_cpp/arena_battle_interfaces/msg/robot_combat_command__type_support.cpp.o[0m
[3.999s] [ 31%] [32mBuilding CXX object CMakeFiles/arena_battle_interfaces__rosidl_typesupport_introspection_cpp.dir/rosidl_typesupport_introspection_cpp/arena_battle_interfaces/msg/detail/robot_combat_command__type_support.cpp.o[0m
[4.007s] [ 34%] [32mBuilding CXX object CMakeFiles/arena_battle_interfaces__rosidl_typesupport_fastrtps_cpp.dir/rosidl_typesupport_fastrtps_cpp/arena_battle_interfaces/msg/detail/dds_fastrtps/robot_combat_command__type_support.cpp.o[0m
[4.116s] [ 34%] Built target arena_battle_interfaces__rosidl_generator_c
[4.128s] [ 37%] [34m[1mGenerating C type support dispatch for ROS interfaces[0m
[4.128s] [ 40%] [34m[1mGenerating C type support for eProsima Fast-RTPS[0m
[4.129s] [ 43%] [34m[1mGenerating C introspection for ROS interfaces[0m
[4.259s] [ 46%] [32m[1mLinking CXX shared library libarena_battle_interfaces__rosidl_typesupport_cpp.so[0m
[4.349s] [ 50%] [32mBuilding CXX object CMakeFiles/arena_battle_interfaces__rosidl_typesupport_c.dir/rosidl_typesupport_c/arena_battle_interfaces/msg/robot_combat_command__type_support.cpp.o[0m
[4.355s] [ 56%] [32m[1mLinking CXX shared library libarena_battle_interfaces__rosidl_typesupport_introspection_cpp.so[0m
[4.355s] [ 56%] [32mBuilding CXX object CMakeFiles/arena_battle_interfaces__rosidl_typesupport_fastrtps_c.dir/rosidl_typesupport_fastrtps_c/arena_battle_interfaces/msg/detail/robot_combat_command__type_support_c.cpp.o[0m
[4.367s] [ 59%] [32mBuilding C object CMakeFiles/arena_battle_interfaces__rosidl_typesupport_introspection_c.dir/rosidl_typesupport_introspection_c/arena_battle_interfaces/msg/detail/robot_combat_command__type_support.c.o[0m
[4.369s] [ 62%] [32m[1mLinking CXX shared library libarena_battle_interfaces__rosidl_typesupport_fastrtps_cpp.so[0m
[4.378s] [ 65%] [32m[1mLinking CXX shared library libarena_battle_interfaces__rosidl_typesupport_c.so[0m
[4.401s] [ 68%] [32m[1mLinking C shared library libarena_battle_interfaces__rosidl_typesupport_introspection_c.so[0m
[4.480s] [ 68%] Built target arena_battle_interfaces__rosidl_typesupport_cpp
[4.549s] [ 68%] Built target arena_battle_interfaces__rosidl_typesupport_introspection_cpp
[4.581s] [ 68%] Built target arena_battle_interfaces__rosidl_typesupport_fastrtps_cpp
[4.585s] [ 68%] Built target arena_battle_interfaces__rosidl_typesupport_c
[4.611s] [ 71%] [32m[1mLinking CXX shared library libarena_battle_interfaces__rosidl_typesupport_fastrtps_c.so[0m
[4.618s] [ 71%] Built target arena_battle_interfaces__rosidl_typesupport_introspection_c
[4.859s] [ 71%] Built target arena_battle_interfaces__rosidl_typesupport_fastrtps_c
[4.881s] [ 71%] Built target arena_battle_interfaces
[4.907s] [ 75%] [34m[1mGenerating Python code for ROS interfaces[0m
[5.101s] [ 75%] Built target arena_battle_interfaces__py
[5.120s] [ 78%] [32mBuilding C object CMakeFiles/arena_battle_interfaces__rosidl_generator_py.dir/rosidl_generator_py/arena_battle_interfaces/msg/_robot_combat_command_s.c.o[0m
[5.236s] [ 81%] [32m[1mLinking C shared library rosidl_generator_py/arena_battle_interfaces/libarena_battle_interfaces__rosidl_generator_py.so[0m
[5.441s] [ 81%] Built target arena_battle_interfaces__rosidl_generator_py
[5.461s] [ 90%] [32mBuilding C object CMakeFiles/arena_battle_interfaces__rosidl_typesupport_fastrtps_c__pyext.dir/rosidl_generator_py/arena_battle_interfaces/_arena_battle_interfaces_s.ep.rosidl_typesupport_fastrtps_c.c.o[0m
[5.461s] [ 90%] [32mBuilding C object CMakeFiles/arena_battle_interfaces__rosidl_typesupport_introspection_c__pyext.dir/rosidl_generator_py/arena_battle_interfaces/_arena_battle_interfaces_s.ep.rosidl_typesupport_introspection_c.c.o[0m
[5.461s] [ 90%] [32mBuilding C object CMakeFiles/arena_battle_interfaces__rosidl_typesupport_c__pyext.dir/rosidl_generator_py/arena_battle_interfaces/_arena_battle_interfaces_s.ep.rosidl_typesupport_c.c.o[0m
[5.539s] [ 96%] [32m[1mLinking C shared library rosidl_generator_py/arena_battle_interfaces/arena_battle_interfaces_s__rosidl_typesupport_c.cpython-310-x86_64-linux-gnu.so[0m
[5.539s] [ 96%] [32m[1mLinking C shared library rosidl_generator_py/arena_battle_interfaces/arena_battle_interfaces_s__rosidl_typesupport_introspection_c.cpython-310-x86_64-linux-gnu.so[0m
[5.540s] [100%] [32m[1mLinking C shared library rosidl_generator_py/arena_battle_interfaces/arena_battle_interfaces_s__rosidl_typesupport_fastrtps_c.cpython-310-x86_64-linux-gnu.so[0m
[5.688s] [100%] Built target arena_battle_interfaces__rosidl_typesupport_c__pyext
[5.688s] [100%] Built target arena_battle_interfaces__rosidl_typesupport_introspection_c__pyext
[5.688s] [100%] Built target arena_battle_interfaces__rosidl_typesupport_fastrtps_c__pyext
[5.699s] Invoked command in '/home/keepitupp/project_ws/build/arena_battle_interfaces' returned '0': CMAKE_PREFIX_PATH=${CMAKE_PREFIX_PATH}:/home/keepitupp/turtlebot3_ws/install/turtlebot3_teleop:/home/keepitupp/turtlebot3_ws/install/turtlebot3_example:/home/keepitupp/dev_ws/install/my_package_py:/opt/ros/humble /usr/bin/cmake --build /home/keepitupp/project_ws/build/arena_battle_interfaces -- -j16 -l16
[5.717s] Invoking command in '/home/keepitupp/project_ws/build/arena_battle_interfaces': CMAKE_PREFIX_PATH=${CMAKE_PREFIX_PATH}:/home/keepitupp/turtlebot3_ws/install/turtlebot3_teleop:/home/keepitupp/turtlebot3_ws/install/turtlebot3_example:/home/keepitupp/dev_ws/install/my_package_py:/opt/ros/humble /usr/bin/cmake --install /home/keepitupp/project_ws/build/arena_battle_interfaces
[5.728s] -- Install configuration: ""
[5.730s] -- Installing: /home/keepitupp/project_ws/install/arena_battle_interfaces/share/ament_index/resource_index/rosidl_interfaces/arena_battle_interfaces
[5.730s] -- Installing: /home/keepitupp/project_ws/install/arena_battle_interfaces/include/arena_battle_interfaces/arena_battle_interfaces
[5.731s] -- Installing: /home/keepitupp/project_ws/install/arena_battle_interfaces/include/arena_battle_interfaces/arena_battle_interfaces/msg
[5.731s] -- Installing: /home/keepitupp/project_ws/install/arena_battle_interfaces/include/arena_battle_interfaces/arena_battle_interfaces/msg/detail
[5.732s] -- Installing: /home/keepitupp/project_ws/install/arena_battle_interfaces/include/arena_battle_interfaces/arena_battle_interfaces/msg/detail/robot_combat_command__functions.c
[5.732s] -- Installing: /home/keepitupp/project_ws/install/arena_battle_interfaces/include/arena_battle_interfaces/arena_battle_interfaces/msg/detail/robot_combat_command__functions.h
[5.732s] -- Installing: /home/keepitupp/project_ws/install/arena_battle_interfaces/include/arena_battle_interfaces/arena_battle_interfaces/msg/detail/robot_combat_command__struct.h
[5.732s] -- Installing: /home/keepitupp/project_ws/install/arena_battle_interfaces/include/arena_battle_interfaces/arena_battle_interfaces/msg/detail/robot_combat_command__type_support.h
[5.733s] -- Installing: /home/keepitupp/project_ws/install/arena_battle_interfaces/include/arena_battle_interfaces/arena_battle_interfaces/msg/robot_combat_command.h
[5.733s] -- Installing: /home/keepitupp/project_ws/install/arena_battle_interfaces/include/arena_battle_interfaces/arena_battle_interfaces/msg/rosidl_generator_c__visibility_control.h
[5.734s] -- Installing: /home/keepitupp/project_ws/install/arena_battle_interfaces/share/arena_battle_interfaces/environment/library_path.sh
[5.734s] -- Installing: /home/keepitupp/project_ws/install/arena_battle_interfaces/share/arena_battle_interfaces/environment/library_path.dsv
[5.734s] -- Installing: /home/keepitupp/project_ws/install/arena_battle_interfaces/lib/libarena_battle_interfaces__rosidl_generator_c.so
[5.735s] -- Set runtime path of "/home/keepitupp/project_ws/install/arena_battle_interfaces/lib/libarena_battle_interfaces__rosidl_generator_c.so" to ""
[5.735s] -- Up-to-date: /home/keepitupp/project_ws/install/arena_battle_interfaces/include/arena_battle_interfaces/arena_battle_interfaces
[5.735s] -- Up-to-date: /home/keepitupp/project_ws/install/arena_battle_interfaces/include/arena_battle_interfaces/arena_battle_interfaces/msg
[5.735s] -- Installing: /home/keepitupp/project_ws/install/arena_battle_interfaces/include/arena_battle_interfaces/arena_battle_interfaces/msg/rosidl_typesupport_fastrtps_c__visibility_control.h
[5.735s] -- Up-to-date: /home/keepitupp/project_ws/install/arena_battle_interfaces/include/arena_battle_interfaces/arena_battle_interfaces/msg/detail
[5.735s] -- Installing: /home/keepitupp/project_ws/install/arena_battle_interfaces/include/arena_battle_interfaces/arena_battle_interfaces/msg/detail/robot_combat_command__rosidl_typesupport_fastrtps_c.h
[5.735s] -- Installing: /home/keepitupp/project_ws/install/arena_battle_interfaces/lib/libarena_battle_interfaces__rosidl_typesupport_fastrtps_c.so
[5.736s] -- Set runtime path of "/home/keepitupp/project_ws/install/arena_battle_interfaces/lib/libarena_battle_interfaces__rosidl_typesupport_fastrtps_c.so" to ""
[5.736s] -- Up-to-date: /home/keepitupp/project_ws/install/arena_battle_interfaces/include/arena_battle_interfaces/arena_battle_interfaces
[5.736s] -- Up-to-date: /home/keepitupp/project_ws/install/arena_battle_interfaces/include/arena_battle_interfaces/arena_battle_interfaces/msg
[5.736s] -- Up-to-date: /home/keepitupp/project_ws/install/arena_battle_interfaces/include/arena_battle_interfaces/arena_battle_interfaces/msg/detail
[5.736s] -- Installing: /home/keepitupp/project_ws/install/arena_battle_interfaces/include/arena_battle_interfaces/arena_battle_interfaces/msg/detail/robot_combat_command__rosidl_typesupport_introspection_c.h
[5.736s] -- Installing: /home/keepitupp/project_ws/install/arena_battle_interfaces/include/arena_battle_interfaces/arena_battle_interfaces/msg/detail/robot_combat_command__type_support.c
[5.736s] -- Installing: /home/keepitupp/project_ws/install/arena_battle_interfaces/include/arena_battle_interfaces/arena_battle_interfaces/msg/rosidl_typesupport_introspection_c__visibility_control.h
[5.737s] -- Installing: /home/keepitupp/project_ws/install/arena_battle_interfaces/lib/libarena_battle_interfaces__rosidl_typesupport_introspection_c.so
[5.737s] -- Set runtime path of "/home/keepitupp/project_ws/install/arena_battle_interfaces/lib/libarena_battle_interfaces__rosidl_typesupport_introspection_c.so" to ""
[5.737s] -- Installing: /home/keepitupp/project_ws/install/arena_battle_interfaces/lib/libarena_battle_interfaces__rosidl_typesupport_c.so
[5.737s] -- Set runtime path of "/home/keepitupp/project_ws/install/arena_battle_interfaces/lib/libarena_battle_interfaces__rosidl_typesupport_c.so" to ""
[5.737s] -- Up-to-date: /home/keepitupp/project_ws/install/arena_battle_interfaces/include/arena_battle_interfaces/arena_battle_interfaces
[5.737s] -- Up-to-date: /home/keepitupp/project_ws/install/arena_battle_interfaces/include/arena_battle_interfaces/arena_battle_interfaces/msg
[5.737s] -- Installing: /home/keepitupp/project_ws/install/arena_battle_interfaces/include/arena_battle_interfaces/arena_battle_interfaces/msg/rosidl_generator_cpp__visibility_control.hpp
[5.738s] -- Up-to-date: /home/keepitupp/project_ws/install/arena_battle_interfaces/include/arena_battle_interfaces/arena_battle_interfaces/msg/detail
[5.738s] -- Installing: /home/keepitupp/project_ws/install/arena_battle_interfaces/include/arena_battle_interfaces/arena_battle_interfaces/msg/detail/robot_combat_command__traits.hpp
[5.738s] -- Installing: /home/keepitupp/project_ws/install/arena_battle_interfaces/include/arena_battle_interfaces/arena_battle_interfaces/msg/detail/robot_combat_command__type_support.hpp
[5.738s] -- Installing: /home/keepitupp/project_ws/install/arena_battle_interfaces/include/arena_battle_interfaces/arena_battle_interfaces/msg/detail/robot_combat_command__builder.hpp
[5.738s] -- Installing: /home/keepitupp/project_ws/install/arena_battle_interfaces/include/arena_battle_interfaces/arena_battle_interfaces/msg/detail/robot_combat_command__struct.hpp
[5.738s] -- Installing: /home/keepitupp/project_ws/install/arena_battle_interfaces/include/arena_battle_interfaces/arena_battle_interfaces/msg/robot_combat_command.hpp
[5.738s] -- Up-to-date: /home/keepitupp/project_ws/install/arena_battle_interfaces/include/arena_battle_interfaces/arena_battle_interfaces
[5.738s] -- Up-to-date: /home/keepitupp/project_ws/install/arena_battle_interfaces/include/arena_battle_interfaces/arena_battle_interfaces/msg
[5.739s] -- Up-to-date: /home/keepitupp/project_ws/install/arena_battle_interfaces/include/arena_battle_interfaces/arena_battle_interfaces/msg/detail
[5.739s] -- Installing: /home/keepitupp/project_ws/install/arena_battle_interfaces/include/arena_battle_interfaces/arena_battle_interfaces/msg/detail/robot_combat_command__rosidl_typesupport_fastrtps_cpp.hpp
[5.739s] -- Installing: /home/keepitupp/project_ws/install/arena_battle_interfaces/include/arena_battle_interfaces/arena_battle_interfaces/msg/detail/dds_fastrtps
[5.739s] -- Installing: /home/keepitupp/project_ws/install/arena_battle_interfaces/include/arena_battle_interfaces/arena_battle_interfaces/msg/rosidl_typesupport_fastrtps_cpp__visibility_control.h
[5.739s] -- Installing: /home/keepitupp/project_ws/install/arena_battle_interfaces/lib/libarena_battle_interfaces__rosidl_typesupport_fastrtps_cpp.so
[5.740s] -- Set runtime path of "/home/keepitupp/project_ws/install/arena_battle_interfaces/lib/libarena_battle_interfaces__rosidl_typesupport_fastrtps_cpp.so" to ""
[5.740s] -- Up-to-date: /home/keepitupp/project_ws/install/arena_battle_interfaces/include/arena_battle_interfaces/arena_battle_interfaces
[5.740s] -- Up-to-date: /home/keepitupp/project_ws/install/arena_battle_interfaces/include/arena_battle_interfaces/arena_battle_interfaces/msg
[5.740s] -- Up-to-date: /home/keepitupp/project_ws/install/arena_battle_interfaces/include/arena_battle_interfaces/arena_battle_interfaces/msg/detail
[5.740s] -- Installing: /home/keepitupp/project_ws/install/arena_battle_interfaces/include/arena_battle_interfaces/arena_battle_interfaces/msg/detail/robot_combat_command__type_support.cpp
[5.740s] -- Installing: /home/keepitupp/project_ws/install/arena_battle_interfaces/include/arena_battle_interfaces/arena_battle_interfaces/msg/detail/robot_combat_command__rosidl_typesupport_introspection_cpp.hpp
[5.740s] -- Installing: /home/keepitupp/project_ws/install/arena_battle_interfaces/lib/libarena_battle_interfaces__rosidl_typesupport_introspection_cpp.so
[5.740s] -- Set runtime path of "/home/keepitupp/project_ws/install/arena_battle_interfaces/lib/libarena_battle_interfaces__rosidl_typesupport_introspection_cpp.so" to ""
[5.741s] -- Installing: /home/keepitupp/project_ws/install/arena_battle_interfaces/lib/libarena_battle_interfaces__rosidl_typesupport_cpp.so
[5.741s] -- Set runtime path of "/home/keepitupp/project_ws/install/arena_battle_interfaces/lib/libarena_battle_interfaces__rosidl_typesupport_cpp.so" to ""
[5.741s] -- Installing: /home/keepitupp/project_ws/install/arena_battle_interfaces/share/arena_battle_interfaces/environment/pythonpath.sh
[5.741s] -- Installing: /home/keepitupp/project_ws/install/arena_battle_interfaces/share/arena_battle_interfaces/environment/pythonpath.dsv
[5.741s] -- Installing: /home/keepitupp/project_ws/install/arena_battle_interfaces/local/lib/python3.10/dist-packages/arena_battle_interfaces-0.0.0-py3.10.egg-info
[5.743s] -- Installing: /home/keepitupp/project_ws/install/arena_battle_interfaces/local/lib/python3.10/dist-packages/arena_battle_interfaces-0.0.0-py3.10.egg-info/top_level.txt
[5.743s] -- Installing: /home/keepitupp/project_ws/install/arena_battle_interfaces/local/lib/python3.10/dist-packages/arena_battle_interfaces-0.0.0-py3.10.egg-info/dependency_links.txt
[5.743s] -- Installing: /home/keepitupp/project_ws/install/arena_battle_interfaces/local/lib/python3.10/dist-packages/arena_battle_interfaces-0.0.0-py3.10.egg-info/PKG-INFO
[5.743s] -- Installing: /home/keepitupp/project_ws/install/arena_battle_interfaces/local/lib/python3.10/dist-packages/arena_battle_interfaces-0.0.0-py3.10.egg-info/SOURCES.txt
[5.743s] -- Installing: /home/keepitupp/project_ws/install/arena_battle_interfaces/local/lib/python3.10/dist-packages/arena_battle_interfaces
[5.744s] -- Installing: /home/keepitupp/project_ws/install/arena_battle_interfaces/local/lib/python3.10/dist-packages/arena_battle_interfaces/arena_battle_interfaces_s__rosidl_typesupport_fastrtps_c.cpython-310-x86_64-linux-gnu.so
[5.744s] -- Installing: /home/keepitupp/project_ws/install/arena_battle_interfaces/local/lib/python3.10/dist-packages/arena_battle_interfaces/_arena_battle_interfaces_s.ep.rosidl_typesupport_introspection_c.c
[5.744s] -- Installing: /home/keepitupp/project_ws/install/arena_battle_interfaces/local/lib/python3.10/dist-packages/arena_battle_interfaces/_arena_battle_interfaces_s.ep.rosidl_typesupport_c.c
[5.744s] -- Installing: /home/keepitupp/project_ws/install/arena_battle_interfaces/local/lib/python3.10/dist-packages/arena_battle_interfaces/arena_battle_interfaces_s__rosidl_typesupport_introspection_c.cpython-310-x86_64-linux-gnu.so
[5.744s] -- Installing: /home/keepitupp/project_ws/install/arena_battle_interfaces/local/lib/python3.10/dist-packages/arena_battle_interfaces/_arena_battle_interfaces_s.ep.rosidl_typesupport_fastrtps_c.c
[5.745s] -- Installing: /home/keepitupp/project_ws/install/arena_battle_interfaces/local/lib/python3.10/dist-packages/arena_battle_interfaces/libarena_battle_interfaces__rosidl_generator_py.so
[5.745s] -- Installing: /home/keepitupp/project_ws/install/arena_battle_interfaces/local/lib/python3.10/dist-packages/arena_battle_interfaces/arena_battle_interfaces_s__rosidl_typesupport_c.cpython-310-x86_64-linux-gnu.so
[5.745s] -- Installing: /home/keepitupp/project_ws/install/arena_battle_interfaces/local/lib/python3.10/dist-packages/arena_battle_interfaces/__init__.py
[5.745s] -- Installing: /home/keepitupp/project_ws/install/arena_battle_interfaces/local/lib/python3.10/dist-packages/arena_battle_interfaces/msg
[5.745s] -- Installing: /home/keepitupp/project_ws/install/arena_battle_interfaces/local/lib/python3.10/dist-packages/arena_battle_interfaces/msg/_robot_combat_command_s.c
[5.746s] -- Installing: /home/keepitupp/project_ws/install/arena_battle_interfaces/local/lib/python3.10/dist-packages/arena_battle_interfaces/msg/_robot_combat_command.py
[5.746s] -- Installing: /home/keepitupp/project_ws/install/arena_battle_interfaces/local/lib/python3.10/dist-packages/arena_battle_interfaces/msg/__init__.py
[5.776s] Listing '/home/keepitupp/project_ws/install/arena_battle_interfaces/local/lib/python3.10/dist-packages/arena_battle_interfaces'...
[5.776s] Compiling '/home/keepitupp/project_ws/install/arena_battle_interfaces/local/lib/python3.10/dist-packages/arena_battle_interfaces/__init__.py'...
[5.776s] Listing '/home/keepitupp/project_ws/install/arena_battle_interfaces/local/lib/python3.10/dist-packages/arena_battle_interfaces/msg'...
[5.776s] Compiling '/home/keepitupp/project_ws/install/arena_battle_interfaces/local/lib/python3.10/dist-packages/arena_battle_interfaces/msg/__init__.py'...
[5.776s] Compiling '/home/keepitupp/project_ws/install/arena_battle_interfaces/local/lib/python3.10/dist-packages/arena_battle_interfaces/msg/_robot_combat_command.py'...
[5.780s] -- Installing: /home/keepitupp/project_ws/install/arena_battle_interfaces/local/lib/python3.10/dist-packages/arena_battle_interfaces/arena_battle_interfaces_s__rosidl_typesupport_fastrtps_c.cpython-310-x86_64-linux-gnu.so
[5.780s] -- Set runtime path of "/home/keepitupp/project_ws/install/arena_battle_interfaces/local/lib/python3.10/dist-packages/arena_battle_interfaces/arena_battle_interfaces_s__rosidl_typesupport_fastrtps_c.cpython-310-x86_64-linux-gnu.so" to ""
[5.780s] -- Installing: /home/keepitupp/project_ws/install/arena_battle_interfaces/local/lib/python3.10/dist-packages/arena_battle_interfaces/arena_battle_interfaces_s__rosidl_typesupport_introspection_c.cpython-310-x86_64-linux-gnu.so
[5.781s] -- Set runtime path of "/home/keepitupp/project_ws/install/arena_battle_interfaces/local/lib/python3.10/dist-packages/arena_battle_interfaces/arena_battle_interfaces_s__rosidl_typesupport_introspection_c.cpython-310-x86_64-linux-gnu.so" to ""
[5.781s] -- Installing: /home/keepitupp/project_ws/install/arena_battle_interfaces/local/lib/python3.10/dist-packages/arena_battle_interfaces/arena_battle_interfaces_s__rosidl_typesupport_c.cpython-310-x86_64-linux-gnu.so
[5.781s] -- Set runtime path of "/home/keepitupp/project_ws/install/arena_battle_interfaces/local/lib/python3.10/dist-packages/arena_battle_interfaces/arena_battle_interfaces_s__rosidl_typesupport_c.cpython-310-x86_64-linux-gnu.so" to ""
[5.781s] -- Installing: /home/keepitupp/project_ws/install/arena_battle_interfaces/lib/libarena_battle_interfaces__rosidl_generator_py.so
[5.782s] -- Set runtime path of "/home/keepitupp/project_ws/install/arena_battle_interfaces/lib/libarena_battle_interfaces__rosidl_generator_py.so" to ""
[5.782s] -- Installing: /home/keepitupp/project_ws/install/arena_battle_interfaces/share/ament_index/resource_index/rust_packages/arena_battle_interfaces
[5.782s] -- Installing: /home/keepitupp/project_ws/install/arena_battle_interfaces/share/arena_battle_interfaces/rust
[5.783s] -- Installing: /home/keepitupp/project_ws/install/arena_battle_interfaces/share/arena_battle_interfaces/rust/src
[5.783s] -- Installing: /home/keepitupp/project_ws/install/arena_battle_interfaces/share/arena_battle_interfaces/rust/src/msg.rs
[5.783s] -- Installing: /home/keepitupp/project_ws/install/arena_battle_interfaces/share/arena_battle_interfaces/rust/src/lib.rs
[5.784s] -- Installing: /home/keepitupp/project_ws/install/arena_battle_interfaces/share/arena_battle_interfaces/rust/src/msg
[5.784s] -- Installing: /home/keepitupp/project_ws/install/arena_battle_interfaces/share/arena_battle_interfaces/rust/src/msg/rmw.rs
[5.784s] -- Installing: /home/keepitupp/project_ws/install/arena_battle_interfaces/share/arena_battle_interfaces/rust/build.rs
[5.784s] -- Installing: /home/keepitupp/project_ws/install/arena_battle_interfaces/share/arena_battle_interfaces/rust/Cargo.toml
[5.785s] -- Installing: /home/keepitupp/project_ws/install/arena_battle_interfaces/share/arena_battle_interfaces/msg/RobotCombatCommand.idl
[5.785s] -- Installing: /home/keepitupp/project_ws/install/arena_battle_interfaces/share/arena_battle_interfaces/msg/RobotCombatCommand.msg
[5.785s] -- Installing: /home/keepitupp/project_ws/install/arena_battle_interfaces/share/ament_index/resource_index/package_run_dependencies/arena_battle_interfaces
[5.786s] -- Installing: /home/keepitupp/project_ws/install/arena_battle_interfaces/share/ament_index/resource_index/parent_prefix_path/arena_battle_interfaces
[5.786s] -- Installing: /home/keepitupp/project_ws/install/arena_battle_interfaces/share/arena_battle_interfaces/environment/ament_prefix_path.sh
[5.786s] -- Installing: /home/keepitupp/project_ws/install/arena_battle_interfaces/share/arena_battle_interfaces/environment/ament_prefix_path.dsv
[5.787s] -- Installing: /home/keepitupp/project_ws/install/arena_battle_interfaces/share/arena_battle_interfaces/environment/path.sh
[5.787s] -- Installing: /home/keepitupp/project_ws/install/arena_battle_interfaces/share/arena_battle_interfaces/environment/path.dsv
[5.787s] -- Installing: /home/keepitupp/project_ws/install/arena_battle_interfaces/share/arena_battle_interfaces/local_setup.bash
[5.787s] -- Installing: /home/keepitupp/project_ws/install/arena_battle_interfaces/share/arena_battle_interfaces/local_setup.sh
[5.787s] -- Installing: /home/keepitupp/project_ws/install/arena_battle_interfaces/share/arena_battle_interfaces/local_setup.zsh
[5.788s] -- Installing: /home/keepitupp/project_ws/install/arena_battle_interfaces/share/arena_battle_interfaces/local_setup.dsv
[5.788s] -- Installing: /home/keepitupp/project_ws/install/arena_battle_interfaces/share/arena_battle_interfaces/package.dsv
[5.788s] -- Installing: /home/keepitupp/project_ws/install/arena_battle_interfaces/share/ament_index/resource_index/packages/arena_battle_interfaces
[5.789s] -- Installing: /home/keepitupp/project_ws/install/arena_battle_interfaces/share/arena_battle_interfaces/cmake/export_arena_battle_interfaces__rosidl_generator_cExport.cmake
[5.789s] -- Installing: /home/keepitupp/project_ws/install/arena_battle_interfaces/share/arena_battle_interfaces/cmake/export_arena_battle_interfaces__rosidl_generator_cExport-noconfig.cmake
[5.789s] -- Installing: /home/keepitupp/project_ws/install/arena_battle_interfaces/share/arena_battle_interfaces/cmake/export_arena_battle_interfaces__rosidl_typesupport_fastrtps_cExport.cmake
[5.789s] -- Installing: /home/keepitupp/project_ws/install/arena_battle_interfaces/share/arena_battle_interfaces/cmake/export_arena_battle_interfaces__rosidl_typesupport_fastrtps_cExport-noconfig.cmake
[5.790s] -- Installing: /home/keepitupp/project_ws/install/arena_battle_interfaces/share/arena_battle_interfaces/cmake/arena_battle_interfaces__rosidl_typesupport_introspection_cExport.cmake
[5.790s] -- Installing: /home/keepitupp/project_ws/install/arena_battle_interfaces/share/arena_battle_interfaces/cmake/arena_battle_interfaces__rosidl_typesupport_introspection_cExport-noconfig.cmake
[5.790s] -- Installing: /home/keepitupp/project_ws/install/arena_battle_interfaces/share/arena_battle_interfaces/cmake/arena_battle_interfaces__rosidl_typesupport_cExport.cmake
[5.790s] -- Installing: /home/keepitupp/project_ws/install/arena_battle_interfaces/share/arena_battle_interfaces/cmake/arena_battle_interfaces__rosidl_typesupport_cExport-noconfig.cmake
[5.790s] -- Installing: /home/keepitupp/project_ws/install/arena_battle_interfaces/share/arena_battle_interfaces/cmake/export_arena_battle_interfaces__rosidl_generator_cppExport.cmake
[5.791s] -- Installing: /home/keepitupp/project_ws/install/arena_battle_interfaces/share/arena_battle_interfaces/cmake/export_arena_battle_interfaces__rosidl_typesupport_fastrtps_cppExport.cmake
[5.791s] -- Installing: /home/keepitupp/project_ws/install/arena_battle_interfaces/share/arena_battle_interfaces/cmake/export_arena_battle_interfaces__rosidl_typesupport_fastrtps_cppExport-noconfig.cmake
[5.791s] -- Installing: /home/keepitupp/project_ws/install/arena_battle_interfaces/share/arena_battle_interfaces/cmake/arena_battle_interfaces__rosidl_typesupport_introspection_cppExport.cmake
[5.791s] -- Installing: /home/keepitupp/project_ws/install/arena_battle_interfaces/share/arena_battle_interfaces/cmake/arena_battle_interfaces__rosidl_typesupport_introspection_cppExport-noconfig.cmake
[5.791s] -- Installing: /home/keepitupp/project_ws/install/arena_battle_interfaces/share/arena_battle_interfaces/cmake/arena_battle_interfaces__rosidl_typesupport_cppExport.cmake
[5.792s] -- Installing: /home/keepitupp/project_ws/install/arena_battle_interfaces/share/arena_battle_interfaces/cmake/arena_battle_interfaces__rosidl_typesupport_cppExport-noconfig.cmake
[5.792s] -- Installing: /home/keepitupp/project_ws/install/arena_battle_interfaces/share/arena_battle_interfaces/cmake/export_arena_battle_interfaces__rosidl_generator_pyExport.cmake
[5.792s] -- Installing: /home/keepitupp/project_ws/install/arena_battle_interfaces/share/arena_battle_interfaces/cmake/export_arena_battle_interfaces__rosidl_generator_pyExport-noconfig.cmake
[5.792s] -- Installing: /home/keepitupp/project_ws/install/arena_battle_interfaces/share/arena_battle_interfaces/cmake/rosidl_cmake-extras.cmake
[5.792s] -- Installing: /home/keepitupp/project_ws/install/arena_battle_interfaces/share/arena_battle_interfaces/cmake/ament_cmake_export_include_directories-extras.cmake
[5.793s] -- Installing: /home/keepitupp/project_ws/install/arena_battle_interfaces/share/arena_battle_interfaces/cmake/ament_cmake_export_libraries-extras.cmake
[5.793s] -- Installing: /home/keepitupp/project_ws/install/arena_battle_interfaces/share/arena_battle_interfaces/cmake/ament_cmake_export_targets-extras.cmake
[5.793s] -- Installing: /home/keepitupp/project_ws/install/arena_battle_interfaces/share/arena_battle_interfaces/cmake/rosidl_cmake_export_typesupport_targets-extras.cmake
[5.793s] -- Installing: /home/keepitupp/project_ws/install/arena_battle_interfaces/share/arena_battle_interfaces/cmake/ament_cmake_export_dependencies-extras.cmake
[5.793s] -- Installing: /home/keepitupp/project_ws/install/arena_battle_interfaces/share/arena_battle_interfaces/cmake/rosidl_cmake_export_typesupport_libraries-extras.cmake
[5.793s] -- Installing: /home/keepitupp/project_ws/install/arena_battle_interfaces/share/arena_battle_interfaces/cmake/arena_battle_interfacesConfig.cmake
[5.794s] -- Installing: /home/keepitupp/project_ws/install/arena_battle_interfaces/share/arena_battle_interfaces/cmake/arena_battle_interfacesConfig-version.cmake
[5.794s] -- Installing: /home/keepitupp/project_ws/install/arena_battle_interfaces/share/arena_battle_interfaces/package.xml
[5.797s] Invoked command in '/home/keepitupp/project_ws/build/arena_battle_interfaces' returned '0': CMAKE_PREFIX_PATH=${CMAKE_PREFIX_PATH}:/home/keepitupp/turtlebot3_ws/install/turtlebot3_teleop:/home/keepitupp/turtlebot3_ws/install/turtlebot3_example:/home/keepitupp/dev_ws/install/my_package_py:/opt/ros/humble /usr/bin/cmake --install /home/keepitupp/project_ws/build/arena_battle_interfaces
