[0.253s] DEBUG:colcon:Command line arguments: ['/usr/bin/colcon', 'build', '--symlink-install']
[0.253s] DEBUG:colcon:Parsed command line arguments: Namespace(log_base=None, log_level=None, verb_name='build', build_base='build', install_base='install', merge_install=False, symlink_install=True, test_result_base=None, continue_on_error=False, executor='parallel', parallel_workers=16, event_handlers=None, ignore_user_meta=False, metas=['./colcon.meta'], base_paths=['.'], packages_ignore=None, packages_ignore_regex=None, paths=None, packages_up_to=None, packages_up_to_regex=None, packages_above=None, packages_above_and_dependencies=None, packages_above_depth=None, packages_select_by_dep=None, packages_skip_by_dep=None, packages_skip_up_to=None, packages_select_build_failed=False, packages_skip_build_finished=False, packages_select_test_failures=False, packages_skip_test_passed=False, packages_select=None, packages_skip=None, packages_select_regex=None, packages_skip_regex=None, packages_start=None, packages_end=None, allow_overriding=[], cmake_args=None, cmake_target=None, cmake_target_skip_unavailable=False, cmake_clean_cache=False, cmake_clean_first=False, cmake_force_configure=False, ament_cmake_args=None, catkin_cmake_args=None, catkin_skip_building_tests=False, mixin_files=None, mixin=None, verb_parser=<colcon_mixin.mixin.mixin_argument.MixinArgumentDecorator object at 0x73a5800cb880>, verb_extension=<colcon_core.verb.build.BuildVerb object at 0x73a5800cb3a0>, main=<bound method BuildVerb.main of <colcon_core.verb.build.BuildVerb object at 0x73a5800cb3a0>>, mixin_verb=('build',))
[0.425s] Level 1:colcon.colcon_core.package_discovery:discover_packages(colcon_meta) check parameters
[0.425s] Level 1:colcon.colcon_core.package_discovery:discover_packages(recursive) check parameters
[0.425s] Level 1:colcon.colcon_core.package_discovery:discover_packages(ignore) check parameters
[0.425s] Level 1:colcon.colcon_core.package_discovery:discover_packages(path) check parameters
[0.425s] Level 1:colcon.colcon_core.package_discovery:discover_packages(colcon_meta) discover
[0.425s] Level 1:colcon.colcon_core.package_discovery:discover_packages(recursive) discover
[0.425s] INFO:colcon.colcon_core.package_discovery:Crawling recursively for packages in '/home/keepitupp/project_ws'
[0.425s] Level 1:colcon.colcon_core.package_identification:_identify(.) by extensions ['ignore', 'ignore_ament_install']
[0.425s] Level 1:colcon.colcon_core.package_identification:_identify(.) by extension 'ignore'
[0.426s] Level 1:colcon.colcon_core.package_identification:_identify(.) by extension 'ignore_ament_install'
[0.426s] Level 1:colcon.colcon_core.package_identification:_identify(.) by extensions ['colcon_pkg']
[0.426s] Level 1:colcon.colcon_core.package_identification:_identify(.) by extension 'colcon_pkg'
[0.426s] Level 1:colcon.colcon_core.package_identification:_identify(.) by extensions ['colcon_meta']
[0.426s] Level 1:colcon.colcon_core.package_identification:_identify(.) by extension 'colcon_meta'
[0.426s] Level 1:colcon.colcon_core.package_identification:_identify(.) by extensions ['ros']
[0.426s] Level 1:colcon.colcon_core.package_identification:_identify(.) by extension 'ros'
[0.436s] Level 1:colcon.colcon_core.package_identification:_identify(.) by extensions ['cmake', 'python']
[0.436s] Level 1:colcon.colcon_core.package_identification:_identify(.) by extension 'cmake'
[0.436s] Level 1:colcon.colcon_core.package_identification:_identify(.) by extension 'python'
[0.436s] Level 1:colcon.colcon_core.package_identification:_identify(.) by extensions ['python_setup_py']
[0.436s] Level 1:colcon.colcon_core.package_identification:_identify(.) by extension 'python_setup_py'
[0.436s] Level 1:colcon.colcon_core.package_identification:_identify(build) by extensions ['ignore', 'ignore_ament_install']
[0.436s] Level 1:colcon.colcon_core.package_identification:_identify(build) by extension 'ignore'
[0.436s] Level 1:colcon.colcon_core.package_identification:_identify(build) ignored
[0.436s] Level 1:colcon.colcon_core.package_identification:_identify(install) by extensions ['ignore', 'ignore_ament_install']
[0.436s] Level 1:colcon.colcon_core.package_identification:_identify(install) by extension 'ignore'
[0.436s] Level 1:colcon.colcon_core.package_identification:_identify(install) ignored
[0.436s] Level 1:colcon.colcon_core.package_identification:_identify(log) by extensions ['ignore', 'ignore_ament_install']
[0.436s] Level 1:colcon.colcon_core.package_identification:_identify(log) by extension 'ignore'
[0.436s] Level 1:colcon.colcon_core.package_identification:_identify(log) ignored
[0.436s] Level 1:colcon.colcon_core.package_identification:_identify(src) by extensions ['ignore', 'ignore_ament_install']
[0.436s] Level 1:colcon.colcon_core.package_identification:_identify(src) by extension 'ignore'
[0.436s] Level 1:colcon.colcon_core.package_identification:_identify(src) by extension 'ignore_ament_install'
[0.436s] Level 1:colcon.colcon_core.package_identification:_identify(src) by extensions ['colcon_pkg']
[0.436s] Level 1:colcon.colcon_core.package_identification:_identify(src) by extension 'colcon_pkg'
[0.436s] Level 1:colcon.colcon_core.package_identification:_identify(src) by extensions ['colcon_meta']
[0.436s] Level 1:colcon.colcon_core.package_identification:_identify(src) by extension 'colcon_meta'
[0.437s] Level 1:colcon.colcon_core.package_identification:_identify(src) by extensions ['ros']
[0.437s] Level 1:colcon.colcon_core.package_identification:_identify(src) by extension 'ros'
[0.437s] Level 1:colcon.colcon_core.package_identification:_identify(src) by extensions ['cmake', 'python']
[0.437s] Level 1:colcon.colcon_core.package_identification:_identify(src) by extension 'cmake'
[0.437s] Level 1:colcon.colcon_core.package_identification:_identify(src) by extension 'python'
[0.437s] Level 1:colcon.colcon_core.package_identification:_identify(src) by extensions ['python_setup_py']
[0.437s] Level 1:colcon.colcon_core.package_identification:_identify(src) by extension 'python_setup_py'
[0.437s] Level 1:colcon.colcon_core.package_identification:_identify(src/arena_battle) by extensions ['ignore', 'ignore_ament_install']
[0.437s] Level 1:colcon.colcon_core.package_identification:_identify(src/arena_battle) by extension 'ignore'
[0.437s] Level 1:colcon.colcon_core.package_identification:_identify(src/arena_battle) by extension 'ignore_ament_install'
[0.437s] Level 1:colcon.colcon_core.package_identification:_identify(src/arena_battle) by extensions ['colcon_pkg']
[0.437s] Level 1:colcon.colcon_core.package_identification:_identify(src/arena_battle) by extension 'colcon_pkg'
[0.437s] Level 1:colcon.colcon_core.package_identification:_identify(src/arena_battle) by extensions ['colcon_meta']
[0.437s] Level 1:colcon.colcon_core.package_identification:_identify(src/arena_battle) by extension 'colcon_meta'
[0.437s] Level 1:colcon.colcon_core.package_identification:_identify(src/arena_battle) by extensions ['ros']
[0.437s] Level 1:colcon.colcon_core.package_identification:_identify(src/arena_battle) by extension 'ros'
[0.439s] DEBUG:colcon.colcon_core.package_identification:Package 'src/arena_battle' with type 'ros.ament_python' and name 'arena_battle'
[0.439s] Level 1:colcon.colcon_core.package_identification:_identify(src/arena_battle_interfaces) by extensions ['ignore', 'ignore_ament_install']
[0.439s] Level 1:colcon.colcon_core.package_identification:_identify(src/arena_battle_interfaces) by extension 'ignore'
[0.439s] Level 1:colcon.colcon_core.package_identification:_identify(src/arena_battle_interfaces) by extension 'ignore_ament_install'
[0.439s] Level 1:colcon.colcon_core.package_identification:_identify(src/arena_battle_interfaces) by extensions ['colcon_pkg']
[0.439s] Level 1:colcon.colcon_core.package_identification:_identify(src/arena_battle_interfaces) by extension 'colcon_pkg'
[0.439s] Level 1:colcon.colcon_core.package_identification:_identify(src/arena_battle_interfaces) by extensions ['colcon_meta']
[0.439s] Level 1:colcon.colcon_core.package_identification:_identify(src/arena_battle_interfaces) by extension 'colcon_meta'
[0.440s] Level 1:colcon.colcon_core.package_identification:_identify(src/arena_battle_interfaces) by extensions ['ros']
[0.440s] Level 1:colcon.colcon_core.package_identification:_identify(src/arena_battle_interfaces) by extension 'ros'
[0.440s] DEBUG:colcon.colcon_core.package_identification:Package 'src/arena_battle_interfaces' with type 'ros.ament_cmake' and name 'arena_battle_interfaces'
[0.440s] Level 1:colcon.colcon_core.package_discovery:discover_packages(recursive) using defaults
[0.440s] Level 1:colcon.colcon_core.package_discovery:discover_packages(ignore) discover
[0.440s] Level 1:colcon.colcon_core.package_discovery:discover_packages(ignore) using defaults
[0.440s] Level 1:colcon.colcon_core.package_discovery:discover_packages(path) discover
[0.440s] Level 1:colcon.colcon_core.package_discovery:discover_packages(path) using defaults
[0.488s] Level 1:colcon.colcon_core.package_discovery:discover_packages(prefix_path) check parameters
[0.488s] Level 1:colcon.colcon_core.package_discovery:discover_packages(prefix_path) discover
[0.489s] WARNING:colcon.colcon_ros.prefix_path.ament:The path '/home/keepitupp/project_ws/install/arena_battle' in the environment variable AMENT_PREFIX_PATH doesn't exist
[0.489s] WARNING:colcon.colcon_ros.prefix_path.ament:The path '/home/keepitupp/project_ws/install/arena_battle_interfaces' in the environment variable AMENT_PREFIX_PATH doesn't exist
[0.490s] WARNING:colcon.colcon_ros.prefix_path.catkin:The path '/home/keepitupp/project_ws/install/arena_battle_interfaces' in the environment variable CMAKE_PREFIX_PATH doesn't exist
[0.490s] DEBUG:colcon.colcon_installed_package_information.package_discovery:Found 0 installed packages in /home/keepitupp/project_ws/install
[0.491s] DEBUG:colcon.colcon_installed_package_information.package_discovery:Found 12 installed packages in /home/keepitupp/turtlebot3_ws/install
[0.491s] DEBUG:colcon.colcon_installed_package_information.package_discovery:Found 3 installed packages in /home/keepitupp/dev_ws/install
[0.492s] DEBUG:colcon.colcon_installed_package_information.package_discovery:Found 0 installed packages in /home/keepitupp/ros2_ws/install
[0.495s] DEBUG:colcon.colcon_installed_package_information.package_discovery:Found 284 installed packages in /opt/ros/humble
[0.496s] Level 1:colcon.colcon_core.package_discovery:discover_packages(prefix_path) using defaults
[0.531s] Level 5:colcon.colcon_core.verb:set package 'arena_battle_interfaces' build argument 'cmake_args' from command line to 'None'
[0.531s] Level 5:colcon.colcon_core.verb:set package 'arena_battle_interfaces' build argument 'cmake_target' from command line to 'None'
[0.531s] Level 5:colcon.colcon_core.verb:set package 'arena_battle_interfaces' build argument 'cmake_target_skip_unavailable' from command line to 'False'
[0.531s] Level 5:colcon.colcon_core.verb:set package 'arena_battle_interfaces' build argument 'cmake_clean_cache' from command line to 'False'
[0.531s] Level 5:colcon.colcon_core.verb:set package 'arena_battle_interfaces' build argument 'cmake_clean_first' from command line to 'False'
[0.531s] Level 5:colcon.colcon_core.verb:set package 'arena_battle_interfaces' build argument 'cmake_force_configure' from command line to 'False'
[0.531s] Level 5:colcon.colcon_core.verb:set package 'arena_battle_interfaces' build argument 'ament_cmake_args' from command line to 'None'
[0.531s] Level 5:colcon.colcon_core.verb:set package 'arena_battle_interfaces' build argument 'catkin_cmake_args' from command line to 'None'
[0.531s] Level 5:colcon.colcon_core.verb:set package 'arena_battle_interfaces' build argument 'catkin_skip_building_tests' from command line to 'False'
[0.531s] DEBUG:colcon.colcon_core.verb:Building package 'arena_battle_interfaces' with the following arguments: {'ament_cmake_args': None, 'build_base': '/home/keepitupp/project_ws/build/arena_battle_interfaces', 'catkin_cmake_args': None, 'catkin_skip_building_tests': False, 'cmake_args': None, 'cmake_clean_cache': False, 'cmake_clean_first': False, 'cmake_force_configure': False, 'cmake_target': None, 'cmake_target_skip_unavailable': False, 'install_base': '/home/keepitupp/project_ws/install/arena_battle_interfaces', 'merge_install': False, 'path': '/home/keepitupp/project_ws/src/arena_battle_interfaces', 'symlink_install': True, 'test_result_base': None}
[0.532s] Level 5:colcon.colcon_core.verb:set package 'arena_battle' build argument 'cmake_args' from command line to 'None'
[0.532s] Level 5:colcon.colcon_core.verb:set package 'arena_battle' build argument 'cmake_target' from command line to 'None'
[0.532s] Level 5:colcon.colcon_core.verb:set package 'arena_battle' build argument 'cmake_target_skip_unavailable' from command line to 'False'
[0.532s] Level 5:colcon.colcon_core.verb:set package 'arena_battle' build argument 'cmake_clean_cache' from command line to 'False'
[0.532s] Level 5:colcon.colcon_core.verb:set package 'arena_battle' build argument 'cmake_clean_first' from command line to 'False'
[0.532s] Level 5:colcon.colcon_core.verb:set package 'arena_battle' build argument 'cmake_force_configure' from command line to 'False'
[0.532s] Level 5:colcon.colcon_core.verb:set package 'arena_battle' build argument 'ament_cmake_args' from command line to 'None'
[0.532s] Level 5:colcon.colcon_core.verb:set package 'arena_battle' build argument 'catkin_cmake_args' from command line to 'None'
[0.532s] Level 5:colcon.colcon_core.verb:set package 'arena_battle' build argument 'catkin_skip_building_tests' from command line to 'False'
[0.532s] DEBUG:colcon.colcon_core.verb:Building package 'arena_battle' with the following arguments: {'ament_cmake_args': None, 'build_base': '/home/keepitupp/project_ws/build/arena_battle', 'catkin_cmake_args': None, 'catkin_skip_building_tests': False, 'cmake_args': None, 'cmake_clean_cache': False, 'cmake_clean_first': False, 'cmake_force_configure': False, 'cmake_target': None, 'cmake_target_skip_unavailable': False, 'install_base': '/home/keepitupp/project_ws/install/arena_battle', 'merge_install': False, 'path': '/home/keepitupp/project_ws/src/arena_battle', 'symlink_install': True, 'test_result_base': None}
[0.532s] INFO:colcon.colcon_core.executor:Executing jobs using 'parallel' executor
[0.534s] DEBUG:colcon.colcon_parallel_executor.executor.parallel:run_until_complete
[0.535s] INFO:colcon.colcon_ros.task.ament_cmake.build:Building ROS package in '/home/keepitupp/project_ws/src/arena_battle_interfaces' with build type 'ament_cmake'
[0.535s] INFO:colcon.colcon_cmake.task.cmake.build:Building CMake package in '/home/keepitupp/project_ws/src/arena_battle_interfaces'
[0.538s] INFO:colcon.colcon_core.plugin_system:Skipping extension 'colcon_core.shell.bat': Not used on non-Windows systems
[0.538s] INFO:colcon.colcon_core.shell:Skip shell extension 'powershell' for command environment: Not usable outside of PowerShell
[0.538s] DEBUG:colcon.colcon_core.shell:Skip shell extension 'dsv' for command environment
[0.552s] DEBUG:colcon.colcon_core.event_handler.log_command:Invoking command in '/home/keepitupp/project_ws/build/arena_battle_interfaces': CMAKE_PREFIX_PATH=${CMAKE_PREFIX_PATH}:/home/keepitupp/project_ws/install/arena_battle:/home/keepitupp/dev_ws/install/my_package_py:/home/keepitupp/turtlebot3_ws/install/turtlebot3_teleop:/home/keepitupp/turtlebot3_ws/install/turtlebot3_example:/opt/ros/humble /usr/bin/cmake /home/keepitupp/project_ws/src/arena_battle_interfaces -DAMENT_CMAKE_SYMLINK_INSTALL=1 -DCMAKE_INSTALL_PREFIX=/home/keepitupp/project_ws/install/arena_battle_interfaces
[5.979s] DEBUG:colcon.colcon_core.event_handler.log_command:Invoked command in '/home/keepitupp/project_ws/build/arena_battle_interfaces' returned '0': CMAKE_PREFIX_PATH=${CMAKE_PREFIX_PATH}:/home/keepitupp/project_ws/install/arena_battle:/home/keepitupp/dev_ws/install/my_package_py:/home/keepitupp/turtlebot3_ws/install/turtlebot3_teleop:/home/keepitupp/turtlebot3_ws/install/turtlebot3_example:/opt/ros/humble /usr/bin/cmake /home/keepitupp/project_ws/src/arena_battle_interfaces -DAMENT_CMAKE_SYMLINK_INSTALL=1 -DCMAKE_INSTALL_PREFIX=/home/keepitupp/project_ws/install/arena_battle_interfaces
[5.981s] DEBUG:colcon.colcon_core.event_handler.log_command:Invoking command in '/home/keepitupp/project_ws/build/arena_battle_interfaces': CMAKE_PREFIX_PATH=${CMAKE_PREFIX_PATH}:/home/keepitupp/project_ws/install/arena_battle:/home/keepitupp/dev_ws/install/my_package_py:/home/keepitupp/turtlebot3_ws/install/turtlebot3_teleop:/home/keepitupp/turtlebot3_ws/install/turtlebot3_example:/opt/ros/humble /usr/bin/cmake --build /home/keepitupp/project_ws/build/arena_battle_interfaces -- -j16 -l16
[8.808s] DEBUG:colcon.colcon_core.event_handler.log_command:Invoked command in '/home/keepitupp/project_ws/build/arena_battle_interfaces' returned '0': CMAKE_PREFIX_PATH=${CMAKE_PREFIX_PATH}:/home/keepitupp/project_ws/install/arena_battle:/home/keepitupp/dev_ws/install/my_package_py:/home/keepitupp/turtlebot3_ws/install/turtlebot3_teleop:/home/keepitupp/turtlebot3_ws/install/turtlebot3_example:/opt/ros/humble /usr/bin/cmake --build /home/keepitupp/project_ws/build/arena_battle_interfaces -- -j16 -l16
[8.819s] DEBUG:colcon.colcon_core.event_handler.log_command:Invoking command in '/home/keepitupp/project_ws/build/arena_battle_interfaces': CMAKE_PREFIX_PATH=${CMAKE_PREFIX_PATH}:/home/keepitupp/project_ws/install/arena_battle:/home/keepitupp/dev_ws/install/my_package_py:/home/keepitupp/turtlebot3_ws/install/turtlebot3_teleop:/home/keepitupp/turtlebot3_ws/install/turtlebot3_example:/opt/ros/humble /usr/bin/cmake --install /home/keepitupp/project_ws/build/arena_battle_interfaces
[9.617s] Level 1:colcon.colcon_core.environment:create_environment_scripts_only(arena_battle_interfaces)
[9.617s] DEBUG:colcon.colcon_core.event_handler.log_command:Invoked command in '/home/keepitupp/project_ws/build/arena_battle_interfaces' returned '0': CMAKE_PREFIX_PATH=${CMAKE_PREFIX_PATH}:/home/keepitupp/project_ws/install/arena_battle:/home/keepitupp/dev_ws/install/my_package_py:/home/keepitupp/turtlebot3_ws/install/turtlebot3_teleop:/home/keepitupp/turtlebot3_ws/install/turtlebot3_example:/opt/ros/humble /usr/bin/cmake --install /home/keepitupp/project_ws/build/arena_battle_interfaces
[9.619s] Level 1:colcon.colcon_core.environment:checking '/home/keepitupp/project_ws/install/arena_battle_interfaces' for CMake module files
[9.620s] Level 1:colcon.colcon_core.environment:checking '/home/keepitupp/project_ws/install/arena_battle_interfaces' for CMake config files
[9.621s] Level 1:colcon.colcon_core.shell:create_environment_hook('arena_battle_interfaces', 'cmake_prefix_path')
[9.621s] INFO:colcon.colcon_core.shell:Creating environment hook '/home/keepitupp/project_ws/install/arena_battle_interfaces/share/arena_battle_interfaces/hook/cmake_prefix_path.ps1'
[9.622s] INFO:colcon.colcon_core.shell:Creating environment descriptor '/home/keepitupp/project_ws/install/arena_battle_interfaces/share/arena_battle_interfaces/hook/cmake_prefix_path.dsv'
[9.623s] INFO:colcon.colcon_core.shell:Creating environment hook '/home/keepitupp/project_ws/install/arena_battle_interfaces/share/arena_battle_interfaces/hook/cmake_prefix_path.sh'
[9.623s] Level 1:colcon.colcon_core.environment:checking '/home/keepitupp/project_ws/install/arena_battle_interfaces/lib'
[9.623s] Level 1:colcon.colcon_core.shell:create_environment_hook('arena_battle_interfaces', 'ld_library_path_lib')
[9.624s] INFO:colcon.colcon_core.shell:Creating environment hook '/home/keepitupp/project_ws/install/arena_battle_interfaces/share/arena_battle_interfaces/hook/ld_library_path_lib.ps1'
[9.624s] INFO:colcon.colcon_core.shell:Creating environment descriptor '/home/keepitupp/project_ws/install/arena_battle_interfaces/share/arena_battle_interfaces/hook/ld_library_path_lib.dsv'
[9.624s] INFO:colcon.colcon_core.shell:Creating environment hook '/home/keepitupp/project_ws/install/arena_battle_interfaces/share/arena_battle_interfaces/hook/ld_library_path_lib.sh'
[9.624s] Level 1:colcon.colcon_core.environment:checking '/home/keepitupp/project_ws/install/arena_battle_interfaces/bin'
[9.625s] Level 1:colcon.colcon_core.environment:checking '/home/keepitupp/project_ws/install/arena_battle_interfaces/lib/pkgconfig/arena_battle_interfaces.pc'
[9.625s] Level 1:colcon.colcon_core.environment:checking '/home/keepitupp/project_ws/install/arena_battle_interfaces/lib/python3.10/site-packages'
[9.625s] Level 1:colcon.colcon_core.environment:checking '/home/keepitupp/project_ws/install/arena_battle_interfaces/bin'
[9.625s] INFO:colcon.colcon_core.shell:Creating package script '/home/keepitupp/project_ws/install/arena_battle_interfaces/share/arena_battle_interfaces/package.ps1'
[9.626s] INFO:colcon.colcon_core.shell:Creating package descriptor '/home/keepitupp/project_ws/install/arena_battle_interfaces/share/arena_battle_interfaces/package.dsv'
[9.626s] INFO:colcon.colcon_core.shell:Creating package script '/home/keepitupp/project_ws/install/arena_battle_interfaces/share/arena_battle_interfaces/package.sh'
[9.627s] INFO:colcon.colcon_core.shell:Creating package script '/home/keepitupp/project_ws/install/arena_battle_interfaces/share/arena_battle_interfaces/package.bash'
[9.627s] INFO:colcon.colcon_core.shell:Creating package script '/home/keepitupp/project_ws/install/arena_battle_interfaces/share/arena_battle_interfaces/package.zsh'
[9.628s] Level 1:colcon.colcon_core.environment:create_file_with_runtime_dependencies(/home/keepitupp/project_ws/install/arena_battle_interfaces/share/colcon-core/packages/arena_battle_interfaces)
[9.629s] Level 1:colcon.colcon_core.environment:create_environment_scripts_only(arena_battle_interfaces)
[9.629s] Level 1:colcon.colcon_core.environment:checking '/home/keepitupp/project_ws/install/arena_battle_interfaces' for CMake module files
[9.630s] Level 1:colcon.colcon_core.environment:checking '/home/keepitupp/project_ws/install/arena_battle_interfaces' for CMake config files
[9.630s] Level 1:colcon.colcon_core.shell:create_environment_hook('arena_battle_interfaces', 'cmake_prefix_path')
[9.631s] INFO:colcon.colcon_core.shell:Creating environment hook '/home/keepitupp/project_ws/install/arena_battle_interfaces/share/arena_battle_interfaces/hook/cmake_prefix_path.ps1'
[9.631s] INFO:colcon.colcon_core.shell:Creating environment descriptor '/home/keepitupp/project_ws/install/arena_battle_interfaces/share/arena_battle_interfaces/hook/cmake_prefix_path.dsv'
[9.631s] INFO:colcon.colcon_core.shell:Creating environment hook '/home/keepitupp/project_ws/install/arena_battle_interfaces/share/arena_battle_interfaces/hook/cmake_prefix_path.sh'
[9.632s] Level 1:colcon.colcon_core.environment:checking '/home/keepitupp/project_ws/install/arena_battle_interfaces/lib'
[9.632s] Level 1:colcon.colcon_core.shell:create_environment_hook('arena_battle_interfaces', 'ld_library_path_lib')
[9.632s] INFO:colcon.colcon_core.shell:Creating environment hook '/home/keepitupp/project_ws/install/arena_battle_interfaces/share/arena_battle_interfaces/hook/ld_library_path_lib.ps1'
[9.632s] INFO:colcon.colcon_core.shell:Creating environment descriptor '/home/keepitupp/project_ws/install/arena_battle_interfaces/share/arena_battle_interfaces/hook/ld_library_path_lib.dsv'
[9.632s] INFO:colcon.colcon_core.shell:Creating environment hook '/home/keepitupp/project_ws/install/arena_battle_interfaces/share/arena_battle_interfaces/hook/ld_library_path_lib.sh'
[9.633s] Level 1:colcon.colcon_core.environment:checking '/home/keepitupp/project_ws/install/arena_battle_interfaces/bin'
[9.633s] Level 1:colcon.colcon_core.environment:checking '/home/keepitupp/project_ws/install/arena_battle_interfaces/lib/pkgconfig/arena_battle_interfaces.pc'
[9.633s] Level 1:colcon.colcon_core.environment:checking '/home/keepitupp/project_ws/install/arena_battle_interfaces/lib/python3.10/site-packages'
[9.633s] Level 1:colcon.colcon_core.environment:checking '/home/keepitupp/project_ws/install/arena_battle_interfaces/bin'
[9.634s] INFO:colcon.colcon_core.shell:Creating package script '/home/keepitupp/project_ws/install/arena_battle_interfaces/share/arena_battle_interfaces/package.ps1'
[9.634s] INFO:colcon.colcon_core.shell:Creating package descriptor '/home/keepitupp/project_ws/install/arena_battle_interfaces/share/arena_battle_interfaces/package.dsv'
[9.635s] INFO:colcon.colcon_core.shell:Creating package script '/home/keepitupp/project_ws/install/arena_battle_interfaces/share/arena_battle_interfaces/package.sh'
[9.635s] INFO:colcon.colcon_core.shell:Creating package script '/home/keepitupp/project_ws/install/arena_battle_interfaces/share/arena_battle_interfaces/package.bash'
[9.635s] INFO:colcon.colcon_core.shell:Creating package script '/home/keepitupp/project_ws/install/arena_battle_interfaces/share/arena_battle_interfaces/package.zsh'
[9.636s] Level 1:colcon.colcon_core.environment:create_file_with_runtime_dependencies(/home/keepitupp/project_ws/install/arena_battle_interfaces/share/colcon-core/packages/arena_battle_interfaces)
[9.636s] INFO:colcon.colcon_ros.task.ament_python.build:Building ROS package in '/home/keepitupp/project_ws/src/arena_battle' with build type 'ament_python'
[9.636s] Level 1:colcon.colcon_core.shell:create_environment_hook('arena_battle', 'ament_prefix_path')
[9.636s] INFO:colcon.colcon_core.shell:Creating environment hook '/home/keepitupp/project_ws/install/arena_battle/share/arena_battle/hook/ament_prefix_path.ps1'
[9.640s] INFO:colcon.colcon_core.shell:Creating environment descriptor '/home/keepitupp/project_ws/install/arena_battle/share/arena_battle/hook/ament_prefix_path.dsv'
[9.640s] INFO:colcon.colcon_core.shell:Creating environment hook '/home/keepitupp/project_ws/install/arena_battle/share/arena_battle/hook/ament_prefix_path.sh'
[9.641s] INFO:colcon.colcon_core.shell:Skip shell extension 'powershell' for command environment: Not usable outside of PowerShell
[9.641s] DEBUG:colcon.colcon_core.shell:Skip shell extension 'dsv' for command environment
[10.165s] INFO:colcon.colcon_core.task.python.build:Building Python package in '/home/keepitupp/project_ws/src/arena_battle'
[10.166s] INFO:colcon.colcon_core.shell:Skip shell extension 'powershell' for command environment: Not usable outside of PowerShell
[10.166s] DEBUG:colcon.colcon_core.shell:Skip shell extension 'dsv' for command environment
[10.964s] DEBUG:colcon.colcon_core.event_handler.log_command:Invoking command in '/home/keepitupp/project_ws/build/arena_battle': PYTHONPATH=/home/keepitupp/project_ws/build/arena_battle/prefix_override:/usr/lib/python3/dist-packages/colcon_core/task/python/colcon_distutils_commands:/home/keepitupp/project_ws/install/arena_battle/lib/python3.10/site-packages:${PYTHONPATH} /usr/bin/python3 -W ignore:setup.py install is deprecated -W ignore:easy_install command is deprecated setup.py develop --editable --build-directory /home/keepitupp/project_ws/build/arena_battle/build --no-deps symlink_data
[11.397s] Level 1:colcon.colcon_core.shell:create_environment_hook('arena_battle', 'pythonpath_develop')
[11.397s] INFO:colcon.colcon_core.shell:Creating environment hook '/home/keepitupp/project_ws/build/arena_battle/share/arena_battle/hook/pythonpath_develop.ps1'
[11.398s] DEBUG:colcon.colcon_core.event_handler.log_command:Invoked command in '/home/keepitupp/project_ws/build/arena_battle' returned '0': PYTHONPATH=/home/keepitupp/project_ws/build/arena_battle/prefix_override:/usr/lib/python3/dist-packages/colcon_core/task/python/colcon_distutils_commands:/home/keepitupp/project_ws/install/arena_battle/lib/python3.10/site-packages:${PYTHONPATH} /usr/bin/python3 -W ignore:setup.py install is deprecated -W ignore:easy_install command is deprecated setup.py develop --editable --build-directory /home/keepitupp/project_ws/build/arena_battle/build --no-deps symlink_data
[11.399s] INFO:colcon.colcon_core.shell:Creating environment descriptor '/home/keepitupp/project_ws/build/arena_battle/share/arena_battle/hook/pythonpath_develop.dsv'
[11.400s] INFO:colcon.colcon_core.shell:Creating environment hook '/home/keepitupp/project_ws/build/arena_battle/share/arena_battle/hook/pythonpath_develop.sh'
[11.400s] Level 1:colcon.colcon_core.environment:checking '/home/keepitupp/project_ws/install/arena_battle' for CMake module files
[11.400s] Level 1:colcon.colcon_core.environment:checking '/home/keepitupp/project_ws/install/arena_battle' for CMake config files
[11.401s] Level 1:colcon.colcon_core.environment:checking '/home/keepitupp/project_ws/install/arena_battle/lib'
[11.401s] Level 1:colcon.colcon_core.environment:checking '/home/keepitupp/project_ws/install/arena_battle/bin'
[11.401s] Level 1:colcon.colcon_core.environment:checking '/home/keepitupp/project_ws/install/arena_battle/lib/pkgconfig/arena_battle.pc'
[11.401s] Level 1:colcon.colcon_core.environment:checking '/home/keepitupp/project_ws/install/arena_battle/lib/python3.10/site-packages'
[11.401s] Level 1:colcon.colcon_core.shell:create_environment_hook('arena_battle', 'pythonpath')
[11.401s] INFO:colcon.colcon_core.shell:Creating environment hook '/home/keepitupp/project_ws/install/arena_battle/share/arena_battle/hook/pythonpath.ps1'
[11.402s] INFO:colcon.colcon_core.shell:Creating environment descriptor '/home/keepitupp/project_ws/install/arena_battle/share/arena_battle/hook/pythonpath.dsv'
[11.402s] INFO:colcon.colcon_core.shell:Creating environment hook '/home/keepitupp/project_ws/install/arena_battle/share/arena_battle/hook/pythonpath.sh'
[11.402s] Level 1:colcon.colcon_core.environment:checking '/home/keepitupp/project_ws/install/arena_battle/bin'
[11.402s] Level 1:colcon.colcon_core.environment:create_environment_scripts_only(arena_battle)
[11.403s] INFO:colcon.colcon_core.shell:Creating package script '/home/keepitupp/project_ws/install/arena_battle/share/arena_battle/package.ps1'
[11.403s] INFO:colcon.colcon_core.shell:Creating package descriptor '/home/keepitupp/project_ws/install/arena_battle/share/arena_battle/package.dsv'
[11.403s] INFO:colcon.colcon_core.shell:Creating package script '/home/keepitupp/project_ws/install/arena_battle/share/arena_battle/package.sh'
[11.404s] INFO:colcon.colcon_core.shell:Creating package script '/home/keepitupp/project_ws/install/arena_battle/share/arena_battle/package.bash'
[11.404s] INFO:colcon.colcon_core.shell:Creating package script '/home/keepitupp/project_ws/install/arena_battle/share/arena_battle/package.zsh'
[11.405s] Level 1:colcon.colcon_core.environment:create_file_with_runtime_dependencies(/home/keepitupp/project_ws/install/arena_battle/share/colcon-core/packages/arena_battle)
[11.406s] DEBUG:colcon.colcon_parallel_executor.executor.parallel:closing loop
[11.407s] DEBUG:colcon.colcon_parallel_executor.executor.parallel:loop closed
[11.407s] DEBUG:colcon.colcon_parallel_executor.executor.parallel:run_until_complete finished with '0'
[11.407s] DEBUG:colcon.colcon_core.event_reactor:joining thread
[11.483s] INFO:colcon.colcon_core.plugin_system:Skipping extension 'colcon_notification.desktop_notification.notify_send': Could not find 'notify-send'
[11.483s] INFO:colcon.colcon_core.plugin_system:Skipping extension 'colcon_notification.desktop_notification.terminal_notifier': Not used on non-Darwin systems
[11.483s] INFO:colcon.colcon_core.plugin_system:Skipping extension 'colcon_notification.desktop_notification.win32': Not used on non-Windows systems
[11.483s] INFO:colcon.colcon_notification.desktop_notification:Sending desktop notification using 'notify2'
[11.485s] DEBUG:colcon.colcon_notification.desktop_notification.notify2:Failed to initialize notify2: org.freedesktop.DBus.Error.ServiceUnknown: The name org.freedesktop.Notifications was not provided by any .service files
[11.486s] DEBUG:colcon.colcon_core.event_reactor:joined thread
[11.486s] INFO:colcon.colcon_core.shell:Creating prefix script '/home/keepitupp/project_ws/install/local_setup.ps1'
[11.487s] INFO:colcon.colcon_core.shell:Creating prefix util module '/home/keepitupp/project_ws/install/_local_setup_util_ps1.py'
[11.488s] INFO:colcon.colcon_core.shell:Creating prefix chain script '/home/keepitupp/project_ws/install/setup.ps1'
[11.490s] INFO:colcon.colcon_core.shell:Creating prefix script '/home/keepitupp/project_ws/install/local_setup.sh'
[11.490s] INFO:colcon.colcon_core.shell:Creating prefix util module '/home/keepitupp/project_ws/install/_local_setup_util_sh.py'
[11.490s] INFO:colcon.colcon_core.shell:Creating prefix chain script '/home/keepitupp/project_ws/install/setup.sh'
[11.492s] INFO:colcon.colcon_core.shell:Creating prefix script '/home/keepitupp/project_ws/install/local_setup.bash'
[11.492s] INFO:colcon.colcon_core.shell:Creating prefix chain script '/home/keepitupp/project_ws/install/setup.bash'
[11.494s] INFO:colcon.colcon_core.shell:Creating prefix script '/home/keepitupp/project_ws/install/local_setup.zsh'
[11.494s] INFO:colcon.colcon_core.shell:Creating prefix chain script '/home/keepitupp/project_ws/install/setup.zsh'
