[0.017s] Invoking command in '/home/keepitupp/project_ws/build/arena_battle_interfaces': CMAKE_PREFIX_PATH=${CMAKE_PREFIX_PATH}:/home/keepitupp/project_ws/install/arena_battle:/home/keepitupp/dev_ws/install/my_package_py:/home/keepitupp/turtlebot3_ws/install/turtlebot3_teleop:/home/keepitupp/turtlebot3_ws/install/turtlebot3_example:/opt/ros/humble /usr/bin/cmake /home/keepitupp/project_ws/src/arena_battle_interfaces -DAMENT_CMAKE_SYMLINK_INSTALL=1 -DCMAKE_INSTALL_PREFIX=/home/keepitupp/project_ws/install/arena_battle_interfaces
[0.447s] -- The C compiler identification is GNU 11.4.0
[1.474s] -- The CXX compiler identification is GNU 11.4.0
[2.131s] -- Detecting C compiler ABI info
[2.469s] -- Detecting C compiler ABI info - done
[2.474s] -- Check for working C compiler: /usr/bin/cc - skipped
[2.484s] -- Detecting C compile features
[2.487s] -- Detecting C compile features - done
[2.492s] -- Detecting CXX compiler ABI info
[2.821s] -- Detecting CXX compiler ABI info - done
[2.827s] -- Check for working CXX compiler: /usr/bin/c++ - skipped
[2.827s] -- Detecting CXX compile features
[2.828s] -- Detecting CXX compile features - done
[2.857s] -- Found ament_cmake: 1.3.14 (/opt/ros/humble/share/ament_cmake/cmake)
[3.029s] -- Found Python3: /usr/bin/python3 (found version "3.10.12") found components: Interpreter 
[3.092s] -- Override CMake install command with custom implementation using symlinks instead of copying resources
[3.152s] -- Found rosidl_default_generators: 1.2.1 (/opt/ros/humble/share/rosidl_default_generators/cmake)
[3.158s] -- Using all available rosidl_typesupport_c: rosidl_typesupport_fastrtps_c;rosidl_typesupport_introspection_c
[3.171s] -- Found rosidl_adapter: 3.1.8 (/opt/ros/humble/share/rosidl_adapter/cmake)
[3.411s] -- Using all available rosidl_typesupport_cpp: rosidl_typesupport_fastrtps_cpp;rosidl_typesupport_introspection_cpp
[3.710s] -- Found ament_cmake_ros: 0.10.0 (/opt/ros/humble/share/ament_cmake_ros/cmake)
[3.900s] -- Using all available rosidl_typesupport_c: rosidl_typesupport_fastrtps_c;rosidl_typesupport_introspection_c
[4.149s] -- Using all available rosidl_typesupport_cpp: rosidl_typesupport_fastrtps_cpp;rosidl_typesupport_introspection_cpp
[4.386s] -- Found PythonInterp: /usr/bin/python3 (found suitable version "3.10.12", minimum required is "3.6") 
[4.389s] -- Found python_cmake_module: 0.10.0 (/opt/ros/humble/share/python_cmake_module/cmake)
[5.136s] -- Found PythonLibs: /usr/lib/x86_64-linux-gnu/libpython3.10.so (found suitable version "3.10.12", minimum required is "3.5") 
[5.136s] -- Using PYTHON_EXECUTABLE: /usr/bin/python3
[5.136s] -- Using PYTHON_INCLUDE_DIRS: /usr/include/python3.10
[5.136s] -- Using PYTHON_LIBRARIES: /usr/lib/x86_64-linux-gnu/libpython3.10.so
[5.158s] -- Found PythonExtra: .so  
[5.357s] -- Configuring done
[5.422s] -- Generating done
[5.433s] -- Build files have been written to: /home/keepitupp/project_ws/build/arena_battle_interfaces
[5.443s] Invoked command in '/home/keepitupp/project_ws/build/arena_battle_interfaces' returned '0': CMAKE_PREFIX_PATH=${CMAKE_PREFIX_PATH}:/home/keepitupp/project_ws/install/arena_battle:/home/keepitupp/dev_ws/install/my_package_py:/home/keepitupp/turtlebot3_ws/install/turtlebot3_teleop:/home/keepitupp/turtlebot3_ws/install/turtlebot3_example:/opt/ros/humble /usr/bin/cmake /home/keepitupp/project_ws/src/arena_battle_interfaces -DAMENT_CMAKE_SYMLINK_INSTALL=1 -DCMAKE_INSTALL_PREFIX=/home/keepitupp/project_ws/install/arena_battle_interfaces
[5.446s] Invoking command in '/home/keepitupp/project_ws/build/arena_battle_interfaces': CMAKE_PREFIX_PATH=${CMAKE_PREFIX_PATH}:/home/keepitupp/project_ws/install/arena_battle:/home/keepitupp/dev_ws/install/my_package_py:/home/keepitupp/turtlebot3_ws/install/turtlebot3_teleop:/home/keepitupp/turtlebot3_ws/install/turtlebot3_example:/opt/ros/humble /usr/bin/cmake --build /home/keepitupp/project_ws/build/arena_battle_interfaces -- -j16 -l16
[5.492s] [  3%] [34m[1mGenerating C code for ROS interfaces[0m
[5.504s] [  6%] [34m[1mGenerating C++ code for ROS interfaces[0m
[5.504s] [  9%] [34m[1mGenerating Rust code for ROS interfaces[0m
[5.516s] [  9%] Built target ament_cmake_python_symlink_arena_battle_interfaces
[5.750s] [  9%] Built target arena_battle_interfaces__rs
[5.770s] [  9%] Built target arena_battle_interfaces__cpp
[5.785s] [ 12%] [34m[1mGenerating C++ introspection for ROS interfaces[0m
[5.785s] [ 15%] [34m[1mGenerating C++ type support for eProsima Fast-RTPS[0m
[5.785s] [ 18%] [34m[1mGenerating C++ type support dispatch for ROS interfaces[0m
[5.803s] running egg_info
[5.803s] creating arena_battle_interfaces.egg-info
[5.804s] writing arena_battle_interfaces.egg-info/PKG-INFO
[5.805s] writing dependency_links to arena_battle_interfaces.egg-info/dependency_links.txt
[5.805s] writing top-level names to arena_battle_interfaces.egg-info/top_level.txt
[5.805s] writing manifest file 'arena_battle_interfaces.egg-info/SOURCES.txt'
[5.808s] [ 21%] [32mBuilding C object CMakeFiles/arena_battle_interfaces__rosidl_generator_c.dir/rosidl_generator_c/arena_battle_interfaces/msg/detail/robot_combat_command__functions.c.o[0m
[5.809s] reading manifest file 'arena_battle_interfaces.egg-info/SOURCES.txt'
[5.810s] writing manifest file 'arena_battle_interfaces.egg-info/SOURCES.txt'
[5.848s] [ 21%] Built target ament_cmake_python_build_arena_battle_interfaces_egg
[5.887s] [ 25%] [32m[1mLinking C shared library libarena_battle_interfaces__rosidl_generator_c.so[0m
[6.001s] [ 28%] [32mBuilding CXX object CMakeFiles/arena_battle_interfaces__rosidl_typesupport_cpp.dir/rosidl_typesupport_cpp/arena_battle_interfaces/msg/robot_combat_command__type_support.cpp.o[0m
[6.018s] [ 31%] [32mBuilding CXX object CMakeFiles/arena_battle_interfaces__rosidl_typesupport_introspection_cpp.dir/rosidl_typesupport_introspection_cpp/arena_battle_interfaces/msg/detail/robot_combat_command__type_support.cpp.o[0m
[6.025s] [ 34%] [32mBuilding CXX object CMakeFiles/arena_battle_interfaces__rosidl_typesupport_fastrtps_cpp.dir/rosidl_typesupport_fastrtps_cpp/arena_battle_interfaces/msg/detail/dds_fastrtps/robot_combat_command__type_support.cpp.o[0m
[6.178s] [ 34%] Built target arena_battle_interfaces__rosidl_generator_c
[6.194s] [ 37%] [34m[1mGenerating C type support dispatch for ROS interfaces[0m
[6.194s] [ 40%] [34m[1mGenerating C type support for eProsima Fast-RTPS[0m
[6.195s] [ 43%] [34m[1mGenerating C introspection for ROS interfaces[0m
[6.357s] [ 46%] [32m[1mLinking CXX shared library libarena_battle_interfaces__rosidl_typesupport_cpp.so[0m
[6.447s] [ 50%] [32mBuilding CXX object CMakeFiles/arena_battle_interfaces__rosidl_typesupport_c.dir/rosidl_typesupport_c/arena_battle_interfaces/msg/robot_combat_command__type_support.cpp.o[0m
[6.481s] [ 53%] [32m[1mLinking CXX shared library libarena_battle_interfaces__rosidl_typesupport_introspection_cpp.so[0m
[6.485s] [ 56%] [32m[1mLinking CXX shared library libarena_battle_interfaces__rosidl_typesupport_fastrtps_cpp.so[0m
[6.490s] [ 59%] [32m[1mLinking CXX shared library libarena_battle_interfaces__rosidl_typesupport_c.so[0m
[6.498s] [ 62%] [32mBuilding C object CMakeFiles/arena_battle_interfaces__rosidl_typesupport_introspection_c.dir/rosidl_typesupport_introspection_c/arena_battle_interfaces/msg/detail/robot_combat_command__type_support.c.o[0m
[6.506s] [ 65%] [32mBuilding CXX object CMakeFiles/arena_battle_interfaces__rosidl_typesupport_fastrtps_c.dir/rosidl_typesupport_fastrtps_c/arena_battle_interfaces/msg/detail/robot_combat_command__type_support_c.cpp.o[0m
[6.545s] [ 68%] [32m[1mLinking C shared library libarena_battle_interfaces__rosidl_typesupport_introspection_c.so[0m
[6.637s] [ 68%] Built target arena_battle_interfaces__rosidl_typesupport_cpp
[6.710s] [ 68%] Built target arena_battle_interfaces__rosidl_typesupport_introspection_cpp
[6.745s] [ 68%] Built target arena_battle_interfaces__rosidl_typesupport_c
[6.753s] [ 68%] Built target arena_battle_interfaces__rosidl_typesupport_fastrtps_cpp
[6.816s] [ 68%] Built target arena_battle_interfaces__rosidl_typesupport_introspection_c
[6.853s] [ 71%] [32m[1mLinking CXX shared library libarena_battle_interfaces__rosidl_typesupport_fastrtps_c.so[0m
[7.160s] [ 71%] Built target arena_battle_interfaces__rosidl_typesupport_fastrtps_c
[7.184s] [ 71%] Built target arena_battle_interfaces
[7.210s] [ 75%] [34m[1mGenerating Python code for ROS interfaces[0m
[7.486s] [ 75%] Built target arena_battle_interfaces__py
[7.512s] [ 78%] [32mBuilding C object CMakeFiles/arena_battle_interfaces__rosidl_generator_py.dir/rosidl_generator_py/arena_battle_interfaces/msg/_robot_combat_command_s.c.o[0m
[7.661s] [ 81%] [32m[1mLinking C shared library rosidl_generator_py/arena_battle_interfaces/libarena_battle_interfaces__rosidl_generator_py.so[0m
[7.935s] [ 81%] Built target arena_battle_interfaces__rosidl_generator_py
[7.958s] [ 87%] [32mBuilding C object CMakeFiles/arena_battle_interfaces__rosidl_typesupport_fastrtps_c__pyext.dir/rosidl_generator_py/arena_battle_interfaces/_arena_battle_interfaces_s.ep.rosidl_typesupport_fastrtps_c.c.o[0m
[7.959s] [ 87%] [32mBuilding C object CMakeFiles/arena_battle_interfaces__rosidl_typesupport_c__pyext.dir/rosidl_generator_py/arena_battle_interfaces/_arena_battle_interfaces_s.ep.rosidl_typesupport_c.c.o[0m
[7.959s] [ 90%] [32mBuilding C object CMakeFiles/arena_battle_interfaces__rosidl_typesupport_introspection_c__pyext.dir/rosidl_generator_py/arena_battle_interfaces/_arena_battle_interfaces_s.ep.rosidl_typesupport_introspection_c.c.o[0m
[8.063s] [ 93%] [32m[1mLinking C shared library rosidl_generator_py/arena_battle_interfaces/arena_battle_interfaces_s__rosidl_typesupport_introspection_c.cpython-310-x86_64-linux-gnu.so[0m
[8.063s] [ 96%] [32m[1mLinking C shared library rosidl_generator_py/arena_battle_interfaces/arena_battle_interfaces_s__rosidl_typesupport_c.cpython-310-x86_64-linux-gnu.so[0m
[8.065s] [100%] [32m[1mLinking C shared library rosidl_generator_py/arena_battle_interfaces/arena_battle_interfaces_s__rosidl_typesupport_fastrtps_c.cpython-310-x86_64-linux-gnu.so[0m
[8.255s] [100%] Built target arena_battle_interfaces__rosidl_typesupport_c__pyext
[8.258s] [100%] Built target arena_battle_interfaces__rosidl_typesupport_fastrtps_c__pyext
[8.258s] [100%] Built target arena_battle_interfaces__rosidl_typesupport_introspection_c__pyext
[8.272s] Invoked command in '/home/keepitupp/project_ws/build/arena_battle_interfaces' returned '0': CMAKE_PREFIX_PATH=${CMAKE_PREFIX_PATH}:/home/keepitupp/project_ws/install/arena_battle:/home/keepitupp/dev_ws/install/my_package_py:/home/keepitupp/turtlebot3_ws/install/turtlebot3_teleop:/home/keepitupp/turtlebot3_ws/install/turtlebot3_example:/opt/ros/humble /usr/bin/cmake --build /home/keepitupp/project_ws/build/arena_battle_interfaces -- -j16 -l16
[8.283s] Invoking command in '/home/keepitupp/project_ws/build/arena_battle_interfaces': CMAKE_PREFIX_PATH=${CMAKE_PREFIX_PATH}:/home/keepitupp/project_ws/install/arena_battle:/home/keepitupp/dev_ws/install/my_package_py:/home/keepitupp/turtlebot3_ws/install/turtlebot3_teleop:/home/keepitupp/turtlebot3_ws/install/turtlebot3_example:/opt/ros/humble /usr/bin/cmake --install /home/keepitupp/project_ws/build/arena_battle_interfaces
[8.292s] -- Install configuration: ""
[8.292s] -- Execute custom install script
[8.295s] -- Symlinking: /home/keepitupp/project_ws/install/arena_battle_interfaces/share/ament_index/resource_index/rosidl_interfaces/arena_battle_interfaces
[8.308s] -- Symlinking: /home/keepitupp/project_ws/install/arena_battle_interfaces/include/arena_battle_interfaces/arena_battle_interfaces/msg/detail/robot_combat_command__functions.h
[8.320s] -- Symlinking: /home/keepitupp/project_ws/install/arena_battle_interfaces/include/arena_battle_interfaces/arena_battle_interfaces/msg/detail/robot_combat_command__struct.h
[8.330s] -- Symlinking: /home/keepitupp/project_ws/install/arena_battle_interfaces/include/arena_battle_interfaces/arena_battle_interfaces/msg/detail/robot_combat_command__type_support.h
[8.340s] -- Symlinking: /home/keepitupp/project_ws/install/arena_battle_interfaces/include/arena_battle_interfaces/arena_battle_interfaces/msg/robot_combat_command.h
[8.351s] -- Symlinking: /home/keepitupp/project_ws/install/arena_battle_interfaces/include/arena_battle_interfaces/arena_battle_interfaces/msg/rosidl_generator_c__visibility_control.h
[8.362s] -- Symlinking: /home/keepitupp/project_ws/install/arena_battle_interfaces/share/arena_battle_interfaces/environment/library_path.sh
[8.371s] -- Symlinking: /home/keepitupp/project_ws/install/arena_battle_interfaces/share/arena_battle_interfaces/environment/library_path.dsv
[8.381s] -- Symlinking: /home/keepitupp/project_ws/install/arena_battle_interfaces/include/arena_battle_interfaces/arena_battle_interfaces/msg/detail/robot_combat_command__rosidl_typesupport_fastrtps_c.h
[8.391s] -- Symlinking: /home/keepitupp/project_ws/install/arena_battle_interfaces/include/arena_battle_interfaces/arena_battle_interfaces/msg/rosidl_typesupport_fastrtps_c__visibility_control.h
[8.401s] -- Symlinking: /home/keepitupp/project_ws/install/arena_battle_interfaces/include/arena_battle_interfaces/arena_battle_interfaces/msg/detail/robot_combat_command__rosidl_typesupport_introspection_c.h
[8.411s] -- Symlinking: /home/keepitupp/project_ws/install/arena_battle_interfaces/include/arena_battle_interfaces/arena_battle_interfaces/msg/rosidl_typesupport_introspection_c__visibility_control.h
[8.423s] -- Symlinking: /home/keepitupp/project_ws/install/arena_battle_interfaces/include/arena_battle_interfaces/arena_battle_interfaces/msg/detail/robot_combat_command__builder.hpp
[8.434s] -- Symlinking: /home/keepitupp/project_ws/install/arena_battle_interfaces/include/arena_battle_interfaces/arena_battle_interfaces/msg/detail/robot_combat_command__struct.hpp
[8.444s] -- Symlinking: /home/keepitupp/project_ws/install/arena_battle_interfaces/include/arena_battle_interfaces/arena_battle_interfaces/msg/detail/robot_combat_command__traits.hpp
[8.453s] -- Symlinking: /home/keepitupp/project_ws/install/arena_battle_interfaces/include/arena_battle_interfaces/arena_battle_interfaces/msg/detail/robot_combat_command__type_support.hpp
[8.464s] -- Symlinking: /home/keepitupp/project_ws/install/arena_battle_interfaces/include/arena_battle_interfaces/arena_battle_interfaces/msg/robot_combat_command.hpp
[8.473s] -- Symlinking: /home/keepitupp/project_ws/install/arena_battle_interfaces/include/arena_battle_interfaces/arena_battle_interfaces/msg/rosidl_generator_cpp__visibility_control.hpp
[8.483s] -- Symlinking: /home/keepitupp/project_ws/install/arena_battle_interfaces/include/arena_battle_interfaces/arena_battle_interfaces/msg/detail/robot_combat_command__rosidl_typesupport_fastrtps_cpp.hpp
[8.494s] -- Symlinking: /home/keepitupp/project_ws/install/arena_battle_interfaces/include/arena_battle_interfaces/arena_battle_interfaces/msg/rosidl_typesupport_fastrtps_cpp__visibility_control.h
[8.503s] -- Symlinking: /home/keepitupp/project_ws/install/arena_battle_interfaces/include/arena_battle_interfaces/arena_battle_interfaces/msg/detail/robot_combat_command__rosidl_typesupport_introspection_cpp.hpp
[8.513s] -- Symlinking: /home/keepitupp/project_ws/install/arena_battle_interfaces/share/arena_battle_interfaces/environment/pythonpath.sh
[8.525s] -- Symlinking: /home/keepitupp/project_ws/install/arena_battle_interfaces/share/arena_battle_interfaces/environment/pythonpath.dsv
[8.537s] -- Symlinking: /home/keepitupp/project_ws/install/arena_battle_interfaces/local/lib/python3.10/dist-packages/arena_battle_interfaces-0.0.0-py3.10.egg-info/PKG-INFO
[8.548s] -- Symlinking: /home/keepitupp/project_ws/install/arena_battle_interfaces/local/lib/python3.10/dist-packages/arena_battle_interfaces-0.0.0-py3.10.egg-info/SOURCES.txt
[8.558s] -- Symlinking: /home/keepitupp/project_ws/install/arena_battle_interfaces/local/lib/python3.10/dist-packages/arena_battle_interfaces-0.0.0-py3.10.egg-info/dependency_links.txt
[8.568s] -- Symlinking: /home/keepitupp/project_ws/install/arena_battle_interfaces/local/lib/python3.10/dist-packages/arena_battle_interfaces-0.0.0-py3.10.egg-info/top_level.txt
[8.580s] -- Symlinking: /home/keepitupp/project_ws/install/arena_battle_interfaces/local/lib/python3.10/dist-packages/arena_battle_interfaces/__init__.py
[8.590s] -- Symlinking: /home/keepitupp/project_ws/install/arena_battle_interfaces/local/lib/python3.10/dist-packages/arena_battle_interfaces/_arena_battle_interfaces_s.ep.rosidl_typesupport_c.c
[8.600s] -- Symlinking: /home/keepitupp/project_ws/install/arena_battle_interfaces/local/lib/python3.10/dist-packages/arena_battle_interfaces/_arena_battle_interfaces_s.ep.rosidl_typesupport_fastrtps_c.c
[8.609s] -- Symlinking: /home/keepitupp/project_ws/install/arena_battle_interfaces/local/lib/python3.10/dist-packages/arena_battle_interfaces/_arena_battle_interfaces_s.ep.rosidl_typesupport_introspection_c.c
[8.621s] -- Symlinking: /home/keepitupp/project_ws/install/arena_battle_interfaces/local/lib/python3.10/dist-packages/arena_battle_interfaces/arena_battle_interfaces_s__rosidl_typesupport_c.cpython-310-x86_64-linux-gnu.so
[8.631s] -- Symlinking: /home/keepitupp/project_ws/install/arena_battle_interfaces/local/lib/python3.10/dist-packages/arena_battle_interfaces/arena_battle_interfaces_s__rosidl_typesupport_fastrtps_c.cpython-310-x86_64-linux-gnu.so
[8.640s] -- Symlinking: /home/keepitupp/project_ws/install/arena_battle_interfaces/local/lib/python3.10/dist-packages/arena_battle_interfaces/arena_battle_interfaces_s__rosidl_typesupport_introspection_c.cpython-310-x86_64-linux-gnu.so
[8.651s] -- Symlinking: /home/keepitupp/project_ws/install/arena_battle_interfaces/local/lib/python3.10/dist-packages/arena_battle_interfaces/libarena_battle_interfaces__rosidl_generator_py.so
[8.661s] -- Symlinking: /home/keepitupp/project_ws/install/arena_battle_interfaces/local/lib/python3.10/dist-packages/arena_battle_interfaces/msg/__init__.py
[8.671s] -- Symlinking: /home/keepitupp/project_ws/install/arena_battle_interfaces/local/lib/python3.10/dist-packages/arena_battle_interfaces/msg/_robot_combat_command.py
[8.681s] -- Symlinking: /home/keepitupp/project_ws/install/arena_battle_interfaces/local/lib/python3.10/dist-packages/arena_battle_interfaces/msg/_robot_combat_command_s.c
[8.691s] -- Up-to-date symlink: /home/keepitupp/project_ws/install/arena_battle_interfaces/local/lib/python3.10/dist-packages/arena_battle_interfaces/arena_battle_interfaces_s__rosidl_typesupport_fastrtps_c.cpython-310-x86_64-linux-gnu.so
[8.692s] -- Up-to-date symlink: /home/keepitupp/project_ws/install/arena_battle_interfaces/local/lib/python3.10/dist-packages/arena_battle_interfaces/arena_battle_interfaces_s__rosidl_typesupport_introspection_c.cpython-310-x86_64-linux-gnu.so
[8.692s] -- Up-to-date symlink: /home/keepitupp/project_ws/install/arena_battle_interfaces/local/lib/python3.10/dist-packages/arena_battle_interfaces/arena_battle_interfaces_s__rosidl_typesupport_c.cpython-310-x86_64-linux-gnu.so
[8.692s] -- Symlinking: /home/keepitupp/project_ws/install/arena_battle_interfaces/share/ament_index/resource_index/rust_packages/arena_battle_interfaces
[8.703s] -- Symlinking: /home/keepitupp/project_ws/install/arena_battle_interfaces/share/arena_battle_interfaces/rust/Cargo.toml
[8.712s] -- Symlinking: /home/keepitupp/project_ws/install/arena_battle_interfaces/share/arena_battle_interfaces/rust/build.rs
[8.725s] -- Symlinking: /home/keepitupp/project_ws/install/arena_battle_interfaces/share/arena_battle_interfaces/rust/src/lib.rs
[8.736s] -- Symlinking: /home/keepitupp/project_ws/install/arena_battle_interfaces/share/arena_battle_interfaces/rust/src/msg.rs
[8.747s] -- Symlinking: /home/keepitupp/project_ws/install/arena_battle_interfaces/share/arena_battle_interfaces/rust/src/msg/rmw.rs
[8.757s] -- Symlinking: /home/keepitupp/project_ws/install/arena_battle_interfaces/share/arena_battle_interfaces/msg/RobotCombatCommand.idl
[8.767s] -- Symlinking: /home/keepitupp/project_ws/install/arena_battle_interfaces/share/arena_battle_interfaces/msg/RobotCombatCommand.msg
[8.777s] -- Symlinking: /home/keepitupp/project_ws/install/arena_battle_interfaces/share/ament_index/resource_index/package_run_dependencies/arena_battle_interfaces
[8.788s] -- Symlinking: /home/keepitupp/project_ws/install/arena_battle_interfaces/share/ament_index/resource_index/parent_prefix_path/arena_battle_interfaces
[8.798s] -- Symlinking: /home/keepitupp/project_ws/install/arena_battle_interfaces/share/arena_battle_interfaces/environment/ament_prefix_path.sh
[8.808s] -- Symlinking: /home/keepitupp/project_ws/install/arena_battle_interfaces/share/arena_battle_interfaces/environment/ament_prefix_path.dsv
[8.818s] -- Symlinking: /home/keepitupp/project_ws/install/arena_battle_interfaces/share/arena_battle_interfaces/environment/path.sh
[8.830s] -- Symlinking: /home/keepitupp/project_ws/install/arena_battle_interfaces/share/arena_battle_interfaces/environment/path.dsv
[8.841s] -- Symlinking: /home/keepitupp/project_ws/install/arena_battle_interfaces/share/arena_battle_interfaces/local_setup.bash
[8.854s] -- Symlinking: /home/keepitupp/project_ws/install/arena_battle_interfaces/share/arena_battle_interfaces/local_setup.sh
[8.865s] -- Symlinking: /home/keepitupp/project_ws/install/arena_battle_interfaces/share/arena_battle_interfaces/local_setup.zsh
[8.877s] -- Symlinking: /home/keepitupp/project_ws/install/arena_battle_interfaces/share/arena_battle_interfaces/local_setup.dsv
[8.888s] -- Symlinking: /home/keepitupp/project_ws/install/arena_battle_interfaces/share/arena_battle_interfaces/package.dsv
[8.900s] -- Symlinking: /home/keepitupp/project_ws/install/arena_battle_interfaces/share/ament_index/resource_index/packages/arena_battle_interfaces
[8.911s] -- Symlinking: /home/keepitupp/project_ws/install/arena_battle_interfaces/share/arena_battle_interfaces/cmake/rosidl_cmake-extras.cmake
[8.923s] -- Symlinking: /home/keepitupp/project_ws/install/arena_battle_interfaces/share/arena_battle_interfaces/cmake/ament_cmake_export_include_directories-extras.cmake
[8.934s] -- Symlinking: /home/keepitupp/project_ws/install/arena_battle_interfaces/share/arena_battle_interfaces/cmake/ament_cmake_export_libraries-extras.cmake
[8.944s] -- Symlinking: /home/keepitupp/project_ws/install/arena_battle_interfaces/share/arena_battle_interfaces/cmake/ament_cmake_export_targets-extras.cmake
[8.955s] -- Symlinking: /home/keepitupp/project_ws/install/arena_battle_interfaces/share/arena_battle_interfaces/cmake/rosidl_cmake_export_typesupport_targets-extras.cmake
[8.965s] -- Symlinking: /home/keepitupp/project_ws/install/arena_battle_interfaces/share/arena_battle_interfaces/cmake/ament_cmake_export_dependencies-extras.cmake
[8.976s] -- Symlinking: /home/keepitupp/project_ws/install/arena_battle_interfaces/share/arena_battle_interfaces/cmake/rosidl_cmake_export_typesupport_libraries-extras.cmake
[8.986s] -- Symlinking: /home/keepitupp/project_ws/install/arena_battle_interfaces/share/arena_battle_interfaces/cmake/arena_battle_interfacesConfig.cmake
[8.997s] -- Symlinking: /home/keepitupp/project_ws/install/arena_battle_interfaces/share/arena_battle_interfaces/cmake/arena_battle_interfacesConfig-version.cmake
[9.007s] -- Symlinking: /home/keepitupp/project_ws/install/arena_battle_interfaces/share/arena_battle_interfaces/package.xml
[9.018s] -- Installing: /home/keepitupp/project_ws/install/arena_battle_interfaces/lib/libarena_battle_interfaces__rosidl_generator_c.so
[9.018s] -- Set runtime path of "/home/keepitupp/project_ws/install/arena_battle_interfaces/lib/libarena_battle_interfaces__rosidl_generator_c.so" to ""
[9.018s] -- Installing: /home/keepitupp/project_ws/install/arena_battle_interfaces/lib/libarena_battle_interfaces__rosidl_typesupport_fastrtps_c.so
[9.019s] -- Set runtime path of "/home/keepitupp/project_ws/install/arena_battle_interfaces/lib/libarena_battle_interfaces__rosidl_typesupport_fastrtps_c.so" to ""
[9.019s] -- Installing: /home/keepitupp/project_ws/install/arena_battle_interfaces/lib/libarena_battle_interfaces__rosidl_typesupport_introspection_c.so
[9.020s] -- Set runtime path of "/home/keepitupp/project_ws/install/arena_battle_interfaces/lib/libarena_battle_interfaces__rosidl_typesupport_introspection_c.so" to ""
[9.020s] -- Installing: /home/keepitupp/project_ws/install/arena_battle_interfaces/lib/libarena_battle_interfaces__rosidl_typesupport_c.so
[9.022s] -- Set runtime path of "/home/keepitupp/project_ws/install/arena_battle_interfaces/lib/libarena_battle_interfaces__rosidl_typesupport_c.so" to ""
[9.022s] -- Installing: /home/keepitupp/project_ws/install/arena_battle_interfaces/lib/libarena_battle_interfaces__rosidl_typesupport_fastrtps_cpp.so
[9.022s] -- Set runtime path of "/home/keepitupp/project_ws/install/arena_battle_interfaces/lib/libarena_battle_interfaces__rosidl_typesupport_fastrtps_cpp.so" to ""
[9.022s] -- Installing: /home/keepitupp/project_ws/install/arena_battle_interfaces/lib/libarena_battle_interfaces__rosidl_typesupport_introspection_cpp.so
[9.023s] -- Set runtime path of "/home/keepitupp/project_ws/install/arena_battle_interfaces/lib/libarena_battle_interfaces__rosidl_typesupport_introspection_cpp.so" to ""
[9.023s] -- Installing: /home/keepitupp/project_ws/install/arena_battle_interfaces/lib/libarena_battle_interfaces__rosidl_typesupport_cpp.so
[9.023s] -- Set runtime path of "/home/keepitupp/project_ws/install/arena_battle_interfaces/lib/libarena_battle_interfaces__rosidl_typesupport_cpp.so" to ""
[9.069s] Listing '/home/keepitupp/project_ws/install/arena_battle_interfaces/local/lib/python3.10/dist-packages/arena_battle_interfaces'...
[9.070s] Compiling '/home/keepitupp/project_ws/install/arena_battle_interfaces/local/lib/python3.10/dist-packages/arena_battle_interfaces/__init__.py'...
[9.070s] Listing '/home/keepitupp/project_ws/install/arena_battle_interfaces/local/lib/python3.10/dist-packages/arena_battle_interfaces/msg'...
[9.070s] Compiling '/home/keepitupp/project_ws/install/arena_battle_interfaces/local/lib/python3.10/dist-packages/arena_battle_interfaces/msg/__init__.py'...
[9.070s] Compiling '/home/keepitupp/project_ws/install/arena_battle_interfaces/local/lib/python3.10/dist-packages/arena_battle_interfaces/msg/_robot_combat_command.py'...
[9.073s] -- Installing: /home/keepitupp/project_ws/install/arena_battle_interfaces/lib/libarena_battle_interfaces__rosidl_generator_py.so
[9.074s] -- Set runtime path of "/home/keepitupp/project_ws/install/arena_battle_interfaces/lib/libarena_battle_interfaces__rosidl_generator_py.so" to ""
[9.075s] -- Installing: /home/keepitupp/project_ws/install/arena_battle_interfaces/share/arena_battle_interfaces/cmake/export_arena_battle_interfaces__rosidl_generator_cExport.cmake
[9.075s] -- Installing: /home/keepitupp/project_ws/install/arena_battle_interfaces/share/arena_battle_interfaces/cmake/export_arena_battle_interfaces__rosidl_generator_cExport-noconfig.cmake
[9.076s] -- Installing: /home/keepitupp/project_ws/install/arena_battle_interfaces/share/arena_battle_interfaces/cmake/export_arena_battle_interfaces__rosidl_typesupport_fastrtps_cExport.cmake
[9.076s] -- Installing: /home/keepitupp/project_ws/install/arena_battle_interfaces/share/arena_battle_interfaces/cmake/export_arena_battle_interfaces__rosidl_typesupport_fastrtps_cExport-noconfig.cmake
[9.076s] -- Installing: /home/keepitupp/project_ws/install/arena_battle_interfaces/share/arena_battle_interfaces/cmake/arena_battle_interfaces__rosidl_typesupport_introspection_cExport.cmake
[9.076s] -- Installing: /home/keepitupp/project_ws/install/arena_battle_interfaces/share/arena_battle_interfaces/cmake/arena_battle_interfaces__rosidl_typesupport_introspection_cExport-noconfig.cmake
[9.076s] -- Installing: /home/keepitupp/project_ws/install/arena_battle_interfaces/share/arena_battle_interfaces/cmake/arena_battle_interfaces__rosidl_typesupport_cExport.cmake
[9.076s] -- Installing: /home/keepitupp/project_ws/install/arena_battle_interfaces/share/arena_battle_interfaces/cmake/arena_battle_interfaces__rosidl_typesupport_cExport-noconfig.cmake
[9.077s] -- Installing: /home/keepitupp/project_ws/install/arena_battle_interfaces/share/arena_battle_interfaces/cmake/export_arena_battle_interfaces__rosidl_generator_cppExport.cmake
[9.077s] -- Installing: /home/keepitupp/project_ws/install/arena_battle_interfaces/share/arena_battle_interfaces/cmake/export_arena_battle_interfaces__rosidl_typesupport_fastrtps_cppExport.cmake
[9.077s] -- Installing: /home/keepitupp/project_ws/install/arena_battle_interfaces/share/arena_battle_interfaces/cmake/export_arena_battle_interfaces__rosidl_typesupport_fastrtps_cppExport-noconfig.cmake
[9.077s] -- Installing: /home/keepitupp/project_ws/install/arena_battle_interfaces/share/arena_battle_interfaces/cmake/arena_battle_interfaces__rosidl_typesupport_introspection_cppExport.cmake
[9.077s] -- Installing: /home/keepitupp/project_ws/install/arena_battle_interfaces/share/arena_battle_interfaces/cmake/arena_battle_interfaces__rosidl_typesupport_introspection_cppExport-noconfig.cmake
[9.078s] -- Installing: /home/keepitupp/project_ws/install/arena_battle_interfaces/share/arena_battle_interfaces/cmake/arena_battle_interfaces__rosidl_typesupport_cppExport.cmake
[9.078s] -- Installing: /home/keepitupp/project_ws/install/arena_battle_interfaces/share/arena_battle_interfaces/cmake/arena_battle_interfaces__rosidl_typesupport_cppExport-noconfig.cmake
[9.078s] -- Installing: /home/keepitupp/project_ws/install/arena_battle_interfaces/share/arena_battle_interfaces/cmake/export_arena_battle_interfaces__rosidl_generator_pyExport.cmake
[9.078s] -- Installing: /home/keepitupp/project_ws/install/arena_battle_interfaces/share/arena_battle_interfaces/cmake/export_arena_battle_interfaces__rosidl_generator_pyExport-noconfig.cmake
[9.081s] Invoked command in '/home/keepitupp/project_ws/build/arena_battle_interfaces' returned '0': CMAKE_PREFIX_PATH=${CMAKE_PREFIX_PATH}:/home/keepitupp/project_ws/install/arena_battle:/home/keepitupp/dev_ws/install/my_package_py:/home/keepitupp/turtlebot3_ws/install/turtlebot3_teleop:/home/keepitupp/turtlebot3_ws/install/turtlebot3_example:/opt/ros/humble /usr/bin/cmake --install /home/keepitupp/project_ws/build/arena_battle_interfaces
